Archive member included to satisfy reference by file (symbol)

c:/mounriver/mounriver_studio/toolchain/risc-v embedded gcc/bin/../lib/gcc/riscv-none-embed/8.2.0/rv32imacxw/ilp32\libgcc.a(save-restore.o)
                              ./Peripheral/src/ch32x035_flash.o (__riscv_save_4)
c:/mounriver/mounriver_studio/toolchain/risc-v embedded gcc/bin/../lib/gcc/riscv-none-embed/8.2.0/../../../../riscv-none-embed/lib/rv32imacxw/ilp32\libg_nano.a(lib_a-memset.o)
                              ./User/main.o (memset)
c:/mounriver/mounriver_studio/toolchain/risc-v embedded gcc/bin/../lib/gcc/riscv-none-embed/8.2.0/../../../../riscv-none-embed/lib/rv32imacxw/ilp32\libg_nano.a(lib_a-printf.o)
                              ./User/main.o (printf)
c:/mounriver/mounriver_studio/toolchain/risc-v embedded gcc/bin/../lib/gcc/riscv-none-embed/8.2.0/../../../../riscv-none-embed/lib/rv32imacxw/ilp32\libg_nano.a(lib_a-puts.o)
                              ./User/main.o (puts)
c:/mounriver/mounriver_studio/toolchain/risc-v embedded gcc/bin/../lib/gcc/riscv-none-embed/8.2.0/../../../../riscv-none-embed/lib/rv32imacxw/ilp32\libg_nano.a(lib_a-wbuf.o)
                              c:/mounriver/mounriver_studio/toolchain/risc-v embedded gcc/bin/../lib/gcc/riscv-none-embed/8.2.0/../../../../riscv-none-embed/lib/rv32imacxw/ilp32\libg_nano.a(lib_a-puts.o) (__swbuf_r)
c:/mounriver/mounriver_studio/toolchain/risc-v embedded gcc/bin/../lib/gcc/riscv-none-embed/8.2.0/../../../../riscv-none-embed/lib/rv32imacxw/ilp32\libg_nano.a(lib_a-wsetup.o)
                              c:/mounriver/mounriver_studio/toolchain/risc-v embedded gcc/bin/../lib/gcc/riscv-none-embed/8.2.0/../../../../riscv-none-embed/lib/rv32imacxw/ilp32\libg_nano.a(lib_a-puts.o) (__swsetup_r)
c:/mounriver/mounriver_studio/toolchain/risc-v embedded gcc/bin/../lib/gcc/riscv-none-embed/8.2.0/../../../../riscv-none-embed/lib/rv32imacxw/ilp32\libg_nano.a(lib_a-fflush.o)
                              c:/mounriver/mounriver_studio/toolchain/risc-v embedded gcc/bin/../lib/gcc/riscv-none-embed/8.2.0/../../../../riscv-none-embed/lib/rv32imacxw/ilp32\libg_nano.a(lib_a-wbuf.o) (_fflush_r)
c:/mounriver/mounriver_studio/toolchain/risc-v embedded gcc/bin/../lib/gcc/riscv-none-embed/8.2.0/../../../../riscv-none-embed/lib/rv32imacxw/ilp32\libg_nano.a(lib_a-findfp.o)
                              c:/mounriver/mounriver_studio/toolchain/risc-v embedded gcc/bin/../lib/gcc/riscv-none-embed/8.2.0/../../../../riscv-none-embed/lib/rv32imacxw/ilp32\libg_nano.a(lib_a-printf.o) (__sinit)
c:/mounriver/mounriver_studio/toolchain/risc-v embedded gcc/bin/../lib/gcc/riscv-none-embed/8.2.0/../../../../riscv-none-embed/lib/rv32imacxw/ilp32\libg_nano.a(lib_a-fwalk.o)
                              c:/mounriver/mounriver_studio/toolchain/risc-v embedded gcc/bin/../lib/gcc/riscv-none-embed/8.2.0/../../../../riscv-none-embed/lib/rv32imacxw/ilp32\libg_nano.a(lib_a-findfp.o) (_fwalk)
c:/mounriver/mounriver_studio/toolchain/risc-v embedded gcc/bin/../lib/gcc/riscv-none-embed/8.2.0/../../../../riscv-none-embed/lib/rv32imacxw/ilp32\libg_nano.a(lib_a-impure.o)
                              c:/mounriver/mounriver_studio/toolchain/risc-v embedded gcc/bin/../lib/gcc/riscv-none-embed/8.2.0/../../../../riscv-none-embed/lib/rv32imacxw/ilp32\libg_nano.a(lib_a-fflush.o) (_global_impure_ptr)
c:/mounriver/mounriver_studio/toolchain/risc-v embedded gcc/bin/../lib/gcc/riscv-none-embed/8.2.0/../../../../riscv-none-embed/lib/rv32imacxw/ilp32\libg_nano.a(lib_a-makebuf.o)
                              c:/mounriver/mounriver_studio/toolchain/risc-v embedded gcc/bin/../lib/gcc/riscv-none-embed/8.2.0/../../../../riscv-none-embed/lib/rv32imacxw/ilp32\libg_nano.a(lib_a-wsetup.o) (__smakebuf_r)
c:/mounriver/mounriver_studio/toolchain/risc-v embedded gcc/bin/../lib/gcc/riscv-none-embed/8.2.0/../../../../riscv-none-embed/lib/rv32imacxw/ilp32\libg_nano.a(lib_a-nano-freer.o)
                              c:/mounriver/mounriver_studio/toolchain/risc-v embedded gcc/bin/../lib/gcc/riscv-none-embed/8.2.0/../../../../riscv-none-embed/lib/rv32imacxw/ilp32\libg_nano.a(lib_a-wsetup.o) (_free_r)
c:/mounriver/mounriver_studio/toolchain/risc-v embedded gcc/bin/../lib/gcc/riscv-none-embed/8.2.0/../../../../riscv-none-embed/lib/rv32imacxw/ilp32\libg_nano.a(lib_a-nano-mallocr.o)
                              c:/mounriver/mounriver_studio/toolchain/risc-v embedded gcc/bin/../lib/gcc/riscv-none-embed/8.2.0/../../../../riscv-none-embed/lib/rv32imacxw/ilp32\libg_nano.a(lib_a-findfp.o) (_malloc_r)
c:/mounriver/mounriver_studio/toolchain/risc-v embedded gcc/bin/../lib/gcc/riscv-none-embed/8.2.0/../../../../riscv-none-embed/lib/rv32imacxw/ilp32\libg_nano.a(lib_a-nano-vfprintf.o)
                              c:/mounriver/mounriver_studio/toolchain/risc-v embedded gcc/bin/../lib/gcc/riscv-none-embed/8.2.0/../../../../riscv-none-embed/lib/rv32imacxw/ilp32\libg_nano.a(lib_a-printf.o) (_vfprintf_r)
[...]
Memory Configuration

Name             Origin             Length             Attributes
FLASH            0x0000000000000000 0x000000000000f800 xr
RAM              0x0000000020000000 0x0000000000005000 xrw
*default*        0x0000000000000000 0xffffffffffffffff

Linker script and memory map

LOAD ./User/ch32x035_it.o
LOAD ./User/main.o
LOAD ./User/system_ch32x035.o
LOAD ./Startup/startup_ch32x035.o
LOAD ./Peripheral/src/ch32x035_adc.o
LOAD ./Peripheral/src/ch32x035_awu.o
LOAD ./Peripheral/src/ch32x035_dbgmcu.o
LOAD ./Peripheral/src/ch32x035_dma.o
LOAD ./Peripheral/src/ch32x035_exti.o
LOAD ./Peripheral/src/ch32x035_flash.o
LOAD ./Peripheral/src/ch32x035_gpio.o
LOAD ./Peripheral/src/ch32x035_i2c.o
LOAD ./Peripheral/src/ch32x035_iwdg.o
LOAD ./Peripheral/src/ch32x035_misc.o
LOAD ./Peripheral/src/ch32x035_opa.o
LOAD ./Peripheral/src/ch32x035_pwr.o
LOAD ./Peripheral/src/ch32x035_rcc.o
LOAD ./Peripheral/src/ch32x035_spi.o
LOAD ./Peripheral/src/ch32x035_tim.o
LOAD ./Peripheral/src/ch32x035_usart.o
LOAD ./Peripheral/src/ch32x035_wwdg.o
LOAD ./Debug/debug.o
LOAD ./Core/core_riscv.o
LOAD c:/mounriver/mounriver_studio/toolchain/risc-v embedded gcc/bin/../lib/gcc/riscv-none-embed/8.2.0/rv32imacxw/ilp32\libgcc.a
LOAD c:/mounriver/mounriver_studio/toolchain/risc-v embedded gcc/bin/../lib/gcc/riscv-none-embed/8.2.0/../../../../riscv-none-embed/lib/rv32imacxw/ilp32\libg_nano.a
LOAD c:/mounriver/mounriver_studio/toolchain/risc-v embedded gcc/bin/../lib/gcc/riscv-none-embed/8.2.0/../../../../riscv-none-embed/lib/rv32imacxw/ilp32\libc_nano.a
LOAD c:/mounriver/mounriver_studio/toolchain/risc-v embedded gcc/bin/../lib/gcc/riscv-none-embed/8.2.0/rv32imacxw/ilp32\libgcc.a
START GROUP
LOAD c:/mounriver/mounriver_studio/toolchain/risc-v embedded gcc/bin/../lib/gcc/riscv-none-embed/8.2.0/rv32imacxw/ilp32\libgcc.a
LOAD c:/mounriver/mounriver_studio/toolchain/risc-v embedded gcc/bin/../lib/gcc/riscv-none-embed/8.2.0/../../../../riscv-none-embed/lib/rv32imacxw/ilp32\libc_nano.a
LOAD c:/mounriver/mounriver_studio/toolchain/risc-v embedded gcc/bin/../lib/gcc/riscv-none-embed/8.2.0/../../../../riscv-none-embed/lib/rv32imacxw/ilp32\libnosys.a
END GROUP
START GROUP
LOAD c:/mounriver/mounriver_studio/toolchain/risc-v embedded gcc/bin/../lib/gcc/riscv-none-embed/8.2.0/rv32imacxw/ilp32\libgcc.a
LOAD c:/mounriver/mounriver_studio/toolchain/risc-v embedded gcc/bin/../lib/gcc/riscv-none-embed/8.2.0/../../../../riscv-none-embed/lib/rv32imacxw/ilp32\libc_nano.a
LOAD c:/mounriver/mounriver_studio/toolchain/risc-v embedded gcc/bin/../lib/gcc/riscv-none-embed/8.2.0/../../../../riscv-none-embed/lib/rv32imacxw/ilp32\libnosys.a
END GROUP
                0x0000000000000800                __stack_size = 0x800
                [!provide]                        PROVIDE (_stack_size = __stack_size)

.init           0x0000000000000000        0x4
                0x0000000000000000                _sinit = .
                0x0000000000000000                . = ALIGN (0x4)
 *(SORT_NONE(.init))
 .init          0x0000000000000000        0x4 ./Startup/startup_ch32x035.o
                0x0000000000000000                _start
                0x0000000000000004                . = ALIGN (0x4)
                0x0000000000000004                _einit = .

.vector         0x0000000000000004       0xfc
 *(.vector)
 .vector        0x0000000000000004       0xdc ./Startup/startup_ch32x035.o
                0x0000000000000100                . = ALIGN (0x40)
 *fill*         0x00000000000000e0       0x20 

.text           0x0000000000000100     0x1da4
                0x0000000000000100                . = ALIGN (0x4)
 *(.text)
 .text          0x0000000000000100       0x60 c:/mounriver/mounriver_studio/toolchain/risc-v embedded gcc/bin/../lib/gcc/riscv-none-embed/8.2.0/rv32imacxw/ilp32\libgcc.a(save-restore.o)
                0x0000000000000100                __riscv_save_12
                0x0000000000000108                __riscv_save_9
                0x0000000000000108                __riscv_save_11
                0x0000000000000108                __riscv_save_10
                0x0000000000000108                __riscv_save_8
                0x0000000000000116                __riscv_save_4
                0x0000000000000116                __riscv_save_6
                0x0000000000000116                __riscv_save_5
                0x0000000000000116                __riscv_save_7
                0x0000000000000130                __riscv_save_3
                0x0000000000000130                __riscv_save_2
                0x0000000000000130                __riscv_save_1
                0x0000000000000130                __riscv_save_0
                0x000000000000013c                __riscv_restore_12
                0x0000000000000140                __riscv_restore_11
                0x0000000000000140                __riscv_restore_9
                0x0000000000000140                __riscv_restore_10
                0x0000000000000140                __riscv_restore_8
                0x000000000000014a                __riscv_restore_5
                0x000000000000014a                __riscv_restore_7
                0x000000000000014a                __riscv_restore_6
                0x000000000000014a                __riscv_restore_4
                0x0000000000000154                __riscv_restore_3
                0x0000000000000154                __riscv_restore_0
                0x0000000000000154                __riscv_restore_2
                0x0000000000000154                __riscv_restore_1
 .text          0x0000000000000160       0xa8 c:/mounriver/mounriver_studio/toolchain/risc-v embedded gcc/bin/../lib/gcc/riscv-none-embed/8.2.0/../../../../riscv-none-embed/lib/rv32imacxw/ilp32\libg_nano.a(lib_a-memset.o)
                0x0000000000000160                memset
 *(.text.*)
 .text.NMI_Handler
                0x0000000000000208        0x4 ./User/ch32x035_it.o
                0x0000000000000208                NMI_Handler
 .text.HardFault_Handler
                0x000000000000020c        0x2 ./User/ch32x035_it.o
                0x000000000000020c                HardFault_Handler
 .text.ADC_Function_Init
                0x000000000000020e      0x15a ./User/main.o
                0x000000000000020e                ADC_Function_Init
 .text.Get_ADC_Val
                0x0000000000000368       0x28 ./User/main.o
                0x0000000000000368                Get_ADC_Val
 .text.startup.main
                0x0000000000000390       0x64 ./User/main.o
                0x0000000000000390                main
 .text.ADC1_IRQHandler
                0x00000000000003f4       0x2e ./User/main.o
                0x00000000000003f4                ADC1_IRQHandler
 .text.SystemInit
                0x0000000000000422       0x42 ./User/system_ch32x035.o
                0x0000000000000422                SystemInit
 .text.SystemCoreClockUpdate
                0x0000000000000464       0x3e ./User/system_ch32x035.o
                0x0000000000000464                SystemCoreClockUpdate
 .text.vector_handler
                0x00000000000004a2       0x5a ./Startup/startup_ch32x035.o
                0x00000000000004a6                Ecall_M_Mode_Handler
                0x00000000000004a8                Ecall_U_Mode_Handler
                0x00000000000004aa                Break_Point_Handler
                0x00000000000004ac                SysTick_Handler
                0x00000000000004ae                SW_Handler
                0x00000000000004b0                WWDG_IRQHandler
                0x00000000000004b2                PVD_IRQHandler
                0x00000000000004b4                FLASH_IRQHandler
                0x00000000000004b6                EXTI7_0_IRQHandler
                0x00000000000004b8                AWU_IRQHandler
                0x00000000000004ba                DMA1_Channel1_IRQHandler
                0x00000000000004bc                DMA1_Channel2_IRQHandler
                0x00000000000004be                DMA1_Channel3_IRQHandler
                0x00000000000004c0                DMA1_Channel4_IRQHandler
                0x00000000000004c2                DMA1_Channel5_IRQHandler
                0x00000000000004c4                DMA1_Channel6_IRQHandler
                0x00000000000004c6                DMA1_Channel7_IRQHandler
                0x00000000000004ca                I2C1_EV_IRQHandler
                0x00000000000004cc                I2C1_ER_IRQHandler
                0x00000000000004ce                USART1_IRQHandler
                0x00000000000004d0                SPI1_IRQHandler
                0x00000000000004d2                TIM1_BRK_IRQHandler
                0x00000000000004d4                TIM1_UP_IRQHandler
                0x00000000000004d6                TIM1_TRG_COM_IRQHandler
                0x00000000000004d8                TIM1_CC_IRQHandler
                0x00000000000004da                TIM2_UP_IRQHandler
                0x00000000000004dc                USART2_IRQHandler
                0x00000000000004de                EXTI15_8_IRQHandler
                0x00000000000004e0                EXTI25_16_IRQHandler
                0x00000000000004e2                USART3_IRQHandler
                0x00000000000004e4                USART4_IRQHandler
                0x00000000000004e6                DMA1_Channel8_IRQHandler
                0x00000000000004e8                USBFS_IRQHandler
                0x00000000000004ea                USBFSWakeUp_IRQHandler
                0x00000000000004ec                PIOC_IRQHandler
                0x00000000000004ee                OPA_IRQHandler
                0x00000000000004f0                USBPD_IRQHandler
                0x00000000000004f2                USBPDWakeUp_IRQHandler
                0x00000000000004f4                TIM2_CC_IRQHandler
                0x00000000000004f6                TIM2_TRG_COM_IRQHandler
                0x00000000000004f8                TIM2_BRK_IRQHandler
                0x00000000000004fa                TIM3_IRQHandler
 .text.handle_reset
                0x00000000000004fc       0x86 ./Startup/startup_ch32x035.o
                0x00000000000004fc                handle_reset
 .text.ADC_DeInit
                0x0000000000000582       0x24 ./Peripheral/src/ch32x035_adc.o
                0x0000000000000582                ADC_DeInit
 .text.ADC_Init
                0x00000000000005a6       0x56 ./Peripheral/src/ch32x035_adc.o
                0x00000000000005a6                ADC_Init
 .text.ADC_Cmd  0x00000000000005fc       0x10 ./Peripheral/src/ch32x035_adc.o
                0x00000000000005fc                ADC_Cmd
 .text.ADC_ITConfig
                0x000000000000060c       0x16 ./Peripheral/src/ch32x035_adc.o
                0x000000000000060c                ADC_ITConfig
 .text.ADC_SoftwareStartConvCmd
                0x0000000000000622       0x18 ./Peripheral/src/ch32x035_adc.o
                0x0000000000000622                ADC_SoftwareStartConvCmd
 .text.ADC_RegularChannelConfig
                0x000000000000063a       0xb8 ./Peripheral/src/ch32x035_adc.o
                0x000000000000063a                ADC_RegularChannelConfig
 .text.ADC_GetConversionValue
                0x00000000000006f2        0x8 ./Peripheral/src/ch32x035_adc.o
                0x00000000000006f2                ADC_GetConversionValue
 .text.ADC_AnalogWatchdogCmd
                0x00000000000006fa       0x12 ./Peripheral/src/ch32x035_adc.o
                0x00000000000006fa                ADC_AnalogWatchdogCmd
 .text.ADC_AnalogWatchdogThresholdsConfig
                0x000000000000070c        0x6 ./Peripheral/src/ch32x035_adc.o
                0x000000000000070c                ADC_AnalogWatchdogThresholdsConfig
 .text.ADC_AnalogWatchdog1ThresholdsConfig
                0x0000000000000712        0xc ./Peripheral/src/ch32x035_adc.o
                0x0000000000000712                ADC_AnalogWatchdog1ThresholdsConfig
 .text.ADC_AnalogWatchdog2ThresholdsConfig
                0x000000000000071e        0xc ./Peripheral/src/ch32x035_adc.o
                0x000000000000071e                ADC_AnalogWatchdog2ThresholdsConfig
 .text.ADC_AnalogWatchdog3ThresholdsConfig
                0x000000000000072a        0xc ./Peripheral/src/ch32x035_adc.o
                0x000000000000072a                ADC_AnalogWatchdog3ThresholdsConfig
 .text.ADC_GetFlagStatus
                0x0000000000000736        0xa ./Peripheral/src/ch32x035_adc.o
                0x0000000000000736                ADC_GetFlagStatus
 .text.ADC_GetITStatus
                0x0000000000000740       0x1c ./Peripheral/src/ch32x035_adc.o
                0x0000000000000740                ADC_GetITStatus
 .text.ADC_ClearITPendingBit
                0x000000000000075c        0xa ./Peripheral/src/ch32x035_adc.o
                0x000000000000075c                ADC_ClearITPendingBit
 .text.ADC_AnalogWatchdogResetCmd
                0x0000000000000766       0x12 ./Peripheral/src/ch32x035_adc.o
                0x0000000000000766                ADC_AnalogWatchdogResetCmd
 .text.ADC_AnalogWatchdogScanCmd
                0x0000000000000778       0x12 ./Peripheral/src/ch32x035_adc.o
                0x0000000000000778                ADC_AnalogWatchdogScanCmd
 .text.ADC_CLKConfig
                0x000000000000078a        0xc ./Peripheral/src/ch32x035_adc.o
                0x000000000000078a                ADC_CLKConfig
 .text.DBGMCU_GetCHIPID
                0x0000000000000796        0xa ./Peripheral/src/ch32x035_dbgmcu.o
                0x0000000000000796                DBGMCU_GetCHIPID
 .text.GPIO_Init
                0x00000000000007a0      0x16e ./Peripheral/src/ch32x035_gpio.o
                0x00000000000007a0                GPIO_Init
 .text.NVIC_PriorityGroupConfig
                0x000000000000090e        0x6 ./Peripheral/src/ch32x035_misc.o
                0x000000000000090e                NVIC_PriorityGroupConfig
 .text.NVIC_Init
                0x0000000000000914       0xa6 ./Peripheral/src/ch32x035_misc.o
                0x0000000000000914                NVIC_Init
 .text.RCC_GetClocksFreq
                0x00000000000009ba       0x3e ./Peripheral/src/ch32x035_rcc.o
                0x00000000000009ba                RCC_GetClocksFreq
 .text.RCC_APB2PeriphClockCmd
                0x00000000000009f8       0x1e ./Peripheral/src/ch32x035_rcc.o
                0x00000000000009f8                RCC_APB2PeriphClockCmd
 .text.RCC_APB2PeriphResetCmd
                0x0000000000000a16       0x1e ./Peripheral/src/ch32x035_rcc.o
                0x0000000000000a16                RCC_APB2PeriphResetCmd
 .text.USART_Init
                0x0000000000000a34       0x8e ./Peripheral/src/ch32x035_usart.o
                0x0000000000000a34                USART_Init
 .text.USART_Cmd
                0x0000000000000ac2       0x16 ./Peripheral/src/ch32x035_usart.o
                0x0000000000000ac2                USART_Cmd
 .text.USART_SendData
                0x0000000000000ad8        0x8 ./Peripheral/src/ch32x035_usart.o
                0x0000000000000ad8                USART_SendData
 .text.USART_GetFlagStatus
                0x0000000000000ae0        0xa ./Peripheral/src/ch32x035_usart.o
                0x0000000000000ae0                USART_GetFlagStatus
 .text.Delay_Init
                0x0000000000000aea       0x2a ./Debug/debug.o
                0x0000000000000aea                Delay_Init
 .text.Delay_Ms
                0x0000000000000b14       0x36 ./Debug/debug.o
                0x0000000000000b14                Delay_Ms
 .text.USART_Printf_Init
                0x0000000000000b4a       0x52 ./Debug/debug.o
                0x0000000000000b4a                USART_Printf_Init
 .text._write   0x0000000000000b9c       0x3a ./Debug/debug.o
                0x0000000000000b9c                _write
 .text._sbrk    0x0000000000000bd6       0x26 ./Debug/debug.o
                0x0000000000000bd6                _sbrk
 .text.printf   0x0000000000000bfc       0x40 c:/mounriver/mounriver_studio/toolchain/risc-v embedded gcc/bin/../lib/gcc/riscv-none-embed/8.2.0/../../../../riscv-none-embed/lib/rv32imacxw/ilp32\libg_nano.a(lib_a-printf.o)
                0x0000000000000bfc                iprintf
                0x0000000000000bfc                printf
 .text._puts_r  0x0000000000000c3c       0xd4 c:/mounriver/mounriver_studio/toolchain/risc-v embedded gcc/bin/../lib/gcc/riscv-none-embed/8.2.0/../../../../riscv-none-embed/lib/rv32imacxw/ilp32\libg_nano.a(lib_a-puts.o)
                0x0000000000000c3c                _puts_r
 .text.puts     0x0000000000000d10        0xa c:/mounriver/mounriver_studio/toolchain/risc-v embedded gcc/bin/../lib/gcc/riscv-none-embed/8.2.0/../../../../riscv-none-embed/lib/rv32imacxw/ilp32\libg_nano.a(lib_a-puts.o)
                0x0000000000000d10                puts
 .text.__swbuf_r
                0x0000000000000d1a       0xbc c:/mounriver/mounriver_studio/toolchain/risc-v embedded gcc/bin/../lib/gcc/riscv-none-embed/8.2.0/../../../../riscv-none-embed/lib/rv32imacxw/ilp32\libg_nano.a(lib_a-wbuf.o)
                0x0000000000000d1a                __swbuf_r
 .text.__swsetup_r
                0x0000000000000dd6       0xfc c:/mounriver/mounriver_studio/toolchain/risc-v embedded gcc/bin/../lib/gcc/riscv-none-embed/8.2.0/../../../../riscv-none-embed/lib/rv32imacxw/ilp32\libg_nano.a(lib_a-wsetup.o)
                0x0000000000000dd6                __swsetup_r
 .text.__sflush_r
                0x0000000000000ed2      0x130 c:/mounriver/mounriver_studio/toolchain/risc-v embedded gcc/bin/../lib/gcc/riscv-none-embed/8.2.0/../../../../riscv-none-embed/lib/rv32imacxw/ilp32\libg_nano.a(lib_a-fflush.o)
                0x0000000000000ed2                __sflush_r
 .text._fflush_r
                0x0000000000001002       0x64 c:/mounriver/mounriver_studio/toolchain/risc-v embedded gcc/bin/../lib/gcc/riscv-none-embed/8.2.0/../../../../riscv-none-embed/lib/rv32imacxw/ilp32\libg_nano.a(lib_a-fflush.o)
                0x0000000000001002                _fflush_r
 .text.std      0x0000000000001066       0x66 c:/mounriver/mounriver_studio/toolchain/risc-v embedded gcc/bin/../lib/gcc/riscv-none-embed/8.2.0/../../../../riscv-none-embed/lib/rv32imacxw/ilp32\libg_nano.a(lib_a-findfp.o)
 .text._cleanup_r
                0x00000000000010cc        0xa c:/mounriver/mounriver_studio/toolchain/risc-v embedded gcc/bin/../lib/gcc/riscv-none-embed/8.2.0/../../../../riscv-none-embed/lib/rv32imacxw/ilp32\libg_nano.a(lib_a-findfp.o)
                0x00000000000010cc                _cleanup_r
 .text.__sfmoreglue
                0x00000000000010d6       0x46 c:/mounriver/mounriver_studio/toolchain/risc-v embedded gcc/bin/../lib/gcc/riscv-none-embed/8.2.0/../../../../riscv-none-embed/lib/rv32imacxw/ilp32\libg_nano.a(lib_a-findfp.o)
                0x00000000000010d6                __sfmoreglue
 .text.__sinit  0x000000000000111c       0x66 c:/mounriver/mounriver_studio/toolchain/risc-v embedded gcc/bin/../lib/gcc/riscv-none-embed/8.2.0/../../../../riscv-none-embed/lib/rv32imacxw/ilp32\libg_nano.a(lib_a-findfp.o)
                0x000000000000111c                __sinit
 .text.__sfp    0x0000000000001182       0x9c c:/mounriver/mounriver_studio/toolchain/risc-v embedded gcc/bin/../lib/gcc/riscv-none-embed/8.2.0/../../../../riscv-none-embed/lib/rv32imacxw/ilp32\libg_nano.a(lib_a-findfp.o)
                0x0000000000001182                __sfp
 .text._fwalk_reent
                0x000000000000121e       0x6a c:/mounriver/mounriver_studio/toolchain/risc-v embedded gcc/bin/../lib/gcc/riscv-none-embed/8.2.0/../../../../riscv-none-embed/lib/rv32imacxw/ilp32\libg_nano.a(lib_a-fwalk.o)
                0x000000000000121e                _fwalk_reent
 .text.__swhatbuf_r
                0x0000000000001288       0x58 c:/mounriver/mounriver_studio/toolchain/risc-v embedded gcc/bin/../lib/gcc/riscv-none-embed/8.2.0/../../../../riscv-none-embed/lib/rv32imacxw/ilp32\libg_nano.a(lib_a-makebuf.o)
                0x0000000000001288                __swhatbuf_r
 .text.__smakebuf_r
                0x00000000000012e0       0x90 c:/mounriver/mounriver_studio/toolchain/risc-v embedded gcc/bin/../lib/gcc/riscv-none-embed/8.2.0/../../../../riscv-none-embed/lib/rv32imacxw/ilp32\libg_nano.a(lib_a-makebuf.o)
                0x00000000000012e0                __smakebuf_r
 .text._free_r  0x0000000000001370       0xa8 c:/mounriver/mounriver_studio/toolchain/risc-v embedded gcc/bin/../lib/gcc/riscv-none-embed/8.2.0/../../../../riscv-none-embed/lib/rv32imacxw/ilp32\libg_nano.a(lib_a-nano-freer.o)
                0x0000000000001370                _free_r
 .text._malloc_r
                0x0000000000001418       0xd4 c:/mounriver/mounriver_studio/toolchain/risc-v embedded gcc/bin/../lib/gcc/riscv-none-embed/8.2.0/../../../../riscv-none-embed/lib/rv32imacxw/ilp32\libg_nano.a(lib_a-nano-mallocr.o)
                0x0000000000001418                _malloc_r
 .text.__sfputc_r
                0x00000000000014ec       0x28 c:/mounriver/mounriver_studio/toolchain/risc-v embedded gcc/bin/../lib/gcc/riscv-none-embed/8.2.0/../../../../riscv-none-embed/lib/rv32imacxw/ilp32\libg_nano.a(lib_a-nano-vfprintf.o)
 .text.__sfputs_r
                0x0000000000001514       0x40 c:/mounriver/mounriver_studio/toolchain/risc-v embedded gcc/bin/../lib/gcc/riscv-none-embed/8.2.0/../../../../riscv-none-embed/lib/rv32imacxw/ilp32\libg_nano.a(lib_a-nano-vfprintf.o)
                0x0000000000001514                __sfputs_r
 .text._vfprintf_r
                0x0000000000001554      0x284 c:/mounriver/mounriver_studio/toolchain/risc-v embedded gcc/bin/../lib/gcc/riscv-none-embed/8.2.0/../../../../riscv-none-embed/lib/rv32imacxw/ilp32\libg_nano.a(lib_a-nano-vfprintf.o)
                0x0000000000001554                _vfprintf_r
                0x0000000000001554                _vfiprintf_r
 .text._printf_common
                0x00000000000017d8      0x10c c:/mounriver/mounriver_studio/toolchain/risc-v embedded gcc/bin/../lib/gcc/riscv-none-embed/8.2.0/../../../../riscv-none-embed/lib/rv32imacxw/ilp32\libg_nano.a(lib_a-nano-vfprintf_i.o)
                0x00000000000017d8                _printf_common
 .text._printf_i
                0x00000000000018e4      0x2a0 c:/mounriver/mounriver_studio/toolchain/risc-v embedded gcc/bin/../lib/gcc/riscv-none-embed/8.2.0/../../../../riscv-none-embed/lib/rv32imacxw/ilp32\libg_nano.a(lib_a-nano-vfprintf_i.o)
                0x00000000000018e4                _printf_i
 .text._sbrk_r  0x0000000000001b84       0x2a c:/mounriver/mounriver_studio/toolchain/risc-v embedded gcc/bin/../lib/gcc/riscv-none-embed/8.2.0/../../../../riscv-none-embed/lib/rv32imacxw/ilp32\libg_nano.a(lib_a-sbrkr.o)
                0x0000000000001b84                _sbrk_r
 .text.__sread  0x0000000000001bae       0x2c c:/mounriver/mounriver_studio/toolchain/risc-v embedded gcc/bin/../lib/gcc/riscv-none-embed/8.2.0/../../../../riscv-none-embed/lib/rv32imacxw/ilp32\libg_nano.a(lib_a-stdio.o)
                0x0000000000001bae                __sread
 .text.__swrite
                0x0000000000001bda       0x48 c:/mounriver/mounriver_studio/toolchain/risc-v embedded gcc/bin/../lib/gcc/riscv-none-embed/8.2.0/../../../../riscv-none-embed/lib/rv32imacxw/ilp32\libg_nano.a(lib_a-stdio.o)
                0x0000000000001bda                __swrite
 .text.__sseek  0x0000000000001c22       0x30 c:/mounriver/mounriver_studio/toolchain/risc-v embedded gcc/bin/../lib/gcc/riscv-none-embed/8.2.0/../../../../riscv-none-embed/lib/rv32imacxw/ilp32\libg_nano.a(lib_a-stdio.o)
                0x0000000000001c22                __sseek
 .text.__sclose
                0x0000000000001c52        0x6 c:/mounriver/mounriver_studio/toolchain/risc-v embedded gcc/bin/../lib/gcc/riscv-none-embed/8.2.0/../../../../riscv-none-embed/lib/rv32imacxw/ilp32\libg_nano.a(lib_a-stdio.o)
                0x0000000000001c52                __sclose
 .text._write_r
                0x0000000000001c58       0x2e c:/mounriver/mounriver_studio/toolchain/risc-v embedded gcc/bin/../lib/gcc/riscv-none-embed/8.2.0/../../../../riscv-none-embed/lib/rv32imacxw/ilp32\libg_nano.a(lib_a-writer.o)
                0x0000000000001c58                _write_r
 .text._close_r
                0x0000000000001c86       0x28 c:/mounriver/mounriver_studio/toolchain/risc-v embedded gcc/bin/../lib/gcc/riscv-none-embed/8.2.0/../../../../riscv-none-embed/lib/rv32imacxw/ilp32\libg_nano.a(lib_a-closer.o)
                0x0000000000001c86                _close_r
 .text._fstat_r
                0x0000000000001cae       0x2a c:/mounriver/mounriver_studio/toolchain/risc-v embedded gcc/bin/../lib/gcc/riscv-none-embed/8.2.0/../../../../riscv-none-embed/lib/rv32imacxw/ilp32\libg_nano.a(lib_a-fstatr.o)
                0x0000000000001cae                _fstat_r
 .text._isatty_r
                0x0000000000001cd8       0x28 c:/mounriver/mounriver_studio/toolchain/risc-v embedded gcc/bin/../lib/gcc/riscv-none-embed/8.2.0/../../../../riscv-none-embed/lib/rv32imacxw/ilp32\libg_nano.a(lib_a-isattyr.o)
                0x0000000000001cd8                _isatty_r
 .text._lseek_r
                0x0000000000001d00       0x2c c:/mounriver/mounriver_studio/toolchain/risc-v embedded gcc/bin/../lib/gcc/riscv-none-embed/8.2.0/../../../../riscv-none-embed/lib/rv32imacxw/ilp32\libg_nano.a(lib_a-lseekr.o)
                0x0000000000001d00                _lseek_r
 .text.memchr   0x0000000000001d2c       0x18 c:/mounriver/mounriver_studio/toolchain/risc-v embedded gcc/bin/../lib/gcc/riscv-none-embed/8.2.0/../../../../riscv-none-embed/lib/rv32imacxw/ilp32\libg_nano.a(lib_a-memchr.o)
                0x0000000000001d2c                memchr
 .text.__malloc_lock
                0x0000000000001d44        0x2 c:/mounriver/mounriver_studio/toolchain/risc-v embedded gcc/bin/../lib/gcc/riscv-none-embed/8.2.0/../../../../riscv-none-embed/lib/rv32imacxw/ilp32\libg_nano.a(lib_a-mlock.o)
                0x0000000000001d44                __malloc_lock
 .text.__malloc_unlock
                0x0000000000001d46        0x2 c:/mounriver/mounriver_studio/toolchain/risc-v embedded gcc/bin/../lib/gcc/riscv-none-embed/8.2.0/../../../../riscv-none-embed/lib/rv32imacxw/ilp32\libg_nano.a(lib_a-mlock.o)
                0x0000000000001d46                __malloc_unlock
 .text._read_r  0x0000000000001d48       0x2c c:/mounriver/mounriver_studio/toolchain/risc-v embedded gcc/bin/../lib/gcc/riscv-none-embed/8.2.0/../../../../riscv-none-embed/lib/rv32imacxw/ilp32\libg_nano.a(lib_a-readr.o)
                0x0000000000001d48                _read_r
 .text._close   0x0000000000001d74        0xc c:/mounriver/mounriver_studio/toolchain/risc-v embedded gcc/bin/../lib/gcc/riscv-none-embed/8.2.0/../../../../riscv-none-embed/lib/rv32imacxw/ilp32\libnosys.a(close.o)
                0x0000000000001d74                _close
 .text._fstat   0x0000000000001d80        0xc c:/mounriver/mounriver_studio/toolchain/risc-v embedded gcc/bin/../lib/gcc/riscv-none-embed/8.2.0/../../../../riscv-none-embed/lib/rv32imacxw/ilp32\libnosys.a(fstat.o)
                0x0000000000001d80                _fstat
 .text._isatty  0x0000000000001d8c        0xc c:/mounriver/mounriver_studio/toolchain/risc-v embedded gcc/bin/../lib/gcc/riscv-none-embed/8.2.0/../../../../riscv-none-embed/lib/rv32imacxw/ilp32\libnosys.a(isatty.o)
                0x0000000000001d8c                _isatty
 .text._lseek   0x0000000000001d98        0xc c:/mounriver/mounriver_studio/toolchain/risc-v embedded gcc/bin/../lib/gcc/riscv-none-embed/8.2.0/../../../../riscv-none-embed/lib/rv32imacxw/ilp32\libnosys.a(lseek.o)
                0x0000000000001d98                _lseek
 .text._read    0x0000000000001da4        0xc c:/mounriver/mounriver_studio/toolchain/risc-v embedded gcc/bin/../lib/gcc/riscv-none-embed/8.2.0/../../../../riscv-none-embed/lib/rv32imacxw/ilp32\libnosys.a(read.o)
                0x0000000000001da4                _read
 *(.rodata)
 *(.rodata*)
 *fill*         0x0000000000001db0        0x0 
 .rodata.ADC1_IRQHandler.str1.4
                0x0000000000001db0       0x20 ./User/main.o
 .rodata.ADC_Function_Init.str1.4
                0x0000000000001dd0        0xd ./User/main.o
 *fill*         0x0000000000001ddd        0x3 
 .rodata.main.str1.4
                0x0000000000001de0       0x27 ./User/main.o
 *fill*         0x0000000000001e07        0x1 
 .rodata.__sf_fake_stderr
                0x0000000000001e08       0x20 c:/mounriver/mounriver_studio/toolchain/risc-v embedded gcc/bin/../lib/gcc/riscv-none-embed/8.2.0/../../../../riscv-none-embed/lib/rv32imacxw/ilp32\libg_nano.a(lib_a-findfp.o)
                0x0000000000001e08                __sf_fake_stderr
 .rodata.__sf_fake_stdin
                0x0000000000001e28       0x20 c:/mounriver/mounriver_studio/toolchain/risc-v embedded gcc/bin/../lib/gcc/riscv-none-embed/8.2.0/../../../../riscv-none-embed/lib/rv32imacxw/ilp32\libg_nano.a(lib_a-findfp.o)
                0x0000000000001e28                __sf_fake_stdin
 .rodata.__sf_fake_stdout
                0x0000000000001e48       0x20 c:/mounriver/mounriver_studio/toolchain/risc-v embedded gcc/bin/../lib/gcc/riscv-none-embed/8.2.0/../../../../riscv-none-embed/lib/rv32imacxw/ilp32\libg_nano.a(lib_a-findfp.o)
                0x0000000000001e48                __sf_fake_stdout
 .rodata._vfprintf_r.str1.4
                0x0000000000001e68       0x13 c:/mounriver/mounriver_studio/toolchain/risc-v embedded gcc/bin/../lib/gcc/riscv-none-embed/8.2.0/../../../../riscv-none-embed/lib/rv32imacxw/ilp32\libg_nano.a(lib_a-nano-vfprintf.o)
 *fill*         0x0000000000001e7b        0x1 
 .rodata._printf_i.str1.4
                0x0000000000001e7c       0x28 c:/mounriver/mounriver_studio/toolchain/risc-v embedded gcc/bin/../lib/gcc/riscv-none-embed/8.2.0/../../../../riscv-none-embed/lib/rv32imacxw/ilp32\libg_nano.a(lib_a-nano-vfprintf_i.o)
                                         0x25 (size before relaxing)
 *(.gnu.linkonce.t.*)
                0x0000000000001ea4                . = ALIGN (0x4)

.rela.dyn       0x0000000000001ea4        0x0
 .rela.init     0x0000000000001ea4        0x0 ./User/ch32x035_it.o
 .rela.vector   0x0000000000001ea4        0x0 ./User/ch32x035_it.o
 .rela.text.handle_reset
                0x0000000000001ea4        0x0 ./User/ch32x035_it.o
 .rela.text._sbrk
                0x0000000000001ea4        0x0 ./User/ch32x035_it.o
 .rela.sdata.curbrk.4294
                0x0000000000001ea4        0x0 ./User/ch32x035_it.o
 .rela.text._vfprintf_r
                0x0000000000001ea4        0x0 ./User/ch32x035_it.o
 .rela.text._sbrk_r
                0x0000000000001ea4        0x0 ./User/ch32x035_it.o
 .rela.text._write_r
                0x0000000000001ea4        0x0 ./User/ch32x035_it.o
 .rela.text._close_r
                0x0000000000001ea4        0x0 ./User/ch32x035_it.o
 .rela.text._fstat_r
                0x0000000000001ea4        0x0 ./User/ch32x035_it.o
 .rela.text._isatty_r
                0x0000000000001ea4        0x0 ./User/ch32x035_it.o
 .rela.text._lseek_r
                0x0000000000001ea4        0x0 ./User/ch32x035_it.o
 .rela.text._read_r
                0x0000000000001ea4        0x0 ./User/ch32x035_it.o
 .rela.text._close
                0x0000000000001ea4        0x0 ./User/ch32x035_it.o
 .rela.text._fstat
                0x0000000000001ea4        0x0 ./User/ch32x035_it.o
 .rela.text._isatty
                0x0000000000001ea4        0x0 ./User/ch32x035_it.o
 .rela.text._lseek
                0x0000000000001ea4        0x0 ./User/ch32x035_it.o
 .rela.text._read
                0x0000000000001ea4        0x0 ./User/ch32x035_it.o

.fini           0x0000000000001ea4        0x0
 *(SORT_NONE(.fini))
                0x0000000000001ea4                . = ALIGN (0x4)
                [!provide]                        PROVIDE (_etext = .)
                [!provide]                        PROVIDE (_eitcm = .)

.preinit_array  0x0000000000001ea4        0x0
                [!provide]                        PROVIDE (__preinit_array_start = .)
 *(.preinit_array)
                [!provide]                        PROVIDE (__preinit_array_end = .)

.init_array     0x0000000000001ea4        0x0
                [!provide]                        PROVIDE (__init_array_start = .)
 *(SORT_BY_INIT_PRIORITY(.init_array.*) SORT_BY_INIT_PRIORITY(.ctors.*))
 *(.init_array EXCLUDE_FILE(*crtend?.o *crtend.o *crtbegin?.o *crtbegin.o) .ctors)
                [!provide]                        PROVIDE (__init_array_end = .)

.fini_array     0x0000000000001ea4        0x0
                [!provide]                        PROVIDE (__fini_array_start = .)
 *(SORT_BY_INIT_PRIORITY(.fini_array.*) SORT_BY_INIT_PRIORITY(.dtors.*))
 *(.fini_array EXCLUDE_FILE(*crtend?.o *crtend.o *crtbegin?.o *crtbegin.o) .dtors)
                [!provide]                        PROVIDE (__fini_array_end = .)

.ctors
 *crtbegin.o(.ctors)
 *crtbegin?.o(.ctors)
 *(EXCLUDE_FILE(*crtend?.o *crtend.o) .ctors)
 *(SORT_BY_NAME(.ctors.*))
 *(.ctors)

.dtors
 *crtbegin.o(.dtors)
 *crtbegin?.o(.dtors)
 *(EXCLUDE_FILE(*crtend?.o *crtend.o) .dtors)
 *(SORT_BY_NAME(.dtors.*))
 *(.dtors)

.dalign         0x0000000020000000        0x0 load address 0x0000000000001ea4
                0x0000000020000000                . = ALIGN (0x4)
                0x0000000020000000                PROVIDE (_data_vma = .)

.dlalign        0x0000000000001ea4        0x0
                0x0000000000001ea4                . = ALIGN (0x4)
                0x0000000000001ea4                PROVIDE (_data_lma = .)

.data           0x0000000020000000       0xa0 load address 0x0000000000001ea4
 *(.gnu.linkonce.r.*)
 *(.data .data.*)
 .data.AHBPrescTable
                0x0000000020000000       0x10 ./User/system_ch32x035.o
                0x0000000020000000                AHBPrescTable
 .data.APBAHBPrescTable
                0x0000000020000010       0x10 ./Peripheral/src/ch32x035_rcc.o
 .data.impure_data
                0x0000000020000020       0x60 c:/mounriver/mounriver_studio/toolchain/risc-v embedded gcc/bin/../lib/gcc/riscv-none-embed/8.2.0/../../../../riscv-none-embed/lib/rv32imacxw/ilp32\libg_nano.a(lib_a-impure.o)
 *(.gnu.linkonce.d.*)
                0x0000000020000080                . = ALIGN (0x8)
                0x0000000020000880                PROVIDE (__global_pointer$ = (. + 0x800))
 *(.sdata .sdata.*)
 .sdata.SystemCoreClock
                0x0000000020000080        0x4 ./User/system_ch32x035.o
                0x0000000020000080                SystemCoreClock
 .sdata.CFGHR_tmpA
                0x0000000020000084        0x4 ./Peripheral/src/ch32x035_gpio.o
                0x0000000020000084                CFGHR_tmpA
 .sdata.CFGHR_tmpB
                0x0000000020000088        0x4 ./Peripheral/src/ch32x035_gpio.o
                0x0000000020000088                CFGHR_tmpB
 .sdata.CFGHR_tmpC
                0x000000002000008c        0x4 ./Peripheral/src/ch32x035_gpio.o
                0x000000002000008c                CFGHR_tmpC
 .sdata.curbrk.4294
                0x0000000020000090        0x4 ./Debug/debug.o
 .sdata._impure_ptr
                0x0000000020000094        0x4 c:/mounriver/mounriver_studio/toolchain/risc-v embedded gcc/bin/../lib/gcc/riscv-none-embed/8.2.0/../../../../riscv-none-embed/lib/rv32imacxw/ilp32\libg_nano.a(lib_a-impure.o)
                0x0000000020000094                _impure_ptr
 *(.sdata2.*)
 .sdata2._global_impure_ptr
                0x0000000020000098        0x4 c:/mounriver/mounriver_studio/toolchain/risc-v embedded gcc/bin/../lib/gcc/riscv-none-embed/8.2.0/../../../../riscv-none-embed/lib/rv32imacxw/ilp32\libg_nano.a(lib_a-impure.o)
                0x0000000020000098                _global_impure_ptr
 *(.gnu.linkonce.s.*)
                0x00000000200000a0                . = ALIGN (0x8)
 *fill*         0x000000002000009c        0x4 
 *(.srodata.cst16)
 *(.srodata.cst8)
 *(.srodata.cst4)
 *(.srodata.cst2)
 *(.srodata .srodata.*)
                0x00000000200000a0                . = ALIGN (0x4)
                0x00000000200000a0                PROVIDE (_edata = .)

.bss            0x00000000200000a0       0x14 load address 0x0000000000001f44
                0x00000000200000a0                . = ALIGN (0x4)
                0x00000000200000a0                PROVIDE (_sbss = .)
 *(.sbss*)
 .sbss.NVIC_Priority_Group
                0x00000000200000a0        0x4 ./Peripheral/src/ch32x035_misc.o
                0x00000000200000a0                NVIC_Priority_Group
 .sbss.p_ms     0x00000000200000a4        0x2 ./Debug/debug.o
 .sbss.p_us     0x00000000200000a6        0x1 ./Debug/debug.o
 *fill*         0x00000000200000a7        0x1 
 .sbss.__malloc_free_list
                0x00000000200000a8        0x4 c:/mounriver/mounriver_studio/toolchain/risc-v embedded gcc/bin/../lib/gcc/riscv-none-embed/8.2.0/../../../../riscv-none-embed/lib/rv32imacxw/ilp32\libg_nano.a(lib_a-nano-mallocr.o)
                0x00000000200000a8                __malloc_free_list
 .sbss.__malloc_sbrk_start
                0x00000000200000ac        0x4 c:/mounriver/mounriver_studio/toolchain/risc-v embedded gcc/bin/../lib/gcc/riscv-none-embed/8.2.0/../../../../riscv-none-embed/lib/rv32imacxw/ilp32\libg_nano.a(lib_a-nano-mallocr.o)
                0x00000000200000ac                __malloc_sbrk_start
 *(.gnu.linkonce.sb.*)
 *(.bss*)
 *(.gnu.linkonce.b.*)
 *(COMMON*)
 COMMON         0x00000000200000b0        0x4 c:/mounriver/mounriver_studio/toolchain/risc-v embedded gcc/bin/../lib/gcc/riscv-none-embed/8.2.0/../../../../riscv-none-embed/lib/rv32imacxw/ilp32\libg_nano.a(lib_a-reent.o)
                0x00000000200000b0                errno
                0x00000000200000b4                . = ALIGN (0x4)
                0x00000000200000b4                PROVIDE (_ebss = .)
                0x00000000200000b4                PROVIDE (_end = _ebss)
                [!provide]                        PROVIDE (end = .)

.stack          0x0000000020004800      0x800
                0x0000000020004800                PROVIDE (_heap_end = .)
                0x0000000020004800                . = ALIGN (0x4)
                [!provide]                        PROVIDE (_susrstack = .)
                0x0000000020005000                . = (. + __stack_size)
 *fill*         0x0000000020004800      0x800 
                0x0000000020005000                PROVIDE (_eusrstack = .)
OUTPUT(AnalogWatchdog.elf elf32-littleriscv)

.debug_info     0x0000000000000000     0x993c
 .debug_info    0x0000000000000000      0x962 ./User/ch32x035_it.o
 .debug_info    0x0000000000000962     0x14c2 ./User/main.o
 .debug_info    0x0000000000001e24      0xb56 ./User/system_ch32x035.o
 .debug_info    0x000000000000297a       0x22 ./Startup/startup_ch32x035.o
 .debug_info    0x000000000000299c     0x15d6 ./Peripheral/src/ch32x035_adc.o
 .debug_info    0x0000000000003f72      0xa94 ./Peripheral/src/ch32x035_dbgmcu.o
 .debug_info    0x0000000000004a06     0x110e ./Peripheral/src/ch32x035_gpio.o
 .debug_info    0x0000000000005b14      0xe46 ./Peripheral/src/ch32x035_misc.o
 .debug_info    0x000000000000695a      0xd8f ./Peripheral/src/ch32x035_rcc.o
 .debug_info    0x00000000000076e9     0x1333 ./Peripheral/src/ch32x035_usart.o
 .debug_info    0x0000000000008a1c      0xf20 ./Debug/debug.o

.debug_abbrev   0x0000000000000000     0x1c73
 .debug_abbrev  0x0000000000000000      0x1cf ./User/ch32x035_it.o
 .debug_abbrev  0x00000000000001cf      0x2bc ./User/main.o
 .debug_abbrev  0x000000000000048b      0x258 ./User/system_ch32x035.o
 .debug_abbrev  0x00000000000006e3       0x12 ./Startup/startup_ch32x035.o
 .debug_abbrev  0x00000000000006f5      0x323 ./Peripheral/src/ch32x035_adc.o
 .debug_abbrev  0x0000000000000a18      0x2f7 ./Peripheral/src/ch32x035_dbgmcu.o
 .debug_abbrev  0x0000000000000d0f      0x34b ./Peripheral/src/ch32x035_gpio.o
 .debug_abbrev  0x000000000000105a      0x2fb ./Peripheral/src/ch32x035_misc.o
 .debug_abbrev  0x0000000000001355      0x326 ./Peripheral/src/ch32x035_rcc.o
 .debug_abbrev  0x000000000000167b      0x312 ./Peripheral/src/ch32x035_usart.o
 .debug_abbrev  0x000000000000198d      0x2e6 ./Debug/debug.o

.debug_aranges  0x0000000000000000      0x4b8
 .debug_aranges
                0x0000000000000000       0x28 ./User/ch32x035_it.o
 .debug_aranges
                0x0000000000000028       0x38 ./User/main.o
 .debug_aranges
                0x0000000000000060       0x28 ./User/system_ch32x035.o
 .debug_aranges
                0x0000000000000088       0x30 ./Startup/startup_ch32x035.o
 .debug_aranges
                0x00000000000000b8      0x140 ./Peripheral/src/ch32x035_adc.o
 .debug_aranges
                0x00000000000001f8       0x48 ./Peripheral/src/ch32x035_dbgmcu.o
 .debug_aranges
                0x0000000000000240       0x98 ./Peripheral/src/ch32x035_gpio.o
 .debug_aranges
                0x00000000000002d8       0x28 ./Peripheral/src/ch32x035_misc.o
 .debug_aranges
                0x0000000000000300       0x80 ./Peripheral/src/ch32x035_rcc.o
 .debug_aranges
                0x0000000000000380       0xf0 ./Peripheral/src/ch32x035_usart.o
 .debug_aranges
                0x0000000000000470       0x48 ./Debug/debug.o

.debug_ranges   0x0000000000000000      0x458
 .debug_ranges  0x0000000000000000       0x18 ./User/ch32x035_it.o
 .debug_ranges  0x0000000000000018       0x28 ./User/main.o
 .debug_ranges  0x0000000000000040       0x18 ./User/system_ch32x035.o
 .debug_ranges  0x0000000000000058       0x28 ./Startup/startup_ch32x035.o
 .debug_ranges  0x0000000000000080      0x130 ./Peripheral/src/ch32x035_adc.o
 .debug_ranges  0x00000000000001b0       0x50 ./Peripheral/src/ch32x035_dbgmcu.o
 .debug_ranges  0x0000000000000200       0x88 ./Peripheral/src/ch32x035_gpio.o
 .debug_ranges  0x0000000000000288       0x48 ./Peripheral/src/ch32x035_misc.o
 .debug_ranges  0x00000000000002d0       0x70 ./Peripheral/src/ch32x035_rcc.o
 .debug_ranges  0x0000000000000340       0xe0 ./Peripheral/src/ch32x035_usart.o
 .debug_ranges  0x0000000000000420       0x38 ./Debug/debug.o

.debug_line     0x0000000000000000     0x5d8e
 .debug_line    0x0000000000000000      0x24e ./User/ch32x035_it.o
 .debug_line    0x000000000000024e      0x77f ./User/main.o
 .debug_line    0x00000000000009cd      0x3bb ./User/system_ch32x035.o
 .debug_line    0x0000000000000d88      0x26b ./Startup/startup_ch32x035.o
 .debug_line    0x0000000000000ff3     0x158c ./Peripheral/src/ch32x035_adc.o
 .debug_line    0x000000000000257f      0x3f9 ./Peripheral/src/ch32x035_dbgmcu.o
 .debug_line    0x0000000000002978      0xfcf ./Peripheral/src/ch32x035_gpio.o
 .debug_line    0x0000000000003947      0x55f ./Peripheral/src/ch32x035_misc.o
 .debug_line    0x0000000000003ea6      0x854 ./Peripheral/src/ch32x035_rcc.o
 .debug_line    0x00000000000046fa      0xf04 ./Peripheral/src/ch32x035_usart.o
 .debug_line    0x00000000000055fe      0x790 ./Debug/debug.o

.debug_str      0x0000000000000000     0x1df4
 .debug_str     0x0000000000000000      0x574 ./User/ch32x035_it.o
                                        0x5d5 (size before relaxing)
 .debug_str     0x0000000000000574      0x842 ./User/main.o
                                        0xe05 (size before relaxing)
 .debug_str     0x0000000000000db6       0xde ./User/system_ch32x035.o
                                        0x6d3 (size before relaxing)
 .debug_str     0x0000000000000e94       0x6f ./Startup/startup_ch32x035.o
                                         0xca (size before relaxing)
 .debug_str     0x0000000000000f03      0x38f ./Peripheral/src/ch32x035_adc.o
                                        0xc65 (size before relaxing)
 .debug_str     0x0000000000001292       0xc3 ./Peripheral/src/ch32x035_dbgmcu.o
                                        0x6aa (size before relaxing)
 .debug_str     0x0000000000001355      0x261 ./Peripheral/src/ch32x035_gpio.o
                                        0x9e3 (size before relaxing)
 .debug_str     0x00000000000015b6      0x16d ./Peripheral/src/ch32x035_misc.o
                                        0xa7c (size before relaxing)
 .debug_str     0x0000000000001723      0x1f2 ./Peripheral/src/ch32x035_rcc.o
                                        0x8b4 (size before relaxing)
 .debug_str     0x0000000000001915      0x41b ./Peripheral/src/ch32x035_usart.o
                                        0xb3d (size before relaxing)
 .debug_str     0x0000000000001d30       0xc4 ./Debug/debug.o
                                        0x94d (size before relaxing)

.comment        0x0000000000000000       0x33
 .comment       0x0000000000000000       0x33 ./User/ch32x035_it.o
                                         0x34 (size before relaxing)
 .comment       0x0000000000000033       0x34 ./User/main.o
 .comment       0x0000000000000033       0x34 ./User/system_ch32x035.o
 .comment       0x0000000000000033       0x34 ./Peripheral/src/ch32x035_adc.o
 .comment       0x0000000000000033       0x34 ./Peripheral/src/ch32x035_dbgmcu.o
 .comment       0x0000000000000033       0x34 ./Peripheral/src/ch32x035_gpio.o
 .comment       0x0000000000000033       0x34 ./Peripheral/src/ch32x035_misc.o
 .comment       0x0000000000000033       0x34 ./Peripheral/src/ch32x035_rcc.o
 .comment       0x0000000000000033       0x34 ./Peripheral/src/ch32x035_usart.o
 .comment       0x0000000000000033       0x34 ./Debug/debug.o

.debug_frame    0x0000000000000000     0x11d0
 .debug_frame   0x0000000000000000       0x30 ./User/ch32x035_it.o
 .debug_frame   0x0000000000000030       0x88 ./User/main.o
 .debug_frame   0x00000000000000b8       0x30 ./User/system_ch32x035.o
 .debug_frame   0x00000000000000e8      0x27c ./Peripheral/src/ch32x035_adc.o
 .debug_frame   0x0000000000000364       0x70 ./Peripheral/src/ch32x035_dbgmcu.o
 .debug_frame   0x00000000000003d4      0x13c ./Peripheral/src/ch32x035_gpio.o
 .debug_frame   0x0000000000000510       0x30 ./Peripheral/src/ch32x035_misc.o
 .debug_frame   0x0000000000000540       0xfc ./Peripheral/src/ch32x035_rcc.o
 .debug_frame   0x000000000000063c      0x1e4 ./Peripheral/src/ch32x035_usart.o
 .debug_frame   0x0000000000000820       0x9c ./Debug/debug.o
 .debug_frame   0x00000000000008bc       0x54 c:/mounriver/mounriver_studio/toolchain/risc-v embedded gcc/bin/../lib/gcc/riscv-none-embed/8.2.0/../../../../riscv-none-embed/lib/rv32imacxw/ilp32\libg_nano.a(lib_a-printf.o)
 .debug_frame   0x0000000000000910       0x54 c:/mounriver/mounriver_studio/toolchain/risc-v embedded gcc/bin/../lib/gcc/riscv-none-embed/8.2.0/../../../../riscv-none-embed/lib/rv32imacxw/ilp32\libg_nano.a(lib_a-puts.o)
 .debug_frame   0x0000000000000964       0x50 c:/mounriver/mounriver_studio/toolchain/risc-v embedded gcc/bin/../lib/gcc/riscv-none-embed/8.2.0/../../../../riscv-none-embed/lib/rv32imacxw/ilp32\libg_nano.a(lib_a-wbuf.o)
 .debug_frame   0x00000000000009b4       0x3c c:/mounriver/mounriver_studio/toolchain/risc-v embedded gcc/bin/../lib/gcc/riscv-none-embed/8.2.0/../../../../riscv-none-embed/lib/rv32imacxw/ilp32\libg_nano.a(lib_a-wsetup.o)
 .debug_frame   0x00000000000009f0       0x7c c:/mounriver/mounriver_studio/toolchain/risc-v embedded gcc/bin/../lib/gcc/riscv-none-embed/8.2.0/../../../../riscv-none-embed/lib/rv32imacxw/ilp32\libg_nano.a(lib_a-fflush.o)
 .debug_frame   0x0000000000000a6c      0x148 c:/mounriver/mounriver_studio/toolchain/risc-v embedded gcc/bin/../lib/gcc/riscv-none-embed/8.2.0/../../../../riscv-none-embed/lib/rv32imacxw/ilp32\libg_nano.a(lib_a-findfp.o)
 .debug_frame   0x0000000000000bb4       0x88 c:/mounriver/mounriver_studio/toolchain/risc-v embedded gcc/bin/../lib/gcc/riscv-none-embed/8.2.0/../../../../riscv-none-embed/lib/rv32imacxw/ilp32\libg_nano.a(lib_a-fwalk.o)
 .debug_frame   0x0000000000000c3c       0x64 c:/mounriver/mounriver_studio/toolchain/risc-v embedded gcc/bin/../lib/gcc/riscv-none-embed/8.2.0/../../../../riscv-none-embed/lib/rv32imacxw/ilp32\libg_nano.a(lib_a-makebuf.o)
 .debug_frame   0x0000000000000ca0       0x40 c:/mounriver/mounriver_studio/toolchain/risc-v embedded gcc/bin/../lib/gcc/riscv-none-embed/8.2.0/../../../../riscv-none-embed/lib/rv32imacxw/ilp32\libg_nano.a(lib_a-nano-freer.o)
 .debug_frame   0x0000000000000ce0       0x40 c:/mounriver/mounriver_studio/toolchain/risc-v embedded gcc/bin/../lib/gcc/riscv-none-embed/8.2.0/../../../../riscv-none-embed/lib/rv32imacxw/ilp32\libg_nano.a(lib_a-nano-mallocr.o)
 .debug_frame   0x0000000000000d20       0xd0 c:/mounriver/mounriver_studio/toolchain/risc-v embedded gcc/bin/../lib/gcc/riscv-none-embed/8.2.0/../../../../riscv-none-embed/lib/rv32imacxw/ilp32\libg_nano.a(lib_a-nano-vfprintf.o)
 .debug_frame   0x0000000000000df0       0x8c c:/mounriver/mounriver_studio/toolchain/risc-v embedded gcc/bin/../lib/gcc/riscv-none-embed/8.2.0/../../../../riscv-none-embed/lib/rv32imacxw/ilp32\libg_nano.a(lib_a-nano-vfprintf_i.o)
 .debug_frame   0x0000000000000e7c       0x30 c:/mounriver/mounriver_studio/toolchain/risc-v embedded gcc/bin/../lib/gcc/riscv-none-embed/8.2.0/../../../../riscv-none-embed/lib/rv32imacxw/ilp32\libg_nano.a(lib_a-sbrkr.o)
 .debug_frame   0x0000000000000eac       0xa4 c:/mounriver/mounriver_studio/toolchain/risc-v embedded gcc/bin/../lib/gcc/riscv-none-embed/8.2.0/../../../../riscv-none-embed/lib/rv32imacxw/ilp32\libg_nano.a(lib_a-stdio.o)
 .debug_frame   0x0000000000000f50       0x30 c:/mounriver/mounriver_studio/toolchain/risc-v embedded gcc/bin/../lib/gcc/riscv-none-embed/8.2.0/../../../../riscv-none-embed/lib/rv32imacxw/ilp32\libg_nano.a(lib_a-writer.o)
 .debug_frame   0x0000000000000f80       0x30 c:/mounriver/mounriver_studio/toolchain/risc-v embedded gcc/bin/../lib/gcc/riscv-none-embed/8.2.0/../../../../riscv-none-embed/lib/rv32imacxw/ilp32\libg_nano.a(lib_a-closer.o)
 .debug_frame   0x0000000000000fb0       0x30 c:/mounriver/mounriver_studio/toolchain/risc-v embedded gcc/bin/../lib/gcc/riscv-none-embed/8.2.0/../../../../riscv-none-embed/lib/rv32imacxw/ilp32\libg_nano.a(lib_a-fstatr.o)
 .debug_frame   0x0000000000000fe0       0x30 c:/mounriver/mounriver_studio/toolchain/risc-v embedded gcc/bin/../lib/gcc/riscv-none-embed/8.2.0/../../../../riscv-none-embed/lib/rv32imacxw/ilp32\libg_nano.a(lib_a-isattyr.o)
 .debug_frame   0x0000000000001010       0x30 c:/mounriver/mounriver_studio/toolchain/risc-v embedded gcc/bin/../lib/gcc/riscv-none-embed/8.2.0/../../../../riscv-none-embed/lib/rv32imacxw/ilp32\libg_nano.a(lib_a-lseekr.o)
 .debug_frame   0x0000000000001040       0x20 c:/mounriver/mounriver_studio/toolchain/risc-v embedded gcc/bin/../lib/gcc/riscv-none-embed/8.2.0/../../../../riscv-none-embed/lib/rv32imacxw/ilp32\libg_nano.a(lib_a-memchr.o)
 .debug_frame   0x0000000000001060       0x30 c:/mounriver/mounriver_studio/toolchain/risc-v embedded gcc/bin/../lib/gcc/riscv-none-embed/8.2.0/../../../../riscv-none-embed/lib/rv32imacxw/ilp32\libg_nano.a(lib_a-mlock.o)
 .debug_frame   0x0000000000001090       0x30 c:/mounriver/mounriver_studio/toolchain/risc-v embedded gcc/bin/../lib/gcc/riscv-none-embed/8.2.0/../../../../riscv-none-embed/lib/rv32imacxw/ilp32\libg_nano.a(lib_a-readr.o)
 .debug_frame   0x00000000000010c0       0x70 c:/mounriver/mounriver_studio/toolchain/risc-v embedded gcc/bin/../lib/gcc/riscv-none-embed/8.2.0/../../../../riscv-none-embed/lib/rv32imacxw/ilp32\libg_nano.a(lib_a-reent.o)
 .debug_frame   0x0000000000001130       0x20 c:/mounriver/mounriver_studio/toolchain/risc-v embedded gcc/bin/../lib/gcc/riscv-none-embed/8.2.0/../../../../riscv-none-embed/lib/rv32imacxw/ilp32\libnosys.a(close.o)
 .debug_frame   0x0000000000001150       0x20 c:/mounriver/mounriver_studio/toolchain/risc-v embedded gcc/bin/../lib/gcc/riscv-none-embed/8.2.0/../../../../riscv-none-embed/lib/rv32imacxw/ilp32\libnosys.a(fstat.o)
 .debug_frame   0x0000000000001170       0x20 c:/mounriver/mounriver_studio/toolchain/risc-v embedded gcc/bin/../lib/gcc/riscv-none-embed/8.2.0/../../../../riscv-none-embed/lib/rv32imacxw/ilp32\libnosys.a(isatty.o)
 .debug_frame   0x0000000000001190       0x20 c:/mounriver/mounriver_studio/toolchain/risc-v embedded gcc/bin/../lib/gcc/riscv-none-embed/8.2.0/../../../../riscv-none-embed/lib/rv32imacxw/ilp32\libnosys.a(lseek.o)
 .debug_frame   0x00000000000011b0       0x20 c:/mounriver/mounriver_studio/toolchain/risc-v embedded gcc/bin/../lib/gcc/riscv-none-embed/8.2.0/../../../../riscv-none-embed/lib/rv32imacxw/ilp32\libnosys.a(read.o)

.debug_loc      0x0000000000000000     0x1f29
 .debug_loc     0x0000000000000000       0x21 ./User/main.o
 .debug_loc     0x0000000000000021       0x1f ./User/system_ch32x035.o
 .debug_loc     0x0000000000000040      0xa41 ./Peripheral/src/ch32x035_adc.o
 .debug_loc     0x0000000000000a81       0x7c ./Peripheral/src/ch32x035_dbgmcu.o
 .debug_loc     0x0000000000000afd      0x784 ./Peripheral/src/ch32x035_gpio.o
 .debug_loc     0x0000000000001281       0xce ./Peripheral/src/ch32x035_misc.o
 .debug_loc     0x000000000000134f      0x34e ./Peripheral/src/ch32x035_rcc.o
 .debug_loc     0x000000000000169d      0x715 ./Peripheral/src/ch32x035_usart.o
 .debug_loc     0x0000000000001db2      0x177 ./Debug/debug.o

.stab           0x0000000000000000       0x84
 .stab          0x0000000000000000       0x24 c:/mounriver/mounriver_studio/toolchain/risc-v embedded gcc/bin/../lib/gcc/riscv-none-embed/8.2.0/../../../../riscv-none-embed/lib/rv32imacxw/ilp32\libnosys.a(close.o)
 .stab          0x0000000000000024       0x18 c:/mounriver/mounriver_studio/toolchain/risc-v embedded gcc/bin/../lib/gcc/riscv-none-embed/8.2.0/../../../../riscv-none-embed/lib/rv32imacxw/ilp32\libnosys.a(fstat.o)
                                         0x24 (size before relaxing)
 .stab          0x000000000000003c       0x18 c:/mounriver/mounriver_studio/toolchain/risc-v embedded gcc/bin/../lib/gcc/riscv-none-embed/8.2.0/../../../../riscv-none-embed/lib/rv32imacxw/ilp32\libnosys.a(isatty.o)
                                         0x24 (size before relaxing)
 .stab          0x0000000000000054       0x18 c:/mounriver/mounriver_studio/toolchain/risc-v embedded gcc/bin/../lib/gcc/riscv-none-embed/8.2.0/../../../../riscv-none-embed/lib/rv32imacxw/ilp32\libnosys.a(lseek.o)
                                         0x24 (size before relaxing)
 .stab          0x000000000000006c       0x18 c:/mounriver/mounriver_studio/toolchain/risc-v embedded gcc/bin/../lib/gcc/riscv-none-embed/8.2.0/../../../../riscv-none-embed/lib/rv32imacxw/ilp32\libnosys.a(read.o)
                                         0x24 (size before relaxing)

.stabstr        0x0000000000000000      0x117
 .stabstr       0x0000000000000000      0x117 c:/mounriver/mounriver_studio/toolchain/risc-v embedded gcc/bin/../lib/gcc/riscv-none-embed/8.2.0/../../../../riscv-none-embed/lib/rv32imacxw/ilp32\libnosys.a(close.o)
