Archive member included to satisfy reference by file (symbol)

c:/mounriver/mounriver_studio/toolchain/risc-v embedded gcc/bin/../lib/gcc/riscv-none-embed/8.2.0/rv32imacxw/ilp32\libgcc.a(save-restore.o)
                              ./User/iap.o (__riscv_save_5)
c:/mounriver/mounriver_studio/toolchain/risc-v embedded gcc/bin/../lib/gcc/riscv-none-embed/8.2.0/../../../../riscv-none-embed/lib/rv32imacxw/ilp32\libg_nano.a(lib_a-memcpy.o)
                              ./User/ch32x035_usbfs_device.o (memcpy)
c:/mounriver/mounriver_studio/toolchain/risc-v embedded gcc/bin/../lib/gcc/riscv-none-embed/8.2.0/../../../../riscv-none-embed/lib/rv32imacxw/ilp32\libg_nano.a(lib_a-printf.o)
                              ./User/main.o (printf)
c:/mounriver/mounriver_studio/toolchain/risc-v embedded gcc/bin/../lib/gcc/riscv-none-embed/8.2.0/../../../../riscv-none-embed/lib/rv32imacxw/ilp32\libg_nano.a(lib_a-puts.o)
                              ./User/ch32x035_it.o (puts)
c:/mounriver/mounriver_studio/toolchain/risc-v embedded gcc/bin/../lib/gcc/riscv-none-embed/8.2.0/../../../../riscv-none-embed/lib/rv32imacxw/ilp32\libg_nano.a(lib_a-wbuf.o)
                              c:/mounriver/mounriver_studio/toolchain/risc-v embedded gcc/bin/../lib/gcc/riscv-none-embed/8.2.0/../../../../riscv-none-embed/lib/rv32imacxw/ilp32\libg_nano.a(lib_a-puts.o) (__swbuf_r)
c:/mounriver/mounriver_studio/toolchain/risc-v embedded gcc/bin/../lib/gcc/riscv-none-embed/8.2.0/../../../../riscv-none-embed/lib/rv32imacxw/ilp32\libg_nano.a(lib_a-wsetup.o)
                              c:/mounriver/mounriver_studio/toolchain/risc-v embedded gcc/bin/../lib/gcc/riscv-none-embed/8.2.0/../../../../riscv-none-embed/lib/rv32imacxw/ilp32\libg_nano.a(lib_a-puts.o) (__swsetup_r)
c:/mounriver/mounriver_studio/toolchain/risc-v embedded gcc/bin/../lib/gcc/riscv-none-embed/8.2.0/../../../../riscv-none-embed/lib/rv32imacxw/ilp32\libg_nano.a(lib_a-fflush.o)
                              c:/mounriver/mounriver_studio/toolchain/risc-v embedded gcc/bin/../lib/gcc/riscv-none-embed/8.2.0/../../../../riscv-none-embed/lib/rv32imacxw/ilp32\libg_nano.a(lib_a-wbuf.o) (_fflush_r)
c:/mounriver/mounriver_studio/toolchain/risc-v embedded gcc/bin/../lib/gcc/riscv-none-embed/8.2.0/../../../../riscv-none-embed/lib/rv32imacxw/ilp32\libg_nano.a(lib_a-findfp.o)
                              c:/mounriver/mounriver_studio/toolchain/risc-v embedded gcc/bin/../lib/gcc/riscv-none-embed/8.2.0/../../../../riscv-none-embed/lib/rv32imacxw/ilp32\libg_nano.a(lib_a-printf.o) (__sinit)
c:/mounriver/mounriver_studio/toolchain/risc-v embedded gcc/bin/../lib/gcc/riscv-none-embed/8.2.0/../../../../riscv-none-embed/lib/rv32imacxw/ilp32\libg_nano.a(lib_a-fwalk.o)
                              c:/mounriver/mounriver_studio/toolchain/risc-v embedded gcc/bin/../lib/gcc/riscv-none-embed/8.2.0/../../../../riscv-none-embed/lib/rv32imacxw/ilp32\libg_nano.a(lib_a-findfp.o) (_fwalk)
c:/mounriver/mounriver_studio/toolchain/risc-v embedded gcc/bin/../lib/gcc/riscv-none-embed/8.2.0/../../../../riscv-none-embed/lib/rv32imacxw/ilp32\libg_nano.a(lib_a-impure.o)
                              c:/mounriver/mounriver_studio/toolchain/risc-v embedded gcc/bin/../lib/gcc/riscv-none-embed/8.2.0/../../../../riscv-none-embed/lib/rv32imacxw/ilp32\libg_nano.a(lib_a-fflush.o) (_global_impure_ptr)
c:/mounriver/mounriver_studio/toolchain/risc-v embedded gcc/bin/../lib/gcc/riscv-none-embed/8.2.0/../../../../riscv-none-embed/lib/rv32imacxw/ilp32\libg_nano.a(lib_a-makebuf.o)
                              c:/mounriver/mounriver_studio/toolchain/risc-v embedded gcc/bin/../lib/gcc/riscv-none-embed/8.2.0/../../../../riscv-none-embed/lib/rv32imacxw/ilp32\libg_nano.a(lib_a-wsetup.o) (__smakebuf_r)
c:/mounriver/mounriver_studio/toolchain/risc-v embedded gcc/bin/../lib/gcc/riscv-none-embed/8.2.0/../../../../riscv-none-embed/lib/rv32imacxw/ilp32\libg_nano.a(lib_a-memset.o)
                              c:/mounriver/mounriver_studio/toolchain/risc-v embedded gcc/bin/../lib/gcc/riscv-none-embed/8.2.0/../../../../riscv-none-embed/lib/rv32imacxw/ilp32\libg_nano.a(lib_a-findfp.o) (memset)
c:/mounriver/mounriver_studio/toolchain/risc-v embedded gcc/bin/../lib/gcc/riscv-none-embed/8.2.0/../../../../riscv-none-embed/lib/rv32imacxw/ilp32\libg_nano.a(lib_a-nano-freer.o)
                              c:/mounriver/mounriver_studio/toolchain/risc-v embedded gcc/bin/../lib/gcc/riscv-none-embed/8.2.0/../../../../riscv-none-embed/lib/rv32imacxw/ilp32\libg_nano.a(lib_a-wsetup.o) (_free_r)
c:/mounriver/mounriver_studio/toolchain/risc-v embedded gcc/bin/../lib/gcc/riscv-none-embed/8.2.0/../../../../riscv-none-embed/lib/rv32imacxw/ilp32\libg_nano.a(lib_a-nano-mallocr.o)
                              c:/mounriver/mounriver_studio/toolchain/risc-v embedded gcc/bin/../lib/gcc/riscv-none-embed/8.2.0/../../../../riscv-none-embed/lib/rv32imacxw/ilp32\libg_nano.a(lib_a-findfp.o) (_malloc_r)
[...]
Memory Configuration

Name             Origin             Length             Attributes
FLASH            0x0000000000000000 0x000000000000f800 xr
RAM              0x0000000020000000 0x0000000000005000 xrw
*default*        0x0000000000000000 0xffffffffffffffff

Linker script and memory map

LOAD ./User/ch32x035_it.o
LOAD ./User/ch32x035_usbfs_device.o
LOAD ./User/iap.o
LOAD ./User/main.o
LOAD ./User/system_ch32x035.o
LOAD ./Startup/startup_ch32x035.o
LOAD ./Peripheral/src/ch32x035_adc.o
LOAD ./Peripheral/src/ch32x035_awu.o
LOAD ./Peripheral/src/ch32x035_dbgmcu.o
LOAD ./Peripheral/src/ch32x035_dma.o
LOAD ./Peripheral/src/ch32x035_exti.o
LOAD ./Peripheral/src/ch32x035_flash.o
LOAD ./Peripheral/src/ch32x035_gpio.o
LOAD ./Peripheral/src/ch32x035_i2c.o
LOAD ./Peripheral/src/ch32x035_iwdg.o
LOAD ./Peripheral/src/ch32x035_misc.o
LOAD ./Peripheral/src/ch32x035_opa.o
LOAD ./Peripheral/src/ch32x035_pwr.o
LOAD ./Peripheral/src/ch32x035_rcc.o
LOAD ./Peripheral/src/ch32x035_spi.o
LOAD ./Peripheral/src/ch32x035_tim.o
LOAD ./Peripheral/src/ch32x035_usart.o
LOAD ./Peripheral/src/ch32x035_wwdg.o
LOAD ./Debug/debug.o
LOAD ./Core/core_riscv.o
LOAD c:/mounriver/mounriver_studio/toolchain/risc-v embedded gcc/bin/../lib/gcc/riscv-none-embed/8.2.0/rv32imacxw/ilp32\libgcc.a
LOAD c:/mounriver/mounriver_studio/toolchain/risc-v embedded gcc/bin/../lib/gcc/riscv-none-embed/8.2.0/../../../../riscv-none-embed/lib/rv32imacxw/ilp32\libg_nano.a
LOAD c:/mounriver/mounriver_studio/toolchain/risc-v embedded gcc/bin/../lib/gcc/riscv-none-embed/8.2.0/../../../../riscv-none-embed/lib/rv32imacxw/ilp32\libc_nano.a
LOAD c:/mounriver/mounriver_studio/toolchain/risc-v embedded gcc/bin/../lib/gcc/riscv-none-embed/8.2.0/rv32imacxw/ilp32\libgcc.a
START GROUP
LOAD c:/mounriver/mounriver_studio/toolchain/risc-v embedded gcc/bin/../lib/gcc/riscv-none-embed/8.2.0/rv32imacxw/ilp32\libgcc.a
LOAD c:/mounriver/mounriver_studio/toolchain/risc-v embedded gcc/bin/../lib/gcc/riscv-none-embed/8.2.0/../../../../riscv-none-embed/lib/rv32imacxw/ilp32\libc_nano.a
LOAD c:/mounriver/mounriver_studio/toolchain/risc-v embedded gcc/bin/../lib/gcc/riscv-none-embed/8.2.0/../../../../riscv-none-embed/lib/rv32imacxw/ilp32\libnosys.a
END GROUP
START GROUP
LOAD c:/mounriver/mounriver_studio/toolchain/risc-v embedded gcc/bin/../lib/gcc/riscv-none-embed/8.2.0/rv32imacxw/ilp32\libgcc.a
LOAD c:/mounriver/mounriver_studio/toolchain/risc-v embedded gcc/bin/../lib/gcc/riscv-none-embed/8.2.0/../../../../riscv-none-embed/lib/rv32imacxw/ilp32\libc_nano.a
LOAD c:/mounriver/mounriver_studio/toolchain/risc-v embedded gcc/bin/../lib/gcc/riscv-none-embed/8.2.0/../../../../riscv-none-embed/lib/rv32imacxw/ilp32\libnosys.a
END GROUP
                0x0000000000000800                __stack_size = 0x800
                [!provide]                        PROVIDE (_stack_size = __stack_size)

.init           0x0000000000000000        0x4
                0x0000000000000000                _sinit = .
                0x0000000000000000                . = ALIGN (0x4)
 *(SORT_NONE(.init))
 .init          0x0000000000000000        0x4 ./Startup/startup_ch32x035.o
                0x0000000000000000                _start
                0x0000000000000004                . = ALIGN (0x4)
                0x0000000000000004                _einit = .

.vector         0x0000000000000004       0xfc
 *(.vector)
 .vector        0x0000000000000004       0xdc ./Startup/startup_ch32x035.o
                0x0000000000000100                . = ALIGN (0x40)
 *fill*         0x00000000000000e0       0x20 

.text           0x0000000000000100     0x25d8
                0x0000000000000100                . = ALIGN (0x4)
 *(.text)
 .text          0x0000000000000100       0x60 c:/mounriver/mounriver_studio/toolchain/risc-v embedded gcc/bin/../lib/gcc/riscv-none-embed/8.2.0/rv32imacxw/ilp32\libgcc.a(save-restore.o)
                0x0000000000000100                __riscv_save_12
                0x0000000000000108                __riscv_save_9
                0x0000000000000108                __riscv_save_11
                0x0000000000000108                __riscv_save_10
                0x0000000000000108                __riscv_save_8
                0x0000000000000116                __riscv_save_4
                0x0000000000000116                __riscv_save_6
                0x0000000000000116                __riscv_save_5
                0x0000000000000116                __riscv_save_7
                0x0000000000000130                __riscv_save_3
                0x0000000000000130                __riscv_save_2
                0x0000000000000130                __riscv_save_1
                0x0000000000000130                __riscv_save_0
                0x000000000000013c                __riscv_restore_12
                0x0000000000000140                __riscv_restore_11
                0x0000000000000140                __riscv_restore_9
                0x0000000000000140                __riscv_restore_10
                0x0000000000000140                __riscv_restore_8
                0x000000000000014a                __riscv_restore_5
                0x000000000000014a                __riscv_restore_7
                0x000000000000014a                __riscv_restore_6
                0x000000000000014a                __riscv_restore_4
                0x0000000000000154                __riscv_restore_3
                0x0000000000000154                __riscv_restore_0
                0x0000000000000154                __riscv_restore_2
                0x0000000000000154                __riscv_restore_1
 .text          0x0000000000000160       0xa8 c:/mounriver/mounriver_studio/toolchain/risc-v embedded gcc/bin/../lib/gcc/riscv-none-embed/8.2.0/../../../../riscv-none-embed/lib/rv32imacxw/ilp32\libg_nano.a(lib_a-memset.o)
                0x0000000000000160                memset
 *(.text.*)
 .text.NMI_Handler
                0x0000000000000208        0x4 ./User/ch32x035_it.o
                0x0000000000000208                NMI_Handler
 .text.HardFault_Handler
                0x000000000000020c        0xe ./User/ch32x035_it.o
                0x000000000000020c                HardFault_Handler
 .text.USBFS_RCC_Init
                0x000000000000021a       0x16 ./User/ch32x035_usbfs_device.o
                0x000000000000021a                USBFS_RCC_Init
 .text.USBFS_Device_Endp_Init
                0x0000000000000230       0x72 ./User/ch32x035_usbfs_device.o
                0x0000000000000230                USBFS_Device_Endp_Init
 .text.GPIO_USB_INIT
                0x00000000000002a2       0x48 ./User/ch32x035_usbfs_device.o
                0x00000000000002a2                GPIO_USB_INIT
 .text.USBFS_Device_Init
                0x00000000000002ea       0x62 ./User/ch32x035_usbfs_device.o
                0x00000000000002ea                USBFS_Device_Init
 .text.DevEP2_IN_Deal
                0x000000000000034c       0x1c ./User/ch32x035_usbfs_device.o
                0x000000000000034c                DevEP2_IN_Deal
 .text.DevEP2_OUT_Deal
                0x0000000000000368       0x38 ./User/ch32x035_usbfs_device.o
                0x0000000000000368                DevEP2_OUT_Deal
 .text.USBFS_IRQHandler
                0x00000000000003a0      0x4a6 ./User/ch32x035_usbfs_device.o
                0x00000000000003a0                USBFS_IRQHandler
 .text.CH32_IAP_Program
                0x0000000000000846       0x2c ./User/iap.o
                0x0000000000000846                CH32_IAP_Program
 .text.RecData_Deal
                0x0000000000000872      0x162 ./User/iap.o
                0x0000000000000872                RecData_Deal
 .text.GPIO_Cfg_init
                0x00000000000009d4       0x30 ./User/iap.o
                0x00000000000009d4                GPIO_Cfg_init
 .text.GPIO_Cfg_Float
                0x0000000000000a04       0x22 ./User/iap.o
                0x0000000000000a04                GPIO_Cfg_Float
 .text.PA0_Check
                0x0000000000000a26       0x36 ./User/iap.o
                0x0000000000000a26                PA0_Check
 .text.USART2_CFG
                0x0000000000000a5c       0x78 ./User/iap.o
                0x0000000000000a5c                USART2_CFG
 .text.UART2_SendData
                0x0000000000000ad4       0x28 ./User/iap.o
                0x0000000000000ad4                UART2_SendData
 .text.Uart2_Rx
                0x0000000000000afc       0x28 ./User/iap.o
                0x0000000000000afc                Uart2_Rx
 .text.UART_Rx_Deal
                0x0000000000000b24       0x9c ./User/iap.o
                0x0000000000000b24                UART_Rx_Deal
 .text.SW_Handler
                0x0000000000000bc0        0x6 ./User/iap.o
                0x0000000000000bc0                SW_Handler
 .text.IAP_2_APP
                0x0000000000000bc6       0x48 ./User/main.o
                0x0000000000000bc6                IAP_2_APP
 .text.startup.main
                0x0000000000000c0e       0x70 ./User/main.o
                0x0000000000000c0e                main
 .text.SystemInit
                0x0000000000000c7e       0x42 ./User/system_ch32x035.o
                0x0000000000000c7e                SystemInit
 .text.SystemCoreClockUpdate
                0x0000000000000cc0       0x3a ./User/system_ch32x035.o
                0x0000000000000cc0                SystemCoreClockUpdate
 .text.vector_handler
                0x0000000000000cfa       0x5a ./Startup/startup_ch32x035.o
                0x0000000000000cfe                Ecall_M_Mode_Handler
                0x0000000000000d00                Ecall_U_Mode_Handler
                0x0000000000000d02                Break_Point_Handler
                0x0000000000000d04                SysTick_Handler
                0x0000000000000d08                WWDG_IRQHandler
                0x0000000000000d0a                PVD_IRQHandler
                0x0000000000000d0c                FLASH_IRQHandler
                0x0000000000000d0e                EXTI7_0_IRQHandler
                0x0000000000000d10                AWU_IRQHandler
                0x0000000000000d12                DMA1_Channel1_IRQHandler
                0x0000000000000d14                DMA1_Channel2_IRQHandler
                0x0000000000000d16                DMA1_Channel3_IRQHandler
                0x0000000000000d18                DMA1_Channel4_IRQHandler
                0x0000000000000d1a                DMA1_Channel5_IRQHandler
                0x0000000000000d1c                DMA1_Channel6_IRQHandler
                0x0000000000000d1e                DMA1_Channel7_IRQHandler
                0x0000000000000d20                ADC1_IRQHandler
                0x0000000000000d22                I2C1_EV_IRQHandler
                0x0000000000000d24                I2C1_ER_IRQHandler
                0x0000000000000d26                USART1_IRQHandler
                0x0000000000000d28                SPI1_IRQHandler
                0x0000000000000d2a                TIM1_BRK_IRQHandler
                0x0000000000000d2c                TIM1_UP_IRQHandler
                0x0000000000000d2e                TIM1_TRG_COM_IRQHandler
                0x0000000000000d30                TIM1_CC_IRQHandler
                0x0000000000000d32                TIM2_UP_IRQHandler
                0x0000000000000d34                USART2_IRQHandler
                0x0000000000000d36                EXTI15_8_IRQHandler
                0x0000000000000d38                EXTI25_16_IRQHandler
                0x0000000000000d3a                USART3_IRQHandler
                0x0000000000000d3c                USART4_IRQHandler
                0x0000000000000d3e                DMA1_Channel8_IRQHandler
                0x0000000000000d42                USBFSWakeUp_IRQHandler
                0x0000000000000d44                PIOC_IRQHandler
                0x0000000000000d46                OPA_IRQHandler
                0x0000000000000d48                USBPD_IRQHandler
                0x0000000000000d4a                USBPDWakeUp_IRQHandler
                0x0000000000000d4c                TIM2_CC_IRQHandler
                0x0000000000000d4e                TIM2_TRG_COM_IRQHandler
                0x0000000000000d50                TIM2_BRK_IRQHandler
                0x0000000000000d52                TIM3_IRQHandler
 .text.handle_reset
                0x0000000000000d54       0x86 ./Startup/startup_ch32x035.o
                0x0000000000000d54                handle_reset
 .text.DBGMCU_GetCHIPID
                0x0000000000000dda        0xa ./Peripheral/src/ch32x035_dbgmcu.o
                0x0000000000000dda                DBGMCU_GetCHIPID
 .text.FLASH_Unlock_Fast
                0x0000000000000de4       0x1e ./Peripheral/src/ch32x035_flash.o
                0x0000000000000de4                FLASH_Unlock_Fast
 .text.FLASH_BufReset
                0x0000000000000e02       0x28 ./Peripheral/src/ch32x035_flash.o
                0x0000000000000e02                FLASH_BufReset
 .text.FLASH_BufLoad
                0x0000000000000e2a       0x2a ./Peripheral/src/ch32x035_flash.o
                0x0000000000000e2a                FLASH_BufLoad
 .text.FLASH_ErasePage_Fast
                0x0000000000000e54       0x2a ./Peripheral/src/ch32x035_flash.o
                0x0000000000000e54                FLASH_ErasePage_Fast
 .text.FLASH_ProgramPage_Fast
                0x0000000000000e7e       0x28 ./Peripheral/src/ch32x035_flash.o
                0x0000000000000e7e                FLASH_ProgramPage_Fast
 .text.GPIO_DeInit
                0x0000000000000ea6       0x44 ./Peripheral/src/ch32x035_gpio.o
                0x0000000000000ea6                GPIO_DeInit
 .text.GPIO_AFIODeInit
                0x0000000000000eea       0x14 ./Peripheral/src/ch32x035_gpio.o
                0x0000000000000eea                GPIO_AFIODeInit
 .text.GPIO_Init
                0x0000000000000efe      0x16e ./Peripheral/src/ch32x035_gpio.o
                0x0000000000000efe                GPIO_Init
 .text.GPIO_ReadInputDataBit
                0x000000000000106c        0xa ./Peripheral/src/ch32x035_gpio.o
                0x000000000000106c                GPIO_ReadInputDataBit
 .text.RCC_GetClocksFreq
                0x0000000000001076       0x3e ./Peripheral/src/ch32x035_rcc.o
                0x0000000000001076                RCC_GetClocksFreq
 .text.RCC_AHBPeriphClockCmd
                0x00000000000010b4       0x1e ./Peripheral/src/ch32x035_rcc.o
                0x00000000000010b4                RCC_AHBPeriphClockCmd
 .text.RCC_APB2PeriphClockCmd
                0x00000000000010d2       0x1e ./Peripheral/src/ch32x035_rcc.o
                0x00000000000010d2                RCC_APB2PeriphClockCmd
 .text.RCC_APB1PeriphClockCmd
                0x00000000000010f0       0x1e ./Peripheral/src/ch32x035_rcc.o
                0x00000000000010f0                RCC_APB1PeriphClockCmd
 .text.RCC_APB2PeriphResetCmd
                0x000000000000110e       0x1e ./Peripheral/src/ch32x035_rcc.o
                0x000000000000110e                RCC_APB2PeriphResetCmd
 .text.USART_Init
                0x000000000000112c       0x8e ./Peripheral/src/ch32x035_usart.o
                0x000000000000112c                USART_Init
 .text.USART_Cmd
                0x00000000000011ba       0x16 ./Peripheral/src/ch32x035_usart.o
                0x00000000000011ba                USART_Cmd
 .text.USART_SendData
                0x00000000000011d0        0x8 ./Peripheral/src/ch32x035_usart.o
                0x00000000000011d0                USART_SendData
 .text.USART_ReceiveData
                0x00000000000011d8        0x8 ./Peripheral/src/ch32x035_usart.o
                0x00000000000011d8                USART_ReceiveData
 .text.USART_GetFlagStatus
                0x00000000000011e0        0xa ./Peripheral/src/ch32x035_usart.o
                0x00000000000011e0                USART_GetFlagStatus
 .text.Delay_Init
                0x00000000000011ea       0x26 ./Debug/debug.o
                0x00000000000011ea                Delay_Init
 .text.Delay_Us
                0x0000000000001210       0x36 ./Debug/debug.o
                0x0000000000001210                Delay_Us
 .text.Delay_Ms
                0x0000000000001246       0x36 ./Debug/debug.o
                0x0000000000001246                Delay_Ms
 .text.USART_Printf_Init
                0x000000000000127c       0x52 ./Debug/debug.o
                0x000000000000127c                USART_Printf_Init
 .text._write   0x00000000000012ce       0x3a ./Debug/debug.o
                0x00000000000012ce                _write
 .text._sbrk    0x0000000000001308       0x26 ./Debug/debug.o
                0x0000000000001308                _sbrk
 .text.memcpy   0x000000000000132e       0xb2 c:/mounriver/mounriver_studio/toolchain/risc-v embedded gcc/bin/../lib/gcc/riscv-none-embed/8.2.0/../../../../riscv-none-embed/lib/rv32imacxw/ilp32\libg_nano.a(lib_a-memcpy.o)
                0x000000000000132e                memcpy
 .text.printf   0x00000000000013e0       0x40 c:/mounriver/mounriver_studio/toolchain/risc-v embedded gcc/bin/../lib/gcc/riscv-none-embed/8.2.0/../../../../riscv-none-embed/lib/rv32imacxw/ilp32\libg_nano.a(lib_a-printf.o)
                0x00000000000013e0                iprintf
                0x00000000000013e0                printf
 .text._puts_r  0x0000000000001420       0xd4 c:/mounriver/mounriver_studio/toolchain/risc-v embedded gcc/bin/../lib/gcc/riscv-none-embed/8.2.0/../../../../riscv-none-embed/lib/rv32imacxw/ilp32\libg_nano.a(lib_a-puts.o)
                0x0000000000001420                _puts_r
 .text.puts     0x00000000000014f4        0xa c:/mounriver/mounriver_studio/toolchain/risc-v embedded gcc/bin/../lib/gcc/riscv-none-embed/8.2.0/../../../../riscv-none-embed/lib/rv32imacxw/ilp32\libg_nano.a(lib_a-puts.o)
                0x00000000000014f4                puts
 .text.__swbuf_r
                0x00000000000014fe       0xbc c:/mounriver/mounriver_studio/toolchain/risc-v embedded gcc/bin/../lib/gcc/riscv-none-embed/8.2.0/../../../../riscv-none-embed/lib/rv32imacxw/ilp32\libg_nano.a(lib_a-wbuf.o)
                0x00000000000014fe                __swbuf_r
 .text.__swsetup_r
                0x00000000000015ba       0xfc c:/mounriver/mounriver_studio/toolchain/risc-v embedded gcc/bin/../lib/gcc/riscv-none-embed/8.2.0/../../../../riscv-none-embed/lib/rv32imacxw/ilp32\libg_nano.a(lib_a-wsetup.o)
                0x00000000000015ba                __swsetup_r
 .text.__sflush_r
                0x00000000000016b6      0x130 c:/mounriver/mounriver_studio/toolchain/risc-v embedded gcc/bin/../lib/gcc/riscv-none-embed/8.2.0/../../../../riscv-none-embed/lib/rv32imacxw/ilp32\libg_nano.a(lib_a-fflush.o)
                0x00000000000016b6                __sflush_r
 .text._fflush_r
                0x00000000000017e6       0x64 c:/mounriver/mounriver_studio/toolchain/risc-v embedded gcc/bin/../lib/gcc/riscv-none-embed/8.2.0/../../../../riscv-none-embed/lib/rv32imacxw/ilp32\libg_nano.a(lib_a-fflush.o)
                0x00000000000017e6                _fflush_r
 .text.std      0x000000000000184a       0x66 c:/mounriver/mounriver_studio/toolchain/risc-v embedded gcc/bin/../lib/gcc/riscv-none-embed/8.2.0/../../../../riscv-none-embed/lib/rv32imacxw/ilp32\libg_nano.a(lib_a-findfp.o)
 .text._cleanup_r
                0x00000000000018b0        0xa c:/mounriver/mounriver_studio/toolchain/risc-v embedded gcc/bin/../lib/gcc/riscv-none-embed/8.2.0/../../../../riscv-none-embed/lib/rv32imacxw/ilp32\libg_nano.a(lib_a-findfp.o)
                0x00000000000018b0                _cleanup_r
 .text.__sfmoreglue
                0x00000000000018ba       0x46 c:/mounriver/mounriver_studio/toolchain/risc-v embedded gcc/bin/../lib/gcc/riscv-none-embed/8.2.0/../../../../riscv-none-embed/lib/rv32imacxw/ilp32\libg_nano.a(lib_a-findfp.o)
                0x00000000000018ba                __sfmoreglue
 .text.__sinit  0x0000000000001900       0x66 c:/mounriver/mounriver_studio/toolchain/risc-v embedded gcc/bin/../lib/gcc/riscv-none-embed/8.2.0/../../../../riscv-none-embed/lib/rv32imacxw/ilp32\libg_nano.a(lib_a-findfp.o)
                0x0000000000001900                __sinit
 .text.__sfp    0x0000000000001966       0x9c c:/mounriver/mounriver_studio/toolchain/risc-v embedded gcc/bin/../lib/gcc/riscv-none-embed/8.2.0/../../../../riscv-none-embed/lib/rv32imacxw/ilp32\libg_nano.a(lib_a-findfp.o)
                0x0000000000001966                __sfp
 .text._fwalk_reent
                0x0000000000001a02       0x6a c:/mounriver/mounriver_studio/toolchain/risc-v embedded gcc/bin/../lib/gcc/riscv-none-embed/8.2.0/../../../../riscv-none-embed/lib/rv32imacxw/ilp32\libg_nano.a(lib_a-fwalk.o)
                0x0000000000001a02                _fwalk_reent
 .text.__swhatbuf_r
                0x0000000000001a6c       0x58 c:/mounriver/mounriver_studio/toolchain/risc-v embedded gcc/bin/../lib/gcc/riscv-none-embed/8.2.0/../../../../riscv-none-embed/lib/rv32imacxw/ilp32\libg_nano.a(lib_a-makebuf.o)
                0x0000000000001a6c                __swhatbuf_r
 .text.__smakebuf_r
                0x0000000000001ac4       0x90 c:/mounriver/mounriver_studio/toolchain/risc-v embedded gcc/bin/../lib/gcc/riscv-none-embed/8.2.0/../../../../riscv-none-embed/lib/rv32imacxw/ilp32\libg_nano.a(lib_a-makebuf.o)
                0x0000000000001ac4                __smakebuf_r
 .text._free_r  0x0000000000001b54       0xa8 c:/mounriver/mounriver_studio/toolchain/risc-v embedded gcc/bin/../lib/gcc/riscv-none-embed/8.2.0/../../../../riscv-none-embed/lib/rv32imacxw/ilp32\libg_nano.a(lib_a-nano-freer.o)
                0x0000000000001b54                _free_r
 .text._malloc_r
                0x0000000000001bfc       0xd4 c:/mounriver/mounriver_studio/toolchain/risc-v embedded gcc/bin/../lib/gcc/riscv-none-embed/8.2.0/../../../../riscv-none-embed/lib/rv32imacxw/ilp32\libg_nano.a(lib_a-nano-mallocr.o)
                0x0000000000001bfc                _malloc_r
 .text.__sfputc_r
                0x0000000000001cd0       0x28 c:/mounriver/mounriver_studio/toolchain/risc-v embedded gcc/bin/../lib/gcc/riscv-none-embed/8.2.0/../../../../riscv-none-embed/lib/rv32imacxw/ilp32\libg_nano.a(lib_a-nano-vfprintf.o)
 .text.__sfputs_r
                0x0000000000001cf8       0x40 c:/mounriver/mounriver_studio/toolchain/risc-v embedded gcc/bin/../lib/gcc/riscv-none-embed/8.2.0/../../../../riscv-none-embed/lib/rv32imacxw/ilp32\libg_nano.a(lib_a-nano-vfprintf.o)
                0x0000000000001cf8                __sfputs_r
 .text._vfprintf_r
                0x0000000000001d38      0x286 c:/mounriver/mounriver_studio/toolchain/risc-v embedded gcc/bin/../lib/gcc/riscv-none-embed/8.2.0/../../../../riscv-none-embed/lib/rv32imacxw/ilp32\libg_nano.a(lib_a-nano-vfprintf.o)
                0x0000000000001d38                _vfprintf_r
                0x0000000000001d38                _vfiprintf_r
 .text._printf_common
                0x0000000000001fbe      0x10c c:/mounriver/mounriver_studio/toolchain/risc-v embedded gcc/bin/../lib/gcc/riscv-none-embed/8.2.0/../../../../riscv-none-embed/lib/rv32imacxw/ilp32\libg_nano.a(lib_a-nano-vfprintf_i.o)
                0x0000000000001fbe                _printf_common
 .text._printf_i
                0x00000000000020ca      0x2a0 c:/mounriver/mounriver_studio/toolchain/risc-v embedded gcc/bin/../lib/gcc/riscv-none-embed/8.2.0/../../../../riscv-none-embed/lib/rv32imacxw/ilp32\libg_nano.a(lib_a-nano-vfprintf_i.o)
                0x00000000000020ca                _printf_i
 .text._sbrk_r  0x000000000000236a       0x2a c:/mounriver/mounriver_studio/toolchain/risc-v embedded gcc/bin/../lib/gcc/riscv-none-embed/8.2.0/../../../../riscv-none-embed/lib/rv32imacxw/ilp32\libg_nano.a(lib_a-sbrkr.o)
                0x000000000000236a                _sbrk_r
 .text.__sread  0x0000000000002394       0x2c c:/mounriver/mounriver_studio/toolchain/risc-v embedded gcc/bin/../lib/gcc/riscv-none-embed/8.2.0/../../../../riscv-none-embed/lib/rv32imacxw/ilp32\libg_nano.a(lib_a-stdio.o)
                0x0000000000002394                __sread
 .text.__swrite
                0x00000000000023c0       0x48 c:/mounriver/mounriver_studio/toolchain/risc-v embedded gcc/bin/../lib/gcc/riscv-none-embed/8.2.0/../../../../riscv-none-embed/lib/rv32imacxw/ilp32\libg_nano.a(lib_a-stdio.o)
                0x00000000000023c0                __swrite
 .text.__sseek  0x0000000000002408       0x30 c:/mounriver/mounriver_studio/toolchain/risc-v embedded gcc/bin/../lib/gcc/riscv-none-embed/8.2.0/../../../../riscv-none-embed/lib/rv32imacxw/ilp32\libg_nano.a(lib_a-stdio.o)
                0x0000000000002408                __sseek
 .text.__sclose
                0x0000000000002438        0x6 c:/mounriver/mounriver_studio/toolchain/risc-v embedded gcc/bin/../lib/gcc/riscv-none-embed/8.2.0/../../../../riscv-none-embed/lib/rv32imacxw/ilp32\libg_nano.a(lib_a-stdio.o)
                0x0000000000002438                __sclose
 .text._write_r
                0x000000000000243e       0x2e c:/mounriver/mounriver_studio/toolchain/risc-v embedded gcc/bin/../lib/gcc/riscv-none-embed/8.2.0/../../../../riscv-none-embed/lib/rv32imacxw/ilp32\libg_nano.a(lib_a-writer.o)
                0x000000000000243e                _write_r
 .text._close_r
                0x000000000000246c       0x28 c:/mounriver/mounriver_studio/toolchain/risc-v embedded gcc/bin/../lib/gcc/riscv-none-embed/8.2.0/../../../../riscv-none-embed/lib/rv32imacxw/ilp32\libg_nano.a(lib_a-closer.o)
                0x000000000000246c                _close_r
 .text._fstat_r
                0x0000000000002494       0x2a c:/mounriver/mounriver_studio/toolchain/risc-v embedded gcc/bin/../lib/gcc/riscv-none-embed/8.2.0/../../../../riscv-none-embed/lib/rv32imacxw/ilp32\libg_nano.a(lib_a-fstatr.o)
                0x0000000000002494                _fstat_r
 .text._isatty_r
                0x00000000000024be       0x28 c:/mounriver/mounriver_studio/toolchain/risc-v embedded gcc/bin/../lib/gcc/riscv-none-embed/8.2.0/../../../../riscv-none-embed/lib/rv32imacxw/ilp32\libg_nano.a(lib_a-isattyr.o)
                0x00000000000024be                _isatty_r
 .text._lseek_r
                0x00000000000024e6       0x2c c:/mounriver/mounriver_studio/toolchain/risc-v embedded gcc/bin/../lib/gcc/riscv-none-embed/8.2.0/../../../../riscv-none-embed/lib/rv32imacxw/ilp32\libg_nano.a(lib_a-lseekr.o)
                0x00000000000024e6                _lseek_r
 .text.memchr   0x0000000000002512       0x18 c:/mounriver/mounriver_studio/toolchain/risc-v embedded gcc/bin/../lib/gcc/riscv-none-embed/8.2.0/../../../../riscv-none-embed/lib/rv32imacxw/ilp32\libg_nano.a(lib_a-memchr.o)
                0x0000000000002512                memchr
 .text.__malloc_lock
                0x000000000000252a        0x2 c:/mounriver/mounriver_studio/toolchain/risc-v embedded gcc/bin/../lib/gcc/riscv-none-embed/8.2.0/../../../../riscv-none-embed/lib/rv32imacxw/ilp32\libg_nano.a(lib_a-mlock.o)
                0x000000000000252a                __malloc_lock
 .text.__malloc_unlock
                0x000000000000252c        0x2 c:/mounriver/mounriver_studio/toolchain/risc-v embedded gcc/bin/../lib/gcc/riscv-none-embed/8.2.0/../../../../riscv-none-embed/lib/rv32imacxw/ilp32\libg_nano.a(lib_a-mlock.o)
                0x000000000000252c                __malloc_unlock
 .text._read_r  0x000000000000252e       0x2c c:/mounriver/mounriver_studio/toolchain/risc-v embedded gcc/bin/../lib/gcc/riscv-none-embed/8.2.0/../../../../riscv-none-embed/lib/rv32imacxw/ilp32\libg_nano.a(lib_a-readr.o)
                0x000000000000252e                _read_r
 .text._close   0x000000000000255a        0xc c:/mounriver/mounriver_studio/toolchain/risc-v embedded gcc/bin/../lib/gcc/riscv-none-embed/8.2.0/../../../../riscv-none-embed/lib/rv32imacxw/ilp32\libnosys.a(close.o)
                0x000000000000255a                _close
 .text._fstat   0x0000000000002566        0xc c:/mounriver/mounriver_studio/toolchain/risc-v embedded gcc/bin/../lib/gcc/riscv-none-embed/8.2.0/../../../../riscv-none-embed/lib/rv32imacxw/ilp32\libnosys.a(fstat.o)
                0x0000000000002566                _fstat
 .text._isatty  0x0000000000002572        0xc c:/mounriver/mounriver_studio/toolchain/risc-v embedded gcc/bin/../lib/gcc/riscv-none-embed/8.2.0/../../../../riscv-none-embed/lib/rv32imacxw/ilp32\libnosys.a(isatty.o)
                0x0000000000002572                _isatty
 .text._lseek   0x000000000000257e        0xc c:/mounriver/mounriver_studio/toolchain/risc-v embedded gcc/bin/../lib/gcc/riscv-none-embed/8.2.0/../../../../riscv-none-embed/lib/rv32imacxw/ilp32\libnosys.a(lseek.o)
                0x000000000000257e                _lseek
 .text._read    0x000000000000258a        0xc c:/mounriver/mounriver_studio/toolchain/risc-v embedded gcc/bin/../lib/gcc/riscv-none-embed/8.2.0/../../../../riscv-none-embed/lib/rv32imacxw/ilp32\libnosys.a(read.o)
                0x000000000000258a                _read
 *(.rodata)
 *(.rodata*)
 *fill*         0x0000000000002596        0x2 
 .rodata.HardFault_Handler.str1.4
                0x0000000000002598       0x13 ./User/ch32x035_it.o
 *fill*         0x00000000000025ab        0x1 
 .rodata.USBFS_IRQHandler
                0x00000000000025ac       0x30 ./User/ch32x035_usbfs_device.o
 .rodata.MyCfgDescrHD
                0x00000000000025dc       0x20 ./User/ch32x035_usbfs_device.o
                0x00000000000025dc                MyCfgDescrHD
 .rodata.MyDevDescrHD
                0x00000000000025fc       0x12 ./User/ch32x035_usbfs_device.o
                0x00000000000025fc                MyDevDescrHD
 *fill*         0x000000000000260e        0x2 
 .rodata.IAP_2_APP.str1.4
                0x0000000000002610        0xa ./User/main.o
 *fill*         0x000000000000261a        0x2 
 .rodata.main.str1.4
                0x000000000000261c       0x1e ./User/main.o
 *fill*         0x000000000000263a        0x2 
 .rodata.__sf_fake_stderr
                0x000000000000263c       0x20 c:/mounriver/mounriver_studio/toolchain/risc-v embedded gcc/bin/../lib/gcc/riscv-none-embed/8.2.0/../../../../riscv-none-embed/lib/rv32imacxw/ilp32\libg_nano.a(lib_a-findfp.o)
                0x000000000000263c                __sf_fake_stderr
 .rodata.__sf_fake_stdin
                0x000000000000265c       0x20 c:/mounriver/mounriver_studio/toolchain/risc-v embedded gcc/bin/../lib/gcc/riscv-none-embed/8.2.0/../../../../riscv-none-embed/lib/rv32imacxw/ilp32\libg_nano.a(lib_a-findfp.o)
                0x000000000000265c                __sf_fake_stdin
 .rodata.__sf_fake_stdout
                0x000000000000267c       0x20 c:/mounriver/mounriver_studio/toolchain/risc-v embedded gcc/bin/../lib/gcc/riscv-none-embed/8.2.0/../../../../riscv-none-embed/lib/rv32imacxw/ilp32\libg_nano.a(lib_a-findfp.o)
                0x000000000000267c                __sf_fake_stdout
 .rodata._vfprintf_r.str1.4
                0x000000000000269c       0x13 c:/mounriver/mounriver_studio/toolchain/risc-v embedded gcc/bin/../lib/gcc/riscv-none-embed/8.2.0/../../../../riscv-none-embed/lib/rv32imacxw/ilp32\libg_nano.a(lib_a-nano-vfprintf.o)
 *fill*         0x00000000000026af        0x1 
 .rodata._printf_i.str1.4
                0x00000000000026b0       0x28 c:/mounriver/mounriver_studio/toolchain/risc-v embedded gcc/bin/../lib/gcc/riscv-none-embed/8.2.0/../../../../riscv-none-embed/lib/rv32imacxw/ilp32\libg_nano.a(lib_a-nano-vfprintf_i.o)
                                         0x25 (size before relaxing)
 *(.gnu.linkonce.t.*)
                0x00000000000026d8                . = ALIGN (0x4)

.rela.dyn       0x00000000000026d8        0x0
 .rela.init     0x00000000000026d8        0x0 ./User/ch32x035_it.o
 .rela.vector   0x00000000000026d8        0x0 ./User/ch32x035_it.o
 .rela.text.handle_reset
                0x00000000000026d8        0x0 ./User/ch32x035_it.o
 .rela.text._sbrk
                0x00000000000026d8        0x0 ./User/ch32x035_it.o
 .rela.sdata.curbrk.4294
                0x00000000000026d8        0x0 ./User/ch32x035_it.o
 .rela.text._vfprintf_r
                0x00000000000026d8        0x0 ./User/ch32x035_it.o
 .rela.text._sbrk_r
                0x00000000000026d8        0x0 ./User/ch32x035_it.o
 .rela.text._write_r
                0x00000000000026d8        0x0 ./User/ch32x035_it.o
 .rela.text._close_r
                0x00000000000026d8        0x0 ./User/ch32x035_it.o
 .rela.text._fstat_r
                0x00000000000026d8        0x0 ./User/ch32x035_it.o
 .rela.text._isatty_r
                0x00000000000026d8        0x0 ./User/ch32x035_it.o
 .rela.text._lseek_r
                0x00000000000026d8        0x0 ./User/ch32x035_it.o
 .rela.text._read_r
                0x00000000000026d8        0x0 ./User/ch32x035_it.o
 .rela.text._close
                0x00000000000026d8        0x0 ./User/ch32x035_it.o
 .rela.text._fstat
                0x00000000000026d8        0x0 ./User/ch32x035_it.o
 .rela.text._isatty
                0x00000000000026d8        0x0 ./User/ch32x035_it.o
 .rela.text._lseek
                0x00000000000026d8        0x0 ./User/ch32x035_it.o
 .rela.text._read
                0x00000000000026d8        0x0 ./User/ch32x035_it.o

.fini           0x00000000000026d8        0x0
 *(SORT_NONE(.fini))
                0x00000000000026d8                . = ALIGN (0x4)
                [!provide]                        PROVIDE (_etext = .)
                [!provide]                        PROVIDE (_eitcm = .)

.preinit_array  0x00000000000026d8        0x0
                [!provide]                        PROVIDE (__preinit_array_start = .)
 *(.preinit_array)
                [!provide]                        PROVIDE (__preinit_array_end = .)

.init_array     0x00000000000026d8        0x0
                [!provide]                        PROVIDE (__init_array_start = .)
 *(SORT_BY_INIT_PRIORITY(.init_array.*) SORT_BY_INIT_PRIORITY(.ctors.*))
 *(.init_array EXCLUDE_FILE(*crtend?.o *crtend.o *crtbegin?.o *crtbegin.o) .ctors)
                [!provide]                        PROVIDE (__init_array_end = .)

.fini_array     0x00000000000026d8        0x0
                [!provide]                        PROVIDE (__fini_array_start = .)
 *(SORT_BY_INIT_PRIORITY(.fini_array.*) SORT_BY_INIT_PRIORITY(.dtors.*))
 *(.fini_array EXCLUDE_FILE(*crtend?.o *crtend.o *crtbegin?.o *crtbegin.o) .dtors)
                [!provide]                        PROVIDE (__fini_array_end = .)

.ctors
 *crtbegin.o(.ctors)
 *crtbegin?.o(.ctors)
 *(EXCLUDE_FILE(*crtend?.o *crtend.o) .ctors)
 *(SORT_BY_NAME(.ctors.*))
 *(.ctors)

.dtors
 *crtbegin.o(.dtors)
 *crtbegin?.o(.dtors)
 *(EXCLUDE_FILE(*crtend?.o *crtend.o) .dtors)
 *(SORT_BY_NAME(.dtors.*))
 *(.dtors)

.dalign         0x0000000020000000        0x0 load address 0x00000000000026d8
                0x0000000020000000                . = ALIGN (0x4)
                0x0000000020000000                PROVIDE (_data_vma = .)

.dlalign        0x00000000000026d8        0x0
                0x00000000000026d8                . = ALIGN (0x4)
                0x00000000000026d8                PROVIDE (_data_lma = .)

.data           0x0000000020000000       0xa8 load address 0x00000000000026d8
 *(.gnu.linkonce.r.*)
 *(.data .data.*)
 .data.AHBPrescTable
                0x0000000020000000       0x10 ./User/system_ch32x035.o
                0x0000000020000000                AHBPrescTable
 .data.APBAHBPrescTable
                0x0000000020000010       0x10 ./Peripheral/src/ch32x035_rcc.o
 .data.impure_data
                0x0000000020000020       0x60 c:/mounriver/mounriver_studio/toolchain/risc-v embedded gcc/bin/../lib/gcc/riscv-none-embed/8.2.0/../../../../riscv-none-embed/lib/rv32imacxw/ilp32\libg_nano.a(lib_a-impure.o)
 *(.gnu.linkonce.d.*)
                0x0000000020000080                . = ALIGN (0x8)
                0x0000000020000880                PROVIDE (__global_pointer$ = (. + 0x800))
 *(.sdata .sdata.*)
 .sdata.Program_addr
                0x0000000020000080        0x4 ./User/iap.o
                0x0000000020000080                Program_addr
 .sdata.Verity_addr
                0x0000000020000084        0x4 ./User/iap.o
                0x0000000020000084                Verity_addr
 .sdata.SystemCoreClock
                0x0000000020000088        0x4 ./User/system_ch32x035.o
                0x0000000020000088                SystemCoreClock
 .sdata.CFGHR_tmpA
                0x000000002000008c        0x4 ./Peripheral/src/ch32x035_gpio.o
                0x000000002000008c                CFGHR_tmpA
 .sdata.CFGHR_tmpB
                0x0000000020000090        0x4 ./Peripheral/src/ch32x035_gpio.o
                0x0000000020000090                CFGHR_tmpB
 .sdata.CFGHR_tmpC
                0x0000000020000094        0x4 ./Peripheral/src/ch32x035_gpio.o
                0x0000000020000094                CFGHR_tmpC
 .sdata.curbrk.4294
                0x0000000020000098        0x4 ./Debug/debug.o
 .sdata._impure_ptr
                0x000000002000009c        0x4 c:/mounriver/mounriver_studio/toolchain/risc-v embedded gcc/bin/../lib/gcc/riscv-none-embed/8.2.0/../../../../riscv-none-embed/lib/rv32imacxw/ilp32\libg_nano.a(lib_a-impure.o)
                0x000000002000009c                _impure_ptr
 *(.sdata2.*)
 .sdata2._global_impure_ptr
                0x00000000200000a0        0x4 c:/mounriver/mounriver_studio/toolchain/risc-v embedded gcc/bin/../lib/gcc/riscv-none-embed/8.2.0/../../../../riscv-none-embed/lib/rv32imacxw/ilp32\libg_nano.a(lib_a-impure.o)
                0x00000000200000a0                _global_impure_ptr
 *(.gnu.linkonce.s.*)
                0x00000000200000a8                . = ALIGN (0x8)
 *fill*         0x00000000200000a4        0x4 
 *(.srodata.cst16)
 *(.srodata.cst8)
 *(.srodata.cst4)
 *(.srodata.cst2)
 *(.srodata .srodata.*)
                0x00000000200000a8                . = ALIGN (0x4)
                0x00000000200000a8                PROVIDE (_edata = .)

.bss            0x00000000200000a8      0x2c8 load address 0x0000000000002780
                0x00000000200000a8                . = ALIGN (0x4)
                0x00000000200000a8                PROVIDE (_sbss = .)
 *(.sbss*)
 .sbss.EP2_Tx_Buffer
                0x00000000200000a8        0x2 ./User/ch32x035_usbfs_device.o
                0x00000000200000a8                EP2_Tx_Buffer
 .sbss.USBFS_DevAddr
                0x00000000200000aa        0x1 ./User/ch32x035_usbfs_device.o
                0x00000000200000aa                USBFS_DevAddr
 .sbss.USBFS_DevConfig
                0x00000000200000ab        0x1 ./User/ch32x035_usbfs_device.o
                0x00000000200000ab                USBFS_DevConfig
 .sbss.USBFS_DevEnumStatus
                0x00000000200000ac        0x1 ./User/ch32x035_usbfs_device.o
                0x00000000200000ac                USBFS_DevEnumStatus
 .sbss.USBFS_DevSleepStatus
                0x00000000200000ad        0x1 ./User/ch32x035_usbfs_device.o
                0x00000000200000ad                USBFS_DevSleepStatus
 *fill*         0x00000000200000ae        0x2 
 .sbss.USBFS_Endp_Busy
                0x00000000200000b0        0x8 ./User/ch32x035_usbfs_device.o
                0x00000000200000b0                USBFS_Endp_Busy
 .sbss.USBFS_SetupReqCode
                0x00000000200000b8        0x1 ./User/ch32x035_usbfs_device.o
                0x00000000200000b8                USBFS_SetupReqCode
 *fill*         0x00000000200000b9        0x1 
 .sbss.USBFS_SetupReqIndex
                0x00000000200000ba        0x2 ./User/ch32x035_usbfs_device.o
                0x00000000200000ba                USBFS_SetupReqIndex
 .sbss.USBFS_SetupReqLen
                0x00000000200000bc        0x2 ./User/ch32x035_usbfs_device.o
                0x00000000200000bc                USBFS_SetupReqLen
 .sbss.USBFS_SetupReqType
                0x00000000200000be        0x1 ./User/ch32x035_usbfs_device.o
                0x00000000200000be                USBFS_SetupReqType
 *fill*         0x00000000200000bf        0x1 
 .sbss.USBFS_SetupReqValue
                0x00000000200000c0        0x2 ./User/ch32x035_usbfs_device.o
                0x00000000200000c0                USBFS_SetupReqValue
 *fill*         0x00000000200000c2        0x2 
 .sbss.pEP0_RAM_Addr
                0x00000000200000c4        0x4 ./User/ch32x035_usbfs_device.o
                0x00000000200000c4                pEP0_RAM_Addr
 .sbss.pEP2_RAM_Addr
                0x00000000200000c8        0x4 ./User/ch32x035_usbfs_device.o
                0x00000000200000c8                pEP2_RAM_Addr
 .sbss.pUSBFS_Descr
                0x00000000200000cc        0x4 ./User/ch32x035_usbfs_device.o
                0x00000000200000cc                pUSBFS_Descr
 .sbss.CodeLen  0x00000000200000d0        0x4 ./User/iap.o
                0x00000000200000d0                CodeLen
 .sbss.End_Flag
                0x00000000200000d4        0x1 ./User/iap.o
                0x00000000200000d4                End_Flag
 .sbss.Verity_Star_flag
                0x00000000200000d5        0x1 ./User/iap.o
                0x00000000200000d5                Verity_Star_flag
 .sbss.p_ms     0x00000000200000d6        0x2 ./Debug/debug.o
 .sbss.p_us     0x00000000200000d8        0x1 ./Debug/debug.o
 *fill*         0x00000000200000d9        0x3 
 .sbss.__malloc_free_list
                0x00000000200000dc        0x4 c:/mounriver/mounriver_studio/toolchain/risc-v embedded gcc/bin/../lib/gcc/riscv-none-embed/8.2.0/../../../../riscv-none-embed/lib/rv32imacxw/ilp32\libg_nano.a(lib_a-nano-mallocr.o)
                0x00000000200000dc                __malloc_free_list
 .sbss.__malloc_sbrk_start
                0x00000000200000e0        0x4 c:/mounriver/mounriver_studio/toolchain/risc-v embedded gcc/bin/../lib/gcc/riscv-none-embed/8.2.0/../../../../riscv-none-embed/lib/rv32imacxw/ilp32\libg_nano.a(lib_a-nano-mallocr.o)
                0x00000000200000e0                __malloc_sbrk_start
 *(.gnu.linkonce.sb.*)
 *(.bss*)
 .bss.EP0_DatabufHD
                0x00000000200000e4       0x40 ./User/ch32x035_usbfs_device.o
                0x00000000200000e4                EP0_DatabufHD
 .bss.EP2_DatabufHD
                0x0000000020000124       0x80 ./User/ch32x035_usbfs_device.o
                0x0000000020000124                EP2_DatabufHD
 .bss.EP2_Rx_Buffer
                0x00000000200001a4       0x40 ./User/iap.o
                0x00000000200001a4                EP2_Rx_Buffer
 .bss.Fast_Program_Buf
                0x00000000200001e4      0x186 ./User/iap.o
                0x00000000200001e4                Fast_Program_Buf
 *(.gnu.linkonce.b.*)
 *(COMMON*)
 *fill*         0x000000002000036a        0x2 
 COMMON         0x000000002000036c        0x4 c:/mounriver/mounriver_studio/toolchain/risc-v embedded gcc/bin/../lib/gcc/riscv-none-embed/8.2.0/../../../../riscv-none-embed/lib/rv32imacxw/ilp32\libg_nano.a(lib_a-reent.o)
                0x000000002000036c                errno
                0x0000000020000370                . = ALIGN (0x4)
                0x0000000020000370                PROVIDE (_ebss = .)
                0x0000000020000370                PROVIDE (_end = _ebss)
                [!provide]                        PROVIDE (end = .)

.stack          0x0000000020004800      0x800
                0x0000000020004800                PROVIDE (_heap_end = .)
                0x0000000020004800                . = ALIGN (0x4)
                [!provide]                        PROVIDE (_susrstack = .)
                0x0000000020005000                . = (. + __stack_size)
 *fill*         0x0000000020004800      0x800 
                0x0000000020005000                PROVIDE (_eusrstack = .)
OUTPUT(IAP.elf elf32-littleriscv)

.debug_info     0x0000000000000000     0xb17f
 .debug_info    0x0000000000000000      0x985 ./User/ch32x035_it.o
 .debug_info    0x0000000000000985     0x18a8 ./User/ch32x035_usbfs_device.o
 .debug_info    0x000000000000222d     0x145f ./User/iap.o
 .debug_info    0x000000000000368c     0x1248 ./User/main.o
 .debug_info    0x00000000000048d4      0xb56 ./User/system_ch32x035.o
 .debug_info    0x000000000000542a       0x22 ./Startup/startup_ch32x035.o
 .debug_info    0x000000000000544c      0xa94 ./Peripheral/src/ch32x035_dbgmcu.o
 .debug_info    0x0000000000005ee0     0x11af ./Peripheral/src/ch32x035_flash.o
 .debug_info    0x000000000000708f     0x110e ./Peripheral/src/ch32x035_gpio.o
 .debug_info    0x000000000000819d      0xd8f ./Peripheral/src/ch32x035_rcc.o
 .debug_info    0x0000000000008f2c     0x1333 ./Peripheral/src/ch32x035_usart.o
 .debug_info    0x000000000000a25f      0xf20 ./Debug/debug.o

.debug_abbrev   0x0000000000000000     0x2231
 .debug_abbrev  0x0000000000000000      0x213 ./User/ch32x035_it.o
 .debug_abbrev  0x0000000000000213      0x36c ./User/ch32x035_usbfs_device.o
 .debug_abbrev  0x000000000000057f      0x39e ./User/iap.o
 .debug_abbrev  0x000000000000091d      0x2fe ./User/main.o
 .debug_abbrev  0x0000000000000c1b      0x258 ./User/system_ch32x035.o
 .debug_abbrev  0x0000000000000e73       0x12 ./Startup/startup_ch32x035.o
 .debug_abbrev  0x0000000000000e85      0x2f7 ./Peripheral/src/ch32x035_dbgmcu.o
 .debug_abbrev  0x000000000000117c      0x44c ./Peripheral/src/ch32x035_flash.o
 .debug_abbrev  0x00000000000015c8      0x34b ./Peripheral/src/ch32x035_gpio.o
 .debug_abbrev  0x0000000000001913      0x326 ./Peripheral/src/ch32x035_rcc.o
 .debug_abbrev  0x0000000000001c39      0x312 ./Peripheral/src/ch32x035_usart.o
 .debug_abbrev  0x0000000000001f4b      0x2e6 ./Debug/debug.o

.debug_aranges  0x0000000000000000      0x4f0
 .debug_aranges
                0x0000000000000000       0x28 ./User/ch32x035_it.o
 .debug_aranges
                0x0000000000000028       0x50 ./User/ch32x035_usbfs_device.o
 .debug_aranges
                0x0000000000000078       0x70 ./User/iap.o
 .debug_aranges
                0x00000000000000e8       0x28 ./User/main.o
 .debug_aranges
                0x0000000000000110       0x28 ./User/system_ch32x035.o
 .debug_aranges
                0x0000000000000138       0x30 ./Startup/startup_ch32x035.o
 .debug_aranges
                0x0000000000000168       0x48 ./Peripheral/src/ch32x035_dbgmcu.o
 .debug_aranges
                0x00000000000001b0       0xf0 ./Peripheral/src/ch32x035_flash.o
 .debug_aranges
                0x00000000000002a0       0x98 ./Peripheral/src/ch32x035_gpio.o
 .debug_aranges
                0x0000000000000338       0x80 ./Peripheral/src/ch32x035_rcc.o
 .debug_aranges
                0x00000000000003b8       0xf0 ./Peripheral/src/ch32x035_usart.o
 .debug_aranges
                0x00000000000004a8       0x48 ./Debug/debug.o

.debug_ranges   0x0000000000000000      0x480
 .debug_ranges  0x0000000000000000       0x18 ./User/ch32x035_it.o
 .debug_ranges  0x0000000000000018       0x70 ./User/ch32x035_usbfs_device.o
 .debug_ranges  0x0000000000000088       0x60 ./User/iap.o
 .debug_ranges  0x00000000000000e8       0x18 ./User/main.o
 .debug_ranges  0x0000000000000100       0x18 ./User/system_ch32x035.o
 .debug_ranges  0x0000000000000118       0x28 ./Startup/startup_ch32x035.o
 .debug_ranges  0x0000000000000140       0x50 ./Peripheral/src/ch32x035_dbgmcu.o
 .debug_ranges  0x0000000000000190       0xe0 ./Peripheral/src/ch32x035_flash.o
 .debug_ranges  0x0000000000000270       0x88 ./Peripheral/src/ch32x035_gpio.o
 .debug_ranges  0x00000000000002f8       0x70 ./Peripheral/src/ch32x035_rcc.o
 .debug_ranges  0x0000000000000368       0xe0 ./Peripheral/src/ch32x035_usart.o
 .debug_ranges  0x0000000000000448       0x38 ./Debug/debug.o

.debug_line     0x0000000000000000     0x6ed9
 .debug_line    0x0000000000000000      0x243 ./User/ch32x035_it.o
 .debug_line    0x0000000000000243     0x128f ./User/ch32x035_usbfs_device.o
 .debug_line    0x00000000000014d2      0xd43 ./User/iap.o
 .debug_line    0x0000000000002215      0x4e9 ./User/main.o
 .debug_line    0x00000000000026fe      0x376 ./User/system_ch32x035.o
 .debug_line    0x0000000000002a74      0x245 ./Startup/startup_ch32x035.o
 .debug_line    0x0000000000002cb9      0x38e ./Peripheral/src/ch32x035_dbgmcu.o
 .debug_line    0x0000000000003047     0x121f ./Peripheral/src/ch32x035_flash.o
 .debug_line    0x0000000000004266      0xf3e ./Peripheral/src/ch32x035_gpio.o
 .debug_line    0x00000000000051a4      0x7c3 ./Peripheral/src/ch32x035_rcc.o
 .debug_line    0x0000000000005967      0xe73 ./Peripheral/src/ch32x035_usart.o
 .debug_line    0x00000000000067da      0x6ff ./Debug/debug.o

.debug_str      0x0000000000000000     0x1e89
 .debug_str     0x0000000000000000      0x557 ./User/ch32x035_it.o
                                        0x5ca (size before relaxing)
 .debug_str     0x0000000000000557      0x99f ./User/ch32x035_usbfs_device.o
                                        0xf43 (size before relaxing)
 .debug_str     0x0000000000000ef6      0x2b5 ./User/iap.o
                                        0xb85 (size before relaxing)
 .debug_str     0x00000000000011ab       0x7c ./User/main.o
                                        0xbd0 (size before relaxing)
 .debug_str     0x0000000000001227       0xc1 ./User/system_ch32x035.o
                                        0x6b4 (size before relaxing)
 .debug_str     0x00000000000012e8       0x49 ./Startup/startup_ch32x035.o
                                         0x85 (size before relaxing)
 .debug_str     0x0000000000001331       0xa6 ./Peripheral/src/ch32x035_dbgmcu.o
                                        0x665 (size before relaxing)
 .debug_str     0x00000000000013d7      0x36e ./Peripheral/src/ch32x035_flash.o
                                        0x9ff (size before relaxing)
 .debug_str     0x0000000000001745      0x1e5 ./Peripheral/src/ch32x035_gpio.o
                                        0x99e (size before relaxing)
 .debug_str     0x000000000000192a      0x1b6 ./Peripheral/src/ch32x035_rcc.o
                                        0x86f (size before relaxing)
 .debug_str     0x0000000000001ae0      0x331 ./Peripheral/src/ch32x035_usart.o
                                        0xaf8 (size before relaxing)
 .debug_str     0x0000000000001e11       0x78 ./Debug/debug.o
                                        0x908 (size before relaxing)

.comment        0x0000000000000000       0x33
 .comment       0x0000000000000000       0x33 ./User/ch32x035_it.o
                                         0x34 (size before relaxing)
 .comment       0x0000000000000033       0x34 ./User/ch32x035_usbfs_device.o
 .comment       0x0000000000000033       0x34 ./User/iap.o
 .comment       0x0000000000000033       0x34 ./User/main.o
 .comment       0x0000000000000033       0x34 ./User/system_ch32x035.o
 .comment       0x0000000000000033       0x34 ./Peripheral/src/ch32x035_dbgmcu.o
 .comment       0x0000000000000033       0x34 ./Peripheral/src/ch32x035_flash.o
 .comment       0x0000000000000033       0x34 ./Peripheral/src/ch32x035_gpio.o
 .comment       0x0000000000000033       0x34 ./Peripheral/src/ch32x035_rcc.o
 .comment       0x0000000000000033       0x34 ./Peripheral/src/ch32x035_usart.o
 .comment       0x0000000000000033       0x34 ./Debug/debug.o

.debug_frame    0x0000000000000000     0x13f8
 .debug_frame   0x0000000000000000       0x30 ./User/ch32x035_it.o
 .debug_frame   0x0000000000000030       0xe4 ./User/ch32x035_usbfs_device.o
 .debug_frame   0x0000000000000114      0x188 ./User/iap.o
 .debug_frame   0x000000000000029c       0x48 ./User/main.o
 .debug_frame   0x00000000000002e4       0x30 ./User/system_ch32x035.o
 .debug_frame   0x0000000000000314       0x70 ./Peripheral/src/ch32x035_dbgmcu.o
 .debug_frame   0x0000000000000384      0x288 ./Peripheral/src/ch32x035_flash.o
 .debug_frame   0x000000000000060c      0x13c ./Peripheral/src/ch32x035_gpio.o
 .debug_frame   0x0000000000000748       0xfc ./Peripheral/src/ch32x035_rcc.o
 .debug_frame   0x0000000000000844      0x1e4 ./Peripheral/src/ch32x035_usart.o
 .debug_frame   0x0000000000000a28       0x9c ./Debug/debug.o
 .debug_frame   0x0000000000000ac4       0x20 c:/mounriver/mounriver_studio/toolchain/risc-v embedded gcc/bin/../lib/gcc/riscv-none-embed/8.2.0/../../../../riscv-none-embed/lib/rv32imacxw/ilp32\libg_nano.a(lib_a-memcpy.o)
 .debug_frame   0x0000000000000ae4       0x54 c:/mounriver/mounriver_studio/toolchain/risc-v embedded gcc/bin/../lib/gcc/riscv-none-embed/8.2.0/../../../../riscv-none-embed/lib/rv32imacxw/ilp32\libg_nano.a(lib_a-printf.o)
 .debug_frame   0x0000000000000b38       0x54 c:/mounriver/mounriver_studio/toolchain/risc-v embedded gcc/bin/../lib/gcc/riscv-none-embed/8.2.0/../../../../riscv-none-embed/lib/rv32imacxw/ilp32\libg_nano.a(lib_a-puts.o)
 .debug_frame   0x0000000000000b8c       0x50 c:/mounriver/mounriver_studio/toolchain/risc-v embedded gcc/bin/../lib/gcc/riscv-none-embed/8.2.0/../../../../riscv-none-embed/lib/rv32imacxw/ilp32\libg_nano.a(lib_a-wbuf.o)
 .debug_frame   0x0000000000000bdc       0x3c c:/mounriver/mounriver_studio/toolchain/risc-v embedded gcc/bin/../lib/gcc/riscv-none-embed/8.2.0/../../../../riscv-none-embed/lib/rv32imacxw/ilp32\libg_nano.a(lib_a-wsetup.o)
 .debug_frame   0x0000000000000c18       0x7c c:/mounriver/mounriver_studio/toolchain/risc-v embedded gcc/bin/../lib/gcc/riscv-none-embed/8.2.0/../../../../riscv-none-embed/lib/rv32imacxw/ilp32\libg_nano.a(lib_a-fflush.o)
 .debug_frame   0x0000000000000c94      0x148 c:/mounriver/mounriver_studio/toolchain/risc-v embedded gcc/bin/../lib/gcc/riscv-none-embed/8.2.0/../../../../riscv-none-embed/lib/rv32imacxw/ilp32\libg_nano.a(lib_a-findfp.o)
 .debug_frame   0x0000000000000ddc       0x88 c:/mounriver/mounriver_studio/toolchain/risc-v embedded gcc/bin/../lib/gcc/riscv-none-embed/8.2.0/../../../../riscv-none-embed/lib/rv32imacxw/ilp32\libg_nano.a(lib_a-fwalk.o)
 .debug_frame   0x0000000000000e64       0x64 c:/mounriver/mounriver_studio/toolchain/risc-v embedded gcc/bin/../lib/gcc/riscv-none-embed/8.2.0/../../../../riscv-none-embed/lib/rv32imacxw/ilp32\libg_nano.a(lib_a-makebuf.o)
 .debug_frame   0x0000000000000ec8       0x40 c:/mounriver/mounriver_studio/toolchain/risc-v embedded gcc/bin/../lib/gcc/riscv-none-embed/8.2.0/../../../../riscv-none-embed/lib/rv32imacxw/ilp32\libg_nano.a(lib_a-nano-freer.o)
 .debug_frame   0x0000000000000f08       0x40 c:/mounriver/mounriver_studio/toolchain/risc-v embedded gcc/bin/../lib/gcc/riscv-none-embed/8.2.0/../../../../riscv-none-embed/lib/rv32imacxw/ilp32\libg_nano.a(lib_a-nano-mallocr.o)
 .debug_frame   0x0000000000000f48       0xd0 c:/mounriver/mounriver_studio/toolchain/risc-v embedded gcc/bin/../lib/gcc/riscv-none-embed/8.2.0/../../../../riscv-none-embed/lib/rv32imacxw/ilp32\libg_nano.a(lib_a-nano-vfprintf.o)
 .debug_frame   0x0000000000001018       0x8c c:/mounriver/mounriver_studio/toolchain/risc-v embedded gcc/bin/../lib/gcc/riscv-none-embed/8.2.0/../../../../riscv-none-embed/lib/rv32imacxw/ilp32\libg_nano.a(lib_a-nano-vfprintf_i.o)
 .debug_frame   0x00000000000010a4       0x30 c:/mounriver/mounriver_studio/toolchain/risc-v embedded gcc/bin/../lib/gcc/riscv-none-embed/8.2.0/../../../../riscv-none-embed/lib/rv32imacxw/ilp32\libg_nano.a(lib_a-sbrkr.o)
 .debug_frame   0x00000000000010d4       0xa4 c:/mounriver/mounriver_studio/toolchain/risc-v embedded gcc/bin/../lib/gcc/riscv-none-embed/8.2.0/../../../../riscv-none-embed/lib/rv32imacxw/ilp32\libg_nano.a(lib_a-stdio.o)
 .debug_frame   0x0000000000001178       0x30 c:/mounriver/mounriver_studio/toolchain/risc-v embedded gcc/bin/../lib/gcc/riscv-none-embed/8.2.0/../../../../riscv-none-embed/lib/rv32imacxw/ilp32\libg_nano.a(lib_a-writer.o)
 .debug_frame   0x00000000000011a8       0x30 c:/mounriver/mounriver_studio/toolchain/risc-v embedded gcc/bin/../lib/gcc/riscv-none-embed/8.2.0/../../../../riscv-none-embed/lib/rv32imacxw/ilp32\libg_nano.a(lib_a-closer.o)
 .debug_frame   0x00000000000011d8       0x30 c:/mounriver/mounriver_studio/toolchain/risc-v embedded gcc/bin/../lib/gcc/riscv-none-embed/8.2.0/../../../../riscv-none-embed/lib/rv32imacxw/ilp32\libg_nano.a(lib_a-fstatr.o)
 .debug_frame   0x0000000000001208       0x30 c:/mounriver/mounriver_studio/toolchain/risc-v embedded gcc/bin/../lib/gcc/riscv-none-embed/8.2.0/../../../../riscv-none-embed/lib/rv32imacxw/ilp32\libg_nano.a(lib_a-isattyr.o)
 .debug_frame   0x0000000000001238       0x30 c:/mounriver/mounriver_studio/toolchain/risc-v embedded gcc/bin/../lib/gcc/riscv-none-embed/8.2.0/../../../../riscv-none-embed/lib/rv32imacxw/ilp32\libg_nano.a(lib_a-lseekr.o)
 .debug_frame   0x0000000000001268       0x20 c:/mounriver/mounriver_studio/toolchain/risc-v embedded gcc/bin/../lib/gcc/riscv-none-embed/8.2.0/../../../../riscv-none-embed/lib/rv32imacxw/ilp32\libg_nano.a(lib_a-memchr.o)
 .debug_frame   0x0000000000001288       0x30 c:/mounriver/mounriver_studio/toolchain/risc-v embedded gcc/bin/../lib/gcc/riscv-none-embed/8.2.0/../../../../riscv-none-embed/lib/rv32imacxw/ilp32\libg_nano.a(lib_a-mlock.o)
 .debug_frame   0x00000000000012b8       0x30 c:/mounriver/mounriver_studio/toolchain/risc-v embedded gcc/bin/../lib/gcc/riscv-none-embed/8.2.0/../../../../riscv-none-embed/lib/rv32imacxw/ilp32\libg_nano.a(lib_a-readr.o)
 .debug_frame   0x00000000000012e8       0x70 c:/mounriver/mounriver_studio/toolchain/risc-v embedded gcc/bin/../lib/gcc/riscv-none-embed/8.2.0/../../../../riscv-none-embed/lib/rv32imacxw/ilp32\libg_nano.a(lib_a-reent.o)
 .debug_frame   0x0000000000001358       0x20 c:/mounriver/mounriver_studio/toolchain/risc-v embedded gcc/bin/../lib/gcc/riscv-none-embed/8.2.0/../../../../riscv-none-embed/lib/rv32imacxw/ilp32\libnosys.a(close.o)
 .debug_frame   0x0000000000001378       0x20 c:/mounriver/mounriver_studio/toolchain/risc-v embedded gcc/bin/../lib/gcc/riscv-none-embed/8.2.0/../../../../riscv-none-embed/lib/rv32imacxw/ilp32\libnosys.a(fstat.o)
 .debug_frame   0x0000000000001398       0x20 c:/mounriver/mounriver_studio/toolchain/risc-v embedded gcc/bin/../lib/gcc/riscv-none-embed/8.2.0/../../../../riscv-none-embed/lib/rv32imacxw/ilp32\libnosys.a(isatty.o)
 .debug_frame   0x00000000000013b8       0x20 c:/mounriver/mounriver_studio/toolchain/risc-v embedded gcc/bin/../lib/gcc/riscv-none-embed/8.2.0/../../../../riscv-none-embed/lib/rv32imacxw/ilp32\libnosys.a(lseek.o)
 .debug_frame   0x00000000000013d8       0x20 c:/mounriver/mounriver_studio/toolchain/risc-v embedded gcc/bin/../lib/gcc/riscv-none-embed/8.2.0/../../../../riscv-none-embed/lib/rv32imacxw/ilp32\libnosys.a(read.o)

.debug_loc      0x0000000000000000     0x1fab
 .debug_loc     0x0000000000000000      0x29d ./User/ch32x035_usbfs_device.o
 .debug_loc     0x000000000000029d      0x2df ./User/iap.o
 .debug_loc     0x000000000000057c       0x28 ./User/main.o
 .debug_loc     0x00000000000005a4       0x1f ./User/system_ch32x035.o
 .debug_loc     0x00000000000005c3       0x7c ./Peripheral/src/ch32x035_dbgmcu.o
 .debug_loc     0x000000000000063f      0x60e ./Peripheral/src/ch32x035_flash.o
 .debug_loc     0x0000000000000c4d      0x784 ./Peripheral/src/ch32x035_gpio.o
 .debug_loc     0x00000000000013d1      0x34e ./Peripheral/src/ch32x035_rcc.o
 .debug_loc     0x000000000000171f      0x715 ./Peripheral/src/ch32x035_usart.o
 .debug_loc     0x0000000000001e34      0x177 ./Debug/debug.o

.stab           0x0000000000000000       0x84
 .stab          0x0000000000000000       0x24 c:/mounriver/mounriver_studio/toolchain/risc-v embedded gcc/bin/../lib/gcc/riscv-none-embed/8.2.0/../../../../riscv-none-embed/lib/rv32imacxw/ilp32\libnosys.a(close.o)
 .stab          0x0000000000000024       0x18 c:/mounriver/mounriver_studio/toolchain/risc-v embedded gcc/bin/../lib/gcc/riscv-none-embed/8.2.0/../../../../riscv-none-embed/lib/rv32imacxw/ilp32\libnosys.a(fstat.o)
                                         0x24 (size before relaxing)
 .stab          0x000000000000003c       0x18 c:/mounriver/mounriver_studio/toolchain/risc-v embedded gcc/bin/../lib/gcc/riscv-none-embed/8.2.0/../../../../riscv-none-embed/lib/rv32imacxw/ilp32\libnosys.a(isatty.o)
                                         0x24 (size before relaxing)
 .stab          0x0000000000000054       0x18 c:/mounriver/mounriver_studio/toolchain/risc-v embedded gcc/bin/../lib/gcc/riscv-none-embed/8.2.0/../../../../riscv-none-embed/lib/rv32imacxw/ilp32\libnosys.a(lseek.o)
                                         0x24 (size before relaxing)
 .stab          0x000000000000006c       0x18 c:/mounriver/mounriver_studio/toolchain/risc-v embedded gcc/bin/../lib/gcc/riscv-none-embed/8.2.0/../../../../riscv-none-embed/lib/rv32imacxw/ilp32\libnosys.a(read.o)
                                         0x24 (size before relaxing)

.stabstr        0x0000000000000000      0x117
 .stabstr       0x0000000000000000      0x117 c:/mounriver/mounriver_studio/toolchain/risc-v embedded gcc/bin/../lib/gcc/riscv-none-embed/8.2.0/../../../../riscv-none-embed/lib/rv32imacxw/ilp32\libnosys.a(close.o)
