Archive member included to satisfy reference by file (symbol)

c:/mounriver/mounriver_studio/toolchain/risc-v embedded gcc/bin/../lib/gcc/riscv-none-embed/8.2.0/rv32imacxw/ilp32\libgcc.a(save-restore.o)
                              ./User/PD_Process.o (__riscv_save_8)
c:/mounriver/mounriver_studio/toolchain/risc-v embedded gcc/bin/../lib/gcc/riscv-none-embed/8.2.0/../../../../riscv-none-embed/lib/rv32imacxw/ilp32\libg_nano.a(lib_a-memcpy.o)
                              ./User/PD_Process.o (memcpy)
c:/mounriver/mounriver_studio/toolchain/risc-v embedded gcc/bin/../lib/gcc/riscv-none-embed/8.2.0/../../../../riscv-none-embed/lib/rv32imacxw/ilp32\libg_nano.a(lib_a-memset.o)
                              ./User/PD_Process.o (memset)
c:/mounriver/mounriver_studio/toolchain/risc-v embedded gcc/bin/../lib/gcc/riscv-none-embed/8.2.0/../../../../riscv-none-embed/lib/rv32imacxw/ilp32\libg_nano.a(lib_a-printf.o)
                              ./User/PD_Process.o (printf)
c:/mounriver/mounriver_studio/toolchain/risc-v embedded gcc/bin/../lib/gcc/riscv-none-embed/8.2.0/../../../../riscv-none-embed/lib/rv32imacxw/ilp32\libg_nano.a(lib_a-puts.o)
                              ./User/PD_Process.o (puts)
c:/mounriver/mounriver_studio/toolchain/risc-v embedded gcc/bin/../lib/gcc/riscv-none-embed/8.2.0/../../../../riscv-none-embed/lib/rv32imacxw/ilp32\libg_nano.a(lib_a-wbuf.o)
                              c:/mounriver/mounriver_studio/toolchain/risc-v embedded gcc/bin/../lib/gcc/riscv-none-embed/8.2.0/../../../../riscv-none-embed/lib/rv32imacxw/ilp32\libg_nano.a(lib_a-puts.o) (__swbuf_r)
c:/mounriver/mounriver_studio/toolchain/risc-v embedded gcc/bin/../lib/gcc/riscv-none-embed/8.2.0/../../../../riscv-none-embed/lib/rv32imacxw/ilp32\libg_nano.a(lib_a-wsetup.o)
                              c:/mounriver/mounriver_studio/toolchain/risc-v embedded gcc/bin/../lib/gcc/riscv-none-embed/8.2.0/../../../../riscv-none-embed/lib/rv32imacxw/ilp32\libg_nano.a(lib_a-puts.o) (__swsetup_r)
c:/mounriver/mounriver_studio/toolchain/risc-v embedded gcc/bin/../lib/gcc/riscv-none-embed/8.2.0/../../../../riscv-none-embed/lib/rv32imacxw/ilp32\libg_nano.a(lib_a-fflush.o)
                              c:/mounriver/mounriver_studio/toolchain/risc-v embedded gcc/bin/../lib/gcc/riscv-none-embed/8.2.0/../../../../riscv-none-embed/lib/rv32imacxw/ilp32\libg_nano.a(lib_a-wbuf.o) (_fflush_r)
c:/mounriver/mounriver_studio/toolchain/risc-v embedded gcc/bin/../lib/gcc/riscv-none-embed/8.2.0/../../../../riscv-none-embed/lib/rv32imacxw/ilp32\libg_nano.a(lib_a-findfp.o)
                              c:/mounriver/mounriver_studio/toolchain/risc-v embedded gcc/bin/../lib/gcc/riscv-none-embed/8.2.0/../../../../riscv-none-embed/lib/rv32imacxw/ilp32\libg_nano.a(lib_a-printf.o) (__sinit)
c:/mounriver/mounriver_studio/toolchain/risc-v embedded gcc/bin/../lib/gcc/riscv-none-embed/8.2.0/../../../../riscv-none-embed/lib/rv32imacxw/ilp32\libg_nano.a(lib_a-fwalk.o)
                              c:/mounriver/mounriver_studio/toolchain/risc-v embedded gcc/bin/../lib/gcc/riscv-none-embed/8.2.0/../../../../riscv-none-embed/lib/rv32imacxw/ilp32\libg_nano.a(lib_a-findfp.o) (_fwalk)
c:/mounriver/mounriver_studio/toolchain/risc-v embedded gcc/bin/../lib/gcc/riscv-none-embed/8.2.0/../../../../riscv-none-embed/lib/rv32imacxw/ilp32\libg_nano.a(lib_a-impure.o)
                              c:/mounriver/mounriver_studio/toolchain/risc-v embedded gcc/bin/../lib/gcc/riscv-none-embed/8.2.0/../../../../riscv-none-embed/lib/rv32imacxw/ilp32\libg_nano.a(lib_a-fflush.o) (_global_impure_ptr)
c:/mounriver/mounriver_studio/toolchain/risc-v embedded gcc/bin/../lib/gcc/riscv-none-embed/8.2.0/../../../../riscv-none-embed/lib/rv32imacxw/ilp32\libg_nano.a(lib_a-makebuf.o)
                              c:/mounriver/mounriver_studio/toolchain/risc-v embedded gcc/bin/../lib/gcc/riscv-none-embed/8.2.0/../../../../riscv-none-embed/lib/rv32imacxw/ilp32\libg_nano.a(lib_a-wsetup.o) (__smakebuf_r)
c:/mounriver/mounriver_studio/toolchain/risc-v embedded gcc/bin/../lib/gcc/riscv-none-embed/8.2.0/../../../../riscv-none-embed/lib/rv32imacxw/ilp32\libg_nano.a(lib_a-nano-freer.o)
                              c:/mounriver/mounriver_studio/toolchain/risc-v embedded gcc/bin/../lib/gcc/riscv-none-embed/8.2.0/../../../../riscv-none-embed/lib/rv32imacxw/ilp32\libg_nano.a(lib_a-wsetup.o) (_free_r)
c:/mounriver/mounriver_studio/toolchain/risc-v embedded gcc/bin/../lib/gcc/riscv-none-embed/8.2.0/../../../../riscv-none-embed/lib/rv32imacxw/ilp32\libg_nano.a(lib_a-nano-mallocr.o)
                              c:/mounriver/mounriver_studio/toolchain/risc-v embedded gcc/bin/../lib/gcc/riscv-none-embed/8.2.0/../../../../riscv-none-embed/lib/rv32imacxw/ilp32\libg_nano.a(lib_a-findfp.o) (_malloc_r)
c:/mounriver/mounriver_studio/toolchain/risc-v embedded gcc/bin/../lib/gcc/riscv-none-embed/8.2.0/../../../../riscv-none-embed/lib/rv32imacxw/ilp32\libg_nano.a(lib_a-nano-vfprintf.o)
[...]
Memory Configuration

Name             Origin             Length             Attributes
FLASH            0x0000000000000000 0x000000000000f800 xr
RAM              0x0000000020000000 0x0000000000005000 xrw
*default*        0x0000000000000000 0xffffffffffffffff

Linker script and memory map

LOAD ./User/PD_Process.o
LOAD ./User/ch32x035_it.o
LOAD ./User/main.o
LOAD ./User/system_ch32x035.o
LOAD ./Startup/startup_ch32x035.o
LOAD ./Peripheral/src/ch32x035_adc.o
LOAD ./Peripheral/src/ch32x035_awu.o
LOAD ./Peripheral/src/ch32x035_dbgmcu.o
LOAD ./Peripheral/src/ch32x035_dma.o
LOAD ./Peripheral/src/ch32x035_exti.o
LOAD ./Peripheral/src/ch32x035_flash.o
LOAD ./Peripheral/src/ch32x035_gpio.o
LOAD ./Peripheral/src/ch32x035_i2c.o
LOAD ./Peripheral/src/ch32x035_iwdg.o
LOAD ./Peripheral/src/ch32x035_misc.o
LOAD ./Peripheral/src/ch32x035_opa.o
LOAD ./Peripheral/src/ch32x035_pwr.o
LOAD ./Peripheral/src/ch32x035_rcc.o
LOAD ./Peripheral/src/ch32x035_spi.o
LOAD ./Peripheral/src/ch32x035_tim.o
LOAD ./Peripheral/src/ch32x035_usart.o
LOAD ./Peripheral/src/ch32x035_wwdg.o
LOAD ./Debug/debug.o
LOAD ./Core/core_riscv.o
LOAD c:/mounriver/mounriver_studio/toolchain/risc-v embedded gcc/bin/../lib/gcc/riscv-none-embed/8.2.0/rv32imacxw/ilp32\libgcc.a
LOAD c:/mounriver/mounriver_studio/toolchain/risc-v embedded gcc/bin/../lib/gcc/riscv-none-embed/8.2.0/../../../../riscv-none-embed/lib/rv32imacxw/ilp32\libg_nano.a
LOAD c:/mounriver/mounriver_studio/toolchain/risc-v embedded gcc/bin/../lib/gcc/riscv-none-embed/8.2.0/../../../../riscv-none-embed/lib/rv32imacxw/ilp32\libc_nano.a
LOAD c:/mounriver/mounriver_studio/toolchain/risc-v embedded gcc/bin/../lib/gcc/riscv-none-embed/8.2.0/rv32imacxw/ilp32\libgcc.a
START GROUP
LOAD c:/mounriver/mounriver_studio/toolchain/risc-v embedded gcc/bin/../lib/gcc/riscv-none-embed/8.2.0/rv32imacxw/ilp32\libgcc.a
LOAD c:/mounriver/mounriver_studio/toolchain/risc-v embedded gcc/bin/../lib/gcc/riscv-none-embed/8.2.0/../../../../riscv-none-embed/lib/rv32imacxw/ilp32\libc_nano.a
LOAD c:/mounriver/mounriver_studio/toolchain/risc-v embedded gcc/bin/../lib/gcc/riscv-none-embed/8.2.0/../../../../riscv-none-embed/lib/rv32imacxw/ilp32\libnosys.a
END GROUP
START GROUP
LOAD c:/mounriver/mounriver_studio/toolchain/risc-v embedded gcc/bin/../lib/gcc/riscv-none-embed/8.2.0/rv32imacxw/ilp32\libgcc.a
LOAD c:/mounriver/mounriver_studio/toolchain/risc-v embedded gcc/bin/../lib/gcc/riscv-none-embed/8.2.0/../../../../riscv-none-embed/lib/rv32imacxw/ilp32\libc_nano.a
LOAD c:/mounriver/mounriver_studio/toolchain/risc-v embedded gcc/bin/../lib/gcc/riscv-none-embed/8.2.0/../../../../riscv-none-embed/lib/rv32imacxw/ilp32\libnosys.a
END GROUP
                0x0000000000000800                __stack_size = 0x800
                [!provide]                        PROVIDE (_stack_size = __stack_size)

.init           0x0000000000000000        0x4
                0x0000000000000000                _sinit = .
                0x0000000000000000                . = ALIGN (0x4)
 *(SORT_NONE(.init))
 .init          0x0000000000000000        0x4 ./Startup/startup_ch32x035.o
                0x0000000000000000                _start
                0x0000000000000004                . = ALIGN (0x4)
                0x0000000000000004                _einit = .

.vector         0x0000000000000004       0xfc
 *(.vector)
 .vector        0x0000000000000004       0xdc ./Startup/startup_ch32x035.o
                0x0000000000000100                . = ALIGN (0x40)
 *fill*         0x00000000000000e0       0x20 

.text           0x0000000000000100     0x2638
                0x0000000000000100                . = ALIGN (0x4)
 *(.text)
 .text          0x0000000000000100       0x60 c:/mounriver/mounriver_studio/toolchain/risc-v embedded gcc/bin/../lib/gcc/riscv-none-embed/8.2.0/rv32imacxw/ilp32\libgcc.a(save-restore.o)
                0x0000000000000100                __riscv_save_12
                0x0000000000000108                __riscv_save_9
                0x0000000000000108                __riscv_save_11
                0x0000000000000108                __riscv_save_10
                0x0000000000000108                __riscv_save_8
                0x0000000000000116                __riscv_save_4
                0x0000000000000116                __riscv_save_6
                0x0000000000000116                __riscv_save_5
                0x0000000000000116                __riscv_save_7
                0x0000000000000130                __riscv_save_3
                0x0000000000000130                __riscv_save_2
                0x0000000000000130                __riscv_save_1
                0x0000000000000130                __riscv_save_0
                0x000000000000013c                __riscv_restore_12
                0x0000000000000140                __riscv_restore_11
                0x0000000000000140                __riscv_restore_9
                0x0000000000000140                __riscv_restore_10
                0x0000000000000140                __riscv_restore_8
                0x000000000000014a                __riscv_restore_5
                0x000000000000014a                __riscv_restore_7
                0x000000000000014a                __riscv_restore_6
                0x000000000000014a                __riscv_restore_4
                0x0000000000000154                __riscv_restore_3
                0x0000000000000154                __riscv_restore_0
                0x0000000000000154                __riscv_restore_2
                0x0000000000000154                __riscv_restore_1
 .text          0x0000000000000160       0xa8 c:/mounriver/mounriver_studio/toolchain/risc-v embedded gcc/bin/../lib/gcc/riscv-none-embed/8.2.0/../../../../riscv-none-embed/lib/rv32imacxw/ilp32\libg_nano.a(lib_a-memset.o)
                0x0000000000000160                memset
 *(.text.*)
 .text.PD_Rx_Mode
                0x0000000000000208       0x52 ./User/PD_Process.o
                0x0000000000000208                PD_Rx_Mode
 .text.PD_SINK_Init
                0x000000000000025a       0x1a ./User/PD_Process.o
                0x000000000000025a                PD_SINK_Init
 .text.PD_PHY_Reset
                0x0000000000000274       0x1a ./User/PD_Process.o
                0x0000000000000274                PD_PHY_Reset
 .text.PD_Init  0x000000000000028e       0x84 ./User/PD_Process.o
                0x000000000000028e                PD_Init
 .text.PD_Detect
                0x0000000000000312      0x234 ./User/PD_Process.o
                0x0000000000000312                PD_Detect
 .text.PD_Det_Proc
                0x0000000000000546       0xae ./User/PD_Process.o
                0x0000000000000546                PD_Det_Proc
 .text.PD_Phy_SendPack
                0x00000000000005f4       0xbe ./User/PD_Process.o
                0x00000000000005f4                PD_Phy_SendPack
 .text.USBPD_IRQHandler
                0x00000000000006b2       0xea ./User/PD_Process.o
                0x00000000000006b2                USBPD_IRQHandler
 .text.PD_Send_Handle.part.2
                0x000000000000079c       0xa0 ./User/PD_Process.o
 .text.PD_Load_Header
                0x000000000000083c       0x52 ./User/PD_Process.o
                0x000000000000083c                PD_Load_Header
 .text.PD_Send_Handle
                0x000000000000088e       0x1e ./User/PD_Process.o
                0x000000000000088e                PD_Send_Handle
 .text.PD_Send_Request_CMD
                0x00000000000008ac       0x96 ./User/PD_Process.o
                0x00000000000008ac                PD_Send_Request_CMD
 .text.PD_Save_Adapter_SrcCap
                0x0000000000000942       0x62 ./User/PD_Process.o
                0x0000000000000942                PD_Save_Adapter_SrcCap
 .text.PD_Main_Proc
                0x00000000000009a4      0x1f6 ./User/PD_Process.o
                0x00000000000009a4                PD_Main_Proc
 .text.NMI_Handler
                0x0000000000000b9a        0x4 ./User/ch32x035_it.o
                0x0000000000000b9a                NMI_Handler
 .text.HardFault_Handler
                0x0000000000000b9e        0x2 ./User/ch32x035_it.o
                0x0000000000000b9e                HardFault_Handler
 .text.TIM1_Init
                0x0000000000000ba0       0x62 ./User/main.o
                0x0000000000000ba0                TIM1_Init
 .text.startup.main
                0x0000000000000c02       0xa0 ./User/main.o
                0x0000000000000c02                main
 .text.TIM1_UP_IRQHandler
                0x0000000000000ca2       0x2c ./User/main.o
                0x0000000000000ca2                TIM1_UP_IRQHandler
 .text.SystemInit
                0x0000000000000cce       0x42 ./User/system_ch32x035.o
                0x0000000000000cce                SystemInit
 .text.SystemCoreClockUpdate
                0x0000000000000d10       0x3a ./User/system_ch32x035.o
                0x0000000000000d10                SystemCoreClockUpdate
 .text.vector_handler
                0x0000000000000d4a       0x5a ./Startup/startup_ch32x035.o
                0x0000000000000d4e                Ecall_M_Mode_Handler
                0x0000000000000d50                Ecall_U_Mode_Handler
                0x0000000000000d52                Break_Point_Handler
                0x0000000000000d54                SysTick_Handler
                0x0000000000000d56                SW_Handler
                0x0000000000000d58                WWDG_IRQHandler
                0x0000000000000d5a                PVD_IRQHandler
                0x0000000000000d5c                FLASH_IRQHandler
                0x0000000000000d5e                EXTI7_0_IRQHandler
                0x0000000000000d60                AWU_IRQHandler
                0x0000000000000d62                DMA1_Channel1_IRQHandler
                0x0000000000000d64                DMA1_Channel2_IRQHandler
                0x0000000000000d66                DMA1_Channel3_IRQHandler
                0x0000000000000d68                DMA1_Channel4_IRQHandler
                0x0000000000000d6a                DMA1_Channel5_IRQHandler
                0x0000000000000d6c                DMA1_Channel6_IRQHandler
                0x0000000000000d6e                DMA1_Channel7_IRQHandler
                0x0000000000000d70                ADC1_IRQHandler
                0x0000000000000d72                I2C1_EV_IRQHandler
                0x0000000000000d74                I2C1_ER_IRQHandler
                0x0000000000000d76                USART1_IRQHandler
                0x0000000000000d78                SPI1_IRQHandler
                0x0000000000000d7a                TIM1_BRK_IRQHandler
                0x0000000000000d7e                TIM1_TRG_COM_IRQHandler
                0x0000000000000d80                TIM1_CC_IRQHandler
                0x0000000000000d82                TIM2_UP_IRQHandler
                0x0000000000000d84                USART2_IRQHandler
                0x0000000000000d86                EXTI15_8_IRQHandler
                0x0000000000000d88                EXTI25_16_IRQHandler
                0x0000000000000d8a                USART3_IRQHandler
                0x0000000000000d8c                USART4_IRQHandler
                0x0000000000000d8e                DMA1_Channel8_IRQHandler
                0x0000000000000d90                USBFS_IRQHandler
                0x0000000000000d92                USBFSWakeUp_IRQHandler
                0x0000000000000d94                PIOC_IRQHandler
                0x0000000000000d96                OPA_IRQHandler
                0x0000000000000d9a                USBPDWakeUp_IRQHandler
                0x0000000000000d9c                TIM2_CC_IRQHandler
                0x0000000000000d9e                TIM2_TRG_COM_IRQHandler
                0x0000000000000da0                TIM2_BRK_IRQHandler
                0x0000000000000da2                TIM3_IRQHandler
 .text.handle_reset
                0x0000000000000da4       0x86 ./Startup/startup_ch32x035.o
                0x0000000000000da4                handle_reset
 .text.DBGMCU_GetCHIPID
                0x0000000000000e2a        0xa ./Peripheral/src/ch32x035_dbgmcu.o
                0x0000000000000e2a                DBGMCU_GetCHIPID
 .text.GPIO_Init
                0x0000000000000e34      0x16e ./Peripheral/src/ch32x035_gpio.o
                0x0000000000000e34                GPIO_Init
 .text.NVIC_PriorityGroupConfig
                0x0000000000000fa2        0x6 ./Peripheral/src/ch32x035_misc.o
                0x0000000000000fa2                NVIC_PriorityGroupConfig
 .text.NVIC_Init
                0x0000000000000fa8       0xa6 ./Peripheral/src/ch32x035_misc.o
                0x0000000000000fa8                NVIC_Init
 .text.RCC_GetClocksFreq
                0x000000000000104e       0x3e ./Peripheral/src/ch32x035_rcc.o
                0x000000000000104e                RCC_GetClocksFreq
 .text.RCC_AHBPeriphClockCmd
                0x000000000000108c       0x1e ./Peripheral/src/ch32x035_rcc.o
                0x000000000000108c                RCC_AHBPeriphClockCmd
 .text.RCC_APB2PeriphClockCmd
                0x00000000000010aa       0x1e ./Peripheral/src/ch32x035_rcc.o
                0x00000000000010aa                RCC_APB2PeriphClockCmd
 .text.TIM_TimeBaseInit
                0x00000000000010c8       0x56 ./Peripheral/src/ch32x035_tim.o
                0x00000000000010c8                TIM_TimeBaseInit
 .text.TIM_Cmd  0x000000000000111e       0x18 ./Peripheral/src/ch32x035_tim.o
                0x000000000000111e                TIM_Cmd
 .text.TIM_ITConfig
                0x0000000000001136       0x12 ./Peripheral/src/ch32x035_tim.o
                0x0000000000001136                TIM_ITConfig
 .text.TIM_GetITStatus
                0x0000000000001148       0x18 ./Peripheral/src/ch32x035_tim.o
                0x0000000000001148                TIM_GetITStatus
 .text.TIM_ClearITPendingBit
                0x0000000000001160        0xc ./Peripheral/src/ch32x035_tim.o
                0x0000000000001160                TIM_ClearITPendingBit
 .text.USART_Init
                0x000000000000116c       0x8e ./Peripheral/src/ch32x035_usart.o
                0x000000000000116c                USART_Init
 .text.USART_Cmd
                0x00000000000011fa       0x16 ./Peripheral/src/ch32x035_usart.o
                0x00000000000011fa                USART_Cmd
 .text.USART_SendData
                0x0000000000001210        0x8 ./Peripheral/src/ch32x035_usart.o
                0x0000000000001210                USART_SendData
 .text.USART_GetFlagStatus
                0x0000000000001218        0xa ./Peripheral/src/ch32x035_usart.o
                0x0000000000001218                USART_GetFlagStatus
 .text.Delay_Init
                0x0000000000001222       0x26 ./Debug/debug.o
                0x0000000000001222                Delay_Init
 .text.Delay_Us
                0x0000000000001248       0x36 ./Debug/debug.o
                0x0000000000001248                Delay_Us
 .text.Delay_Ms
                0x000000000000127e       0x36 ./Debug/debug.o
                0x000000000000127e                Delay_Ms
 .text.USART_Printf_Init
                0x00000000000012b4       0x52 ./Debug/debug.o
                0x00000000000012b4                USART_Printf_Init
 .text._write   0x0000000000001306       0x3a ./Debug/debug.o
                0x0000000000001306                _write
 .text._sbrk    0x0000000000001340       0x26 ./Debug/debug.o
                0x0000000000001340                _sbrk
 .text.memcpy   0x0000000000001366       0xb2 c:/mounriver/mounriver_studio/toolchain/risc-v embedded gcc/bin/../lib/gcc/riscv-none-embed/8.2.0/../../../../riscv-none-embed/lib/rv32imacxw/ilp32\libg_nano.a(lib_a-memcpy.o)
                0x0000000000001366                memcpy
 .text.printf   0x0000000000001418       0x40 c:/mounriver/mounriver_studio/toolchain/risc-v embedded gcc/bin/../lib/gcc/riscv-none-embed/8.2.0/../../../../riscv-none-embed/lib/rv32imacxw/ilp32\libg_nano.a(lib_a-printf.o)
                0x0000000000001418                iprintf
                0x0000000000001418                printf
 .text._puts_r  0x0000000000001458       0xd4 c:/mounriver/mounriver_studio/toolchain/risc-v embedded gcc/bin/../lib/gcc/riscv-none-embed/8.2.0/../../../../riscv-none-embed/lib/rv32imacxw/ilp32\libg_nano.a(lib_a-puts.o)
                0x0000000000001458                _puts_r
 .text.puts     0x000000000000152c        0xa c:/mounriver/mounriver_studio/toolchain/risc-v embedded gcc/bin/../lib/gcc/riscv-none-embed/8.2.0/../../../../riscv-none-embed/lib/rv32imacxw/ilp32\libg_nano.a(lib_a-puts.o)
                0x000000000000152c                puts
 .text.__swbuf_r
                0x0000000000001536       0xbc c:/mounriver/mounriver_studio/toolchain/risc-v embedded gcc/bin/../lib/gcc/riscv-none-embed/8.2.0/../../../../riscv-none-embed/lib/rv32imacxw/ilp32\libg_nano.a(lib_a-wbuf.o)
                0x0000000000001536                __swbuf_r
 .text.__swsetup_r
                0x00000000000015f2       0xfc c:/mounriver/mounriver_studio/toolchain/risc-v embedded gcc/bin/../lib/gcc/riscv-none-embed/8.2.0/../../../../riscv-none-embed/lib/rv32imacxw/ilp32\libg_nano.a(lib_a-wsetup.o)
                0x00000000000015f2                __swsetup_r
 .text.__sflush_r
                0x00000000000016ee      0x130 c:/mounriver/mounriver_studio/toolchain/risc-v embedded gcc/bin/../lib/gcc/riscv-none-embed/8.2.0/../../../../riscv-none-embed/lib/rv32imacxw/ilp32\libg_nano.a(lib_a-fflush.o)
                0x00000000000016ee                __sflush_r
 .text._fflush_r
                0x000000000000181e       0x64 c:/mounriver/mounriver_studio/toolchain/risc-v embedded gcc/bin/../lib/gcc/riscv-none-embed/8.2.0/../../../../riscv-none-embed/lib/rv32imacxw/ilp32\libg_nano.a(lib_a-fflush.o)
                0x000000000000181e                _fflush_r
 .text.std      0x0000000000001882       0x66 c:/mounriver/mounriver_studio/toolchain/risc-v embedded gcc/bin/../lib/gcc/riscv-none-embed/8.2.0/../../../../riscv-none-embed/lib/rv32imacxw/ilp32\libg_nano.a(lib_a-findfp.o)
 .text._cleanup_r
                0x00000000000018e8        0xa c:/mounriver/mounriver_studio/toolchain/risc-v embedded gcc/bin/../lib/gcc/riscv-none-embed/8.2.0/../../../../riscv-none-embed/lib/rv32imacxw/ilp32\libg_nano.a(lib_a-findfp.o)
                0x00000000000018e8                _cleanup_r
 .text.__sfmoreglue
                0x00000000000018f2       0x46 c:/mounriver/mounriver_studio/toolchain/risc-v embedded gcc/bin/../lib/gcc/riscv-none-embed/8.2.0/../../../../riscv-none-embed/lib/rv32imacxw/ilp32\libg_nano.a(lib_a-findfp.o)
                0x00000000000018f2                __sfmoreglue
 .text.__sinit  0x0000000000001938       0x66 c:/mounriver/mounriver_studio/toolchain/risc-v embedded gcc/bin/../lib/gcc/riscv-none-embed/8.2.0/../../../../riscv-none-embed/lib/rv32imacxw/ilp32\libg_nano.a(lib_a-findfp.o)
                0x0000000000001938                __sinit
 .text.__sfp    0x000000000000199e       0x9c c:/mounriver/mounriver_studio/toolchain/risc-v embedded gcc/bin/../lib/gcc/riscv-none-embed/8.2.0/../../../../riscv-none-embed/lib/rv32imacxw/ilp32\libg_nano.a(lib_a-findfp.o)
                0x000000000000199e                __sfp
 .text._fwalk_reent
                0x0000000000001a3a       0x6a c:/mounriver/mounriver_studio/toolchain/risc-v embedded gcc/bin/../lib/gcc/riscv-none-embed/8.2.0/../../../../riscv-none-embed/lib/rv32imacxw/ilp32\libg_nano.a(lib_a-fwalk.o)
                0x0000000000001a3a                _fwalk_reent
 .text.__swhatbuf_r
                0x0000000000001aa4       0x58 c:/mounriver/mounriver_studio/toolchain/risc-v embedded gcc/bin/../lib/gcc/riscv-none-embed/8.2.0/../../../../riscv-none-embed/lib/rv32imacxw/ilp32\libg_nano.a(lib_a-makebuf.o)
                0x0000000000001aa4                __swhatbuf_r
 .text.__smakebuf_r
                0x0000000000001afc       0x90 c:/mounriver/mounriver_studio/toolchain/risc-v embedded gcc/bin/../lib/gcc/riscv-none-embed/8.2.0/../../../../riscv-none-embed/lib/rv32imacxw/ilp32\libg_nano.a(lib_a-makebuf.o)
                0x0000000000001afc                __smakebuf_r
 .text._free_r  0x0000000000001b8c       0xa8 c:/mounriver/mounriver_studio/toolchain/risc-v embedded gcc/bin/../lib/gcc/riscv-none-embed/8.2.0/../../../../riscv-none-embed/lib/rv32imacxw/ilp32\libg_nano.a(lib_a-nano-freer.o)
                0x0000000000001b8c                _free_r
 .text._malloc_r
                0x0000000000001c34       0xd4 c:/mounriver/mounriver_studio/toolchain/risc-v embedded gcc/bin/../lib/gcc/riscv-none-embed/8.2.0/../../../../riscv-none-embed/lib/rv32imacxw/ilp32\libg_nano.a(lib_a-nano-mallocr.o)
                0x0000000000001c34                _malloc_r
 .text.__sfputc_r
                0x0000000000001d08       0x28 c:/mounriver/mounriver_studio/toolchain/risc-v embedded gcc/bin/../lib/gcc/riscv-none-embed/8.2.0/../../../../riscv-none-embed/lib/rv32imacxw/ilp32\libg_nano.a(lib_a-nano-vfprintf.o)
 .text.__sfputs_r
                0x0000000000001d30       0x40 c:/mounriver/mounriver_studio/toolchain/risc-v embedded gcc/bin/../lib/gcc/riscv-none-embed/8.2.0/../../../../riscv-none-embed/lib/rv32imacxw/ilp32\libg_nano.a(lib_a-nano-vfprintf.o)
                0x0000000000001d30                __sfputs_r
 .text._vfprintf_r
                0x0000000000001d70      0x286 c:/mounriver/mounriver_studio/toolchain/risc-v embedded gcc/bin/../lib/gcc/riscv-none-embed/8.2.0/../../../../riscv-none-embed/lib/rv32imacxw/ilp32\libg_nano.a(lib_a-nano-vfprintf.o)
                0x0000000000001d70                _vfprintf_r
                0x0000000000001d70                _vfiprintf_r
 .text._printf_common
                0x0000000000001ff6      0x10c c:/mounriver/mounriver_studio/toolchain/risc-v embedded gcc/bin/../lib/gcc/riscv-none-embed/8.2.0/../../../../riscv-none-embed/lib/rv32imacxw/ilp32\libg_nano.a(lib_a-nano-vfprintf_i.o)
                0x0000000000001ff6                _printf_common
 .text._printf_i
                0x0000000000002102      0x2a0 c:/mounriver/mounriver_studio/toolchain/risc-v embedded gcc/bin/../lib/gcc/riscv-none-embed/8.2.0/../../../../riscv-none-embed/lib/rv32imacxw/ilp32\libg_nano.a(lib_a-nano-vfprintf_i.o)
                0x0000000000002102                _printf_i
 .text._sbrk_r  0x00000000000023a2       0x2a c:/mounriver/mounriver_studio/toolchain/risc-v embedded gcc/bin/../lib/gcc/riscv-none-embed/8.2.0/../../../../riscv-none-embed/lib/rv32imacxw/ilp32\libg_nano.a(lib_a-sbrkr.o)
                0x00000000000023a2                _sbrk_r
 .text.__sread  0x00000000000023cc       0x2c c:/mounriver/mounriver_studio/toolchain/risc-v embedded gcc/bin/../lib/gcc/riscv-none-embed/8.2.0/../../../../riscv-none-embed/lib/rv32imacxw/ilp32\libg_nano.a(lib_a-stdio.o)
                0x00000000000023cc                __sread
 .text.__swrite
                0x00000000000023f8       0x48 c:/mounriver/mounriver_studio/toolchain/risc-v embedded gcc/bin/../lib/gcc/riscv-none-embed/8.2.0/../../../../riscv-none-embed/lib/rv32imacxw/ilp32\libg_nano.a(lib_a-stdio.o)
                0x00000000000023f8                __swrite
 .text.__sseek  0x0000000000002440       0x30 c:/mounriver/mounriver_studio/toolchain/risc-v embedded gcc/bin/../lib/gcc/riscv-none-embed/8.2.0/../../../../riscv-none-embed/lib/rv32imacxw/ilp32\libg_nano.a(lib_a-stdio.o)
                0x0000000000002440                __sseek
 .text.__sclose
                0x0000000000002470        0x6 c:/mounriver/mounriver_studio/toolchain/risc-v embedded gcc/bin/../lib/gcc/riscv-none-embed/8.2.0/../../../../riscv-none-embed/lib/rv32imacxw/ilp32\libg_nano.a(lib_a-stdio.o)
                0x0000000000002470                __sclose
 .text._write_r
                0x0000000000002476       0x2e c:/mounriver/mounriver_studio/toolchain/risc-v embedded gcc/bin/../lib/gcc/riscv-none-embed/8.2.0/../../../../riscv-none-embed/lib/rv32imacxw/ilp32\libg_nano.a(lib_a-writer.o)
                0x0000000000002476                _write_r
 .text._close_r
                0x00000000000024a4       0x28 c:/mounriver/mounriver_studio/toolchain/risc-v embedded gcc/bin/../lib/gcc/riscv-none-embed/8.2.0/../../../../riscv-none-embed/lib/rv32imacxw/ilp32\libg_nano.a(lib_a-closer.o)
                0x00000000000024a4                _close_r
 .text._fstat_r
                0x00000000000024cc       0x2a c:/mounriver/mounriver_studio/toolchain/risc-v embedded gcc/bin/../lib/gcc/riscv-none-embed/8.2.0/../../../../riscv-none-embed/lib/rv32imacxw/ilp32\libg_nano.a(lib_a-fstatr.o)
                0x00000000000024cc                _fstat_r
 .text._isatty_r
                0x00000000000024f6       0x28 c:/mounriver/mounriver_studio/toolchain/risc-v embedded gcc/bin/../lib/gcc/riscv-none-embed/8.2.0/../../../../riscv-none-embed/lib/rv32imacxw/ilp32\libg_nano.a(lib_a-isattyr.o)
                0x00000000000024f6                _isatty_r
 .text._lseek_r
                0x000000000000251e       0x2c c:/mounriver/mounriver_studio/toolchain/risc-v embedded gcc/bin/../lib/gcc/riscv-none-embed/8.2.0/../../../../riscv-none-embed/lib/rv32imacxw/ilp32\libg_nano.a(lib_a-lseekr.o)
                0x000000000000251e                _lseek_r
 .text.memchr   0x000000000000254a       0x18 c:/mounriver/mounriver_studio/toolchain/risc-v embedded gcc/bin/../lib/gcc/riscv-none-embed/8.2.0/../../../../riscv-none-embed/lib/rv32imacxw/ilp32\libg_nano.a(lib_a-memchr.o)
                0x000000000000254a                memchr
 .text.__malloc_lock
                0x0000000000002562        0x2 c:/mounriver/mounriver_studio/toolchain/risc-v embedded gcc/bin/../lib/gcc/riscv-none-embed/8.2.0/../../../../riscv-none-embed/lib/rv32imacxw/ilp32\libg_nano.a(lib_a-mlock.o)
                0x0000000000002562                __malloc_lock
 .text.__malloc_unlock
                0x0000000000002564        0x2 c:/mounriver/mounriver_studio/toolchain/risc-v embedded gcc/bin/../lib/gcc/riscv-none-embed/8.2.0/../../../../riscv-none-embed/lib/rv32imacxw/ilp32\libg_nano.a(lib_a-mlock.o)
                0x0000000000002564                __malloc_unlock
 .text._read_r  0x0000000000002566       0x2c c:/mounriver/mounriver_studio/toolchain/risc-v embedded gcc/bin/../lib/gcc/riscv-none-embed/8.2.0/../../../../riscv-none-embed/lib/rv32imacxw/ilp32\libg_nano.a(lib_a-readr.o)
                0x0000000000002566                _read_r
 .text._close   0x0000000000002592        0xc c:/mounriver/mounriver_studio/toolchain/risc-v embedded gcc/bin/../lib/gcc/riscv-none-embed/8.2.0/../../../../riscv-none-embed/lib/rv32imacxw/ilp32\libnosys.a(close.o)
                0x0000000000002592                _close
 .text._fstat   0x000000000000259e        0xc c:/mounriver/mounriver_studio/toolchain/risc-v embedded gcc/bin/../lib/gcc/riscv-none-embed/8.2.0/../../../../riscv-none-embed/lib/rv32imacxw/ilp32\libnosys.a(fstat.o)
                0x000000000000259e                _fstat
 .text._isatty  0x00000000000025aa        0xc c:/mounriver/mounriver_studio/toolchain/risc-v embedded gcc/bin/../lib/gcc/riscv-none-embed/8.2.0/../../../../riscv-none-embed/lib/rv32imacxw/ilp32\libnosys.a(isatty.o)
                0x00000000000025aa                _isatty
 .text._lseek   0x00000000000025b6        0xc c:/mounriver/mounriver_studio/toolchain/risc-v embedded gcc/bin/../lib/gcc/riscv-none-embed/8.2.0/../../../../riscv-none-embed/lib/rv32imacxw/ilp32\libnosys.a(lseek.o)
                0x00000000000025b6                _lseek
 .text._read    0x00000000000025c2        0xc c:/mounriver/mounriver_studio/toolchain/risc-v embedded gcc/bin/../lib/gcc/riscv-none-embed/8.2.0/../../../../riscv-none-embed/lib/rv32imacxw/ilp32\libnosys.a(read.o)
                0x00000000000025c2                _read
 *(.rodata)
 *(.rodata*)
 *fill*         0x00000000000025ce        0x2 
 .rodata.PD_Main_Proc
                0x00000000000025d0       0x48 ./User/PD_Process.o
 .rodata.PD_Det_Proc.str1.4
                0x0000000000002618       0x13 ./User/PD_Process.o
 *fill*         0x000000000000262b        0x1 
 .rodata.PD_Main_Proc.str1.4
                0x000000000000262c       0x2d ./User/PD_Process.o
 *fill*         0x0000000000002659        0x3 
 .rodata.USBPD_IRQHandler.str1.4
                0x000000000000265c        0xd ./User/PD_Process.o
 *fill*         0x0000000000002669        0x3 
 .rodata.main.str1.4
                0x000000000000266c       0x2d ./User/main.o
 *fill*         0x0000000000002699        0x3 
 .rodata.__sf_fake_stderr
                0x000000000000269c       0x20 c:/mounriver/mounriver_studio/toolchain/risc-v embedded gcc/bin/../lib/gcc/riscv-none-embed/8.2.0/../../../../riscv-none-embed/lib/rv32imacxw/ilp32\libg_nano.a(lib_a-findfp.o)
                0x000000000000269c                __sf_fake_stderr
 .rodata.__sf_fake_stdin
                0x00000000000026bc       0x20 c:/mounriver/mounriver_studio/toolchain/risc-v embedded gcc/bin/../lib/gcc/riscv-none-embed/8.2.0/../../../../riscv-none-embed/lib/rv32imacxw/ilp32\libg_nano.a(lib_a-findfp.o)
                0x00000000000026bc                __sf_fake_stdin
 .rodata.__sf_fake_stdout
                0x00000000000026dc       0x20 c:/mounriver/mounriver_studio/toolchain/risc-v embedded gcc/bin/../lib/gcc/riscv-none-embed/8.2.0/../../../../riscv-none-embed/lib/rv32imacxw/ilp32\libg_nano.a(lib_a-findfp.o)
                0x00000000000026dc                __sf_fake_stdout
 .rodata._vfprintf_r.str1.4
                0x00000000000026fc       0x13 c:/mounriver/mounriver_studio/toolchain/risc-v embedded gcc/bin/../lib/gcc/riscv-none-embed/8.2.0/../../../../riscv-none-embed/lib/rv32imacxw/ilp32\libg_nano.a(lib_a-nano-vfprintf.o)
 *fill*         0x000000000000270f        0x1 
 .rodata._printf_i.str1.4
                0x0000000000002710       0x28 c:/mounriver/mounriver_studio/toolchain/risc-v embedded gcc/bin/../lib/gcc/riscv-none-embed/8.2.0/../../../../riscv-none-embed/lib/rv32imacxw/ilp32\libg_nano.a(lib_a-nano-vfprintf_i.o)
                                         0x25 (size before relaxing)
 *(.gnu.linkonce.t.*)
                0x0000000000002738                . = ALIGN (0x4)

.rela.dyn       0x0000000000002738        0x0
 .rela.init     0x0000000000002738        0x0 ./User/PD_Process.o
 .rela.vector   0x0000000000002738        0x0 ./User/PD_Process.o
 .rela.text.handle_reset
                0x0000000000002738        0x0 ./User/PD_Process.o
 .rela.text._sbrk
                0x0000000000002738        0x0 ./User/PD_Process.o
 .rela.sdata.curbrk.4294
                0x0000000000002738        0x0 ./User/PD_Process.o
 .rela.text._vfprintf_r
                0x0000000000002738        0x0 ./User/PD_Process.o
 .rela.text._sbrk_r
                0x0000000000002738        0x0 ./User/PD_Process.o
 .rela.text._write_r
                0x0000000000002738        0x0 ./User/PD_Process.o
 .rela.text._close_r
                0x0000000000002738        0x0 ./User/PD_Process.o
 .rela.text._fstat_r
                0x0000000000002738        0x0 ./User/PD_Process.o
 .rela.text._isatty_r
                0x0000000000002738        0x0 ./User/PD_Process.o
 .rela.text._lseek_r
                0x0000000000002738        0x0 ./User/PD_Process.o
 .rela.text._read_r
                0x0000000000002738        0x0 ./User/PD_Process.o
 .rela.text._close
                0x0000000000002738        0x0 ./User/PD_Process.o
 .rela.text._fstat
                0x0000000000002738        0x0 ./User/PD_Process.o
 .rela.text._isatty
                0x0000000000002738        0x0 ./User/PD_Process.o
 .rela.text._lseek
                0x0000000000002738        0x0 ./User/PD_Process.o
 .rela.text._read
                0x0000000000002738        0x0 ./User/PD_Process.o

.fini           0x0000000000002738        0x0
 *(SORT_NONE(.fini))
                0x0000000000002738                . = ALIGN (0x4)
                [!provide]                        PROVIDE (_etext = .)
                [!provide]                        PROVIDE (_eitcm = .)

.preinit_array  0x0000000000002738        0x0
                [!provide]                        PROVIDE (__preinit_array_start = .)
 *(.preinit_array)
                [!provide]                        PROVIDE (__preinit_array_end = .)

.init_array     0x0000000000002738        0x0
                [!provide]                        PROVIDE (__init_array_start = .)
 *(SORT_BY_INIT_PRIORITY(.init_array.*) SORT_BY_INIT_PRIORITY(.ctors.*))
 *(.init_array EXCLUDE_FILE(*crtend?.o *crtend.o *crtbegin?.o *crtbegin.o) .ctors)
                [!provide]                        PROVIDE (__init_array_end = .)

.fini_array     0x0000000000002738        0x0
                [!provide]                        PROVIDE (__fini_array_start = .)
 *(SORT_BY_INIT_PRIORITY(.fini_array.*) SORT_BY_INIT_PRIORITY(.dtors.*))
 *(.fini_array EXCLUDE_FILE(*crtend?.o *crtend.o *crtbegin?.o *crtbegin.o) .dtors)
                [!provide]                        PROVIDE (__fini_array_end = .)

.ctors
 *crtbegin.o(.ctors)
 *crtbegin?.o(.ctors)
 *(EXCLUDE_FILE(*crtend?.o *crtend.o) .ctors)
 *(SORT_BY_NAME(.ctors.*))
 *(.ctors)

.dtors
 *crtbegin.o(.dtors)
 *crtbegin?.o(.dtors)
 *(EXCLUDE_FILE(*crtend?.o *crtend.o) .dtors)
 *(SORT_BY_NAME(.dtors.*))
 *(.dtors)

.dalign         0x0000000020000000        0x0 load address 0x0000000000002738
                0x0000000020000000                . = ALIGN (0x4)
                0x0000000020000000                PROVIDE (_data_vma = .)

.dlalign        0x0000000000002738        0x0
                0x0000000000002738                . = ALIGN (0x4)
                0x0000000000002738                PROVIDE (_data_lma = .)

.data           0x0000000020000000       0xd0 load address 0x0000000000002738
 *(.gnu.linkonce.r.*)
 *(.data .data.*)
 .data.SrcCap_Ext_Tab
                0x0000000020000000       0x1c ./User/PD_Process.o
                0x0000000020000000                SrcCap_Ext_Tab
 .data.AHBPrescTable
                0x000000002000001c       0x10 ./User/system_ch32x035.o
                0x000000002000001c                AHBPrescTable
 .data.APBAHBPrescTable
                0x000000002000002c       0x10 ./Peripheral/src/ch32x035_rcc.o
 .data.impure_data
                0x000000002000003c       0x60 c:/mounriver/mounriver_studio/toolchain/risc-v embedded gcc/bin/../lib/gcc/riscv-none-embed/8.2.0/../../../../riscv-none-embed/lib/rv32imacxw/ilp32\libg_nano.a(lib_a-impure.o)
 *(.gnu.linkonce.d.*)
                0x00000000200000a0                . = ALIGN (0x8)
 *fill*         0x000000002000009c        0x4 
                0x00000000200008a0                PROVIDE (__global_pointer$ = (. + 0x800))
 *(.sdata .sdata.*)
 .sdata.SinkCap_5V1A_Tab
                0x00000000200000a0        0x4 ./User/PD_Process.o
                0x00000000200000a0                SinkCap_5V1A_Tab
 .sdata.SrcCap_5V3A_Tab
                0x00000000200000a4        0x4 ./User/PD_Process.o
                0x00000000200000a4                SrcCap_5V3A_Tab
 .sdata.Status_Ext_Tab
                0x00000000200000a8        0x8 ./User/PD_Process.o
                0x00000000200000a8                Status_Ext_Tab
 .sdata.SystemCoreClock
                0x00000000200000b0        0x4 ./User/system_ch32x035.o
                0x00000000200000b0                SystemCoreClock
 .sdata.CFGHR_tmpA
                0x00000000200000b4        0x4 ./Peripheral/src/ch32x035_gpio.o
                0x00000000200000b4                CFGHR_tmpA
 .sdata.CFGHR_tmpB
                0x00000000200000b8        0x4 ./Peripheral/src/ch32x035_gpio.o
                0x00000000200000b8                CFGHR_tmpB
 .sdata.CFGHR_tmpC
                0x00000000200000bc        0x4 ./Peripheral/src/ch32x035_gpio.o
                0x00000000200000bc                CFGHR_tmpC
 .sdata.curbrk.4294
                0x00000000200000c0        0x4 ./Debug/debug.o
 .sdata._impure_ptr
                0x00000000200000c4        0x4 c:/mounriver/mounriver_studio/toolchain/risc-v embedded gcc/bin/../lib/gcc/riscv-none-embed/8.2.0/../../../../riscv-none-embed/lib/rv32imacxw/ilp32\libg_nano.a(lib_a-impure.o)
                0x00000000200000c4                _impure_ptr
 *(.sdata2.*)
 .sdata2._global_impure_ptr
                0x00000000200000c8        0x4 c:/mounriver/mounriver_studio/toolchain/risc-v embedded gcc/bin/../lib/gcc/riscv-none-embed/8.2.0/../../../../riscv-none-embed/lib/rv32imacxw/ilp32\libg_nano.a(lib_a-impure.o)
                0x00000000200000c8                _global_impure_ptr
 *(.gnu.linkonce.s.*)
                0x00000000200000d0                . = ALIGN (0x8)
 *fill*         0x00000000200000cc        0x4 
 *(.srodata.cst16)
 *(.srodata.cst8)
 *(.srodata.cst4)
 *(.srodata.cst2)
 *(.srodata .srodata.*)
                0x00000000200000d0                . = ALIGN (0x4)
                0x00000000200000d0                PROVIDE (_edata = .)

.bss            0x00000000200000d0       0xa0 load address 0x0000000000002808
                0x00000000200000d0                . = ALIGN (0x4)
                0x00000000200000d0                PROVIDE (_sbss = .)
 *(.sbss*)
 .sbss.PD_Ack_Buf
                0x00000000200000d0        0x2 ./User/PD_Process.o
                0x00000000200000d0                PD_Ack_Buf
 .sbss.Tmr_Ms_Cnt_Last
                0x00000000200000d2        0x1 ./User/PD_Process.o
                0x00000000200000d2                Tmr_Ms_Cnt_Last
 .sbss.Tmr_Ms_Dlt
                0x00000000200000d3        0x1 ./User/PD_Process.o
                0x00000000200000d3                Tmr_Ms_Dlt
 .sbss.Tim_Ms_Cnt
                0x00000000200000d4        0x1 ./User/main.o
                0x00000000200000d4                Tim_Ms_Cnt
 *fill*         0x00000000200000d5        0x3 
 .sbss.NVIC_Priority_Group
                0x00000000200000d8        0x4 ./Peripheral/src/ch32x035_misc.o
                0x00000000200000d8                NVIC_Priority_Group
 .sbss.p_ms     0x00000000200000dc        0x2 ./Debug/debug.o
 .sbss.p_us     0x00000000200000de        0x1 ./Debug/debug.o
 *fill*         0x00000000200000df        0x1 
 .sbss.__malloc_free_list
                0x00000000200000e0        0x4 c:/mounriver/mounriver_studio/toolchain/risc-v embedded gcc/bin/../lib/gcc/riscv-none-embed/8.2.0/../../../../riscv-none-embed/lib/rv32imacxw/ilp32\libg_nano.a(lib_a-nano-mallocr.o)
                0x00000000200000e0                __malloc_free_list
 .sbss.__malloc_sbrk_start
                0x00000000200000e4        0x4 c:/mounriver/mounriver_studio/toolchain/risc-v embedded gcc/bin/../lib/gcc/riscv-none-embed/8.2.0/../../../../riscv-none-embed/lib/rv32imacxw/ilp32\libg_nano.a(lib_a-nano-mallocr.o)
                0x00000000200000e4                __malloc_sbrk_start
 *(.gnu.linkonce.sb.*)
 *(.bss*)
 .bss.Adapter_SrcCap
                0x00000000200000e8       0x1e ./User/PD_Process.o
                0x00000000200000e8                Adapter_SrcCap
 *fill*         0x0000000020000106        0x2 
 .bss.PD_Ctl    0x0000000020000108       0x1c ./User/PD_Process.o
                0x0000000020000108                PD_Ctl
 .bss.PD_Rx_Buf
                0x0000000020000124       0x22 ./User/PD_Process.o
                0x0000000020000124                PD_Rx_Buf
 *fill*         0x0000000020000146        0x2 
 .bss.PD_Tx_Buf
                0x0000000020000148       0x22 ./User/PD_Process.o
                0x0000000020000148                PD_Tx_Buf
 *(.gnu.linkonce.b.*)
 *(COMMON*)
 *fill*         0x000000002000016a        0x2 
 COMMON         0x000000002000016c        0x4 c:/mounriver/mounriver_studio/toolchain/risc-v embedded gcc/bin/../lib/gcc/riscv-none-embed/8.2.0/../../../../riscv-none-embed/lib/rv32imacxw/ilp32\libg_nano.a(lib_a-reent.o)
                0x000000002000016c                errno
                0x0000000020000170                . = ALIGN (0x4)
                0x0000000020000170                PROVIDE (_ebss = .)
                0x0000000020000170                PROVIDE (_end = _ebss)
                [!provide]                        PROVIDE (end = .)

.stack          0x0000000020004800      0x800
                0x0000000020004800                PROVIDE (_heap_end = .)
                0x0000000020004800                . = ALIGN (0x4)
                [!provide]                        PROVIDE (_susrstack = .)
                0x0000000020005000                . = (. + __stack_size)
 *fill*         0x0000000020004800      0x800 
                0x0000000020005000                PROVIDE (_eusrstack = .)
OUTPUT(USBPD_SNK.elf elf32-littleriscv)

.debug_info     0x0000000000000000     0xcc88
 .debug_info    0x0000000000000000     0x1e5f ./User/PD_Process.o
 .debug_info    0x0000000000001e5f      0x962 ./User/ch32x035_it.o
 .debug_info    0x00000000000027c1     0x14bb ./User/main.o
 .debug_info    0x0000000000003c7c      0xb56 ./User/system_ch32x035.o
 .debug_info    0x00000000000047d2       0x22 ./Startup/startup_ch32x035.o
 .debug_info    0x00000000000047f4      0xa94 ./Peripheral/src/ch32x035_dbgmcu.o
 .debug_info    0x0000000000005288     0x110e ./Peripheral/src/ch32x035_gpio.o
 .debug_info    0x0000000000006396      0xe46 ./Peripheral/src/ch32x035_misc.o
 .debug_info    0x00000000000071dc      0xd8f ./Peripheral/src/ch32x035_rcc.o
 .debug_info    0x0000000000007f6b     0x2aca ./Peripheral/src/ch32x035_tim.o
 .debug_info    0x000000000000aa35     0x1333 ./Peripheral/src/ch32x035_usart.o
 .debug_info    0x000000000000bd68      0xf20 ./Debug/debug.o

.debug_abbrev   0x0000000000000000     0x231a
 .debug_abbrev  0x0000000000000000      0x543 ./User/PD_Process.o
 .debug_abbrev  0x0000000000000543      0x1cf ./User/ch32x035_it.o
 .debug_abbrev  0x0000000000000712      0x33b ./User/main.o
 .debug_abbrev  0x0000000000000a4d      0x258 ./User/system_ch32x035.o
 .debug_abbrev  0x0000000000000ca5       0x12 ./Startup/startup_ch32x035.o
 .debug_abbrev  0x0000000000000cb7      0x2f7 ./Peripheral/src/ch32x035_dbgmcu.o
 .debug_abbrev  0x0000000000000fae      0x34b ./Peripheral/src/ch32x035_gpio.o
 .debug_abbrev  0x00000000000012f9      0x2fb ./Peripheral/src/ch32x035_misc.o
 .debug_abbrev  0x00000000000015f4      0x326 ./Peripheral/src/ch32x035_rcc.o
 .debug_abbrev  0x000000000000191a      0x408 ./Peripheral/src/ch32x035_tim.o
 .debug_abbrev  0x0000000000001d22      0x312 ./Peripheral/src/ch32x035_usart.o
 .debug_abbrev  0x0000000000002034      0x2e6 ./Debug/debug.o

.debug_loc      0x0000000000000000     0x34e7
 .debug_loc     0x0000000000000000      0x5f2 ./User/PD_Process.o
 .debug_loc     0x00000000000005f2       0x42 ./User/main.o
 .debug_loc     0x0000000000000634       0x1f ./User/system_ch32x035.o
 .debug_loc     0x0000000000000653       0x7c ./Peripheral/src/ch32x035_dbgmcu.o
 .debug_loc     0x00000000000006cf      0x784 ./Peripheral/src/ch32x035_gpio.o
 .debug_loc     0x0000000000000e53       0xce ./Peripheral/src/ch32x035_misc.o
 .debug_loc     0x0000000000000f21      0x34e ./Peripheral/src/ch32x035_rcc.o
 .debug_loc     0x000000000000126f     0x19ec ./Peripheral/src/ch32x035_tim.o
 .debug_loc     0x0000000000002c5b      0x715 ./Peripheral/src/ch32x035_usart.o
 .debug_loc     0x0000000000003370      0x177 ./Debug/debug.o

.debug_aranges  0x0000000000000000      0x6f0
 .debug_aranges
                0x0000000000000000       0x90 ./User/PD_Process.o
 .debug_aranges
                0x0000000000000090       0x28 ./User/ch32x035_it.o
 .debug_aranges
                0x00000000000000b8       0x30 ./User/main.o
 .debug_aranges
                0x00000000000000e8       0x28 ./User/system_ch32x035.o
 .debug_aranges
                0x0000000000000110       0x30 ./Startup/startup_ch32x035.o
 .debug_aranges
                0x0000000000000140       0x48 ./Peripheral/src/ch32x035_dbgmcu.o
 .debug_aranges
                0x0000000000000188       0x98 ./Peripheral/src/ch32x035_gpio.o
 .debug_aranges
                0x0000000000000220       0x28 ./Peripheral/src/ch32x035_misc.o
 .debug_aranges
                0x0000000000000248       0x80 ./Peripheral/src/ch32x035_rcc.o
 .debug_aranges
                0x00000000000002c8      0x2f0 ./Peripheral/src/ch32x035_tim.o
 .debug_aranges
                0x00000000000005b8       0xf0 ./Peripheral/src/ch32x035_usart.o
 .debug_aranges
                0x00000000000006a8       0x48 ./Debug/debug.o

.debug_ranges   0x0000000000000000      0x6f8
 .debug_ranges  0x0000000000000000       0xc8 ./User/PD_Process.o
 .debug_ranges  0x00000000000000c8       0x18 ./User/ch32x035_it.o
 .debug_ranges  0x00000000000000e0       0x20 ./User/main.o
 .debug_ranges  0x0000000000000100       0x18 ./User/system_ch32x035.o
 .debug_ranges  0x0000000000000118       0x28 ./Startup/startup_ch32x035.o
 .debug_ranges  0x0000000000000140       0x50 ./Peripheral/src/ch32x035_dbgmcu.o
 .debug_ranges  0x0000000000000190       0x88 ./Peripheral/src/ch32x035_gpio.o
 .debug_ranges  0x0000000000000218       0x48 ./Peripheral/src/ch32x035_misc.o
 .debug_ranges  0x0000000000000260       0x70 ./Peripheral/src/ch32x035_rcc.o
 .debug_ranges  0x00000000000002d0      0x310 ./Peripheral/src/ch32x035_tim.o
 .debug_ranges  0x00000000000005e0       0xe0 ./Peripheral/src/ch32x035_usart.o
 .debug_ranges  0x00000000000006c0       0x38 ./Debug/debug.o

.debug_line     0x0000000000000000     0x8f8a
 .debug_line    0x0000000000000000     0x1b37 ./User/PD_Process.o
 .debug_line    0x0000000000001b37      0x225 ./User/ch32x035_it.o
 .debug_line    0x0000000000001d5c      0x60d ./User/main.o
 .debug_line    0x0000000000002369      0x36c ./User/system_ch32x035.o
 .debug_line    0x00000000000026d5      0x245 ./Startup/startup_ch32x035.o
 .debug_line    0x000000000000291a      0x384 ./Peripheral/src/ch32x035_dbgmcu.o
 .debug_line    0x0000000000002c9e      0xf34 ./Peripheral/src/ch32x035_gpio.o
 .debug_line    0x0000000000003bd2      0x4c4 ./Peripheral/src/ch32x035_misc.o
 .debug_line    0x0000000000004096      0x7b9 ./Peripheral/src/ch32x035_rcc.o
 .debug_line    0x000000000000484f     0x31dd ./Peripheral/src/ch32x035_tim.o
 .debug_line    0x0000000000007a2c      0xe69 ./Peripheral/src/ch32x035_usart.o
 .debug_line    0x0000000000008895      0x6f5 ./Debug/debug.o

.debug_str      0x0000000000000000     0x2941
 .debug_str     0x0000000000000000     0x1065 ./User/PD_Process.o
                                       0x115c (size before relaxing)
 .debug_str     0x0000000000001065       0x34 ./User/ch32x035_it.o
                                        0x5ac (size before relaxing)
 .debug_str     0x0000000000001099      0x308 ./User/main.o
                                       0x1010 (size before relaxing)
 .debug_str     0x00000000000013a1       0xc7 ./User/system_ch32x035.o
                                        0x6aa (size before relaxing)
 .debug_str     0x0000000000001468       0x49 ./Startup/startup_ch32x035.o
                                         0x7b (size before relaxing)
 .debug_str     0x00000000000014b1       0xa6 ./Peripheral/src/ch32x035_dbgmcu.o
                                        0x65b (size before relaxing)
 .debug_str     0x0000000000001557      0x22d ./Peripheral/src/ch32x035_gpio.o
                                        0x994 (size before relaxing)
 .debug_str     0x0000000000001784       0x99 ./Peripheral/src/ch32x035_misc.o
                                        0xa2d (size before relaxing)
 .debug_str     0x000000000000181d      0x1b6 ./Peripheral/src/ch32x035_rcc.o
                                        0x865 (size before relaxing)
 .debug_str     0x00000000000019d3      0xad1 ./Peripheral/src/ch32x035_tim.o
                                       0x1366 (size before relaxing)
 .debug_str     0x00000000000024a4      0x408 ./Peripheral/src/ch32x035_usart.o
                                        0xaee (size before relaxing)
 .debug_str     0x00000000000028ac       0x95 ./Debug/debug.o
                                        0x8fe (size before relaxing)

.comment        0x0000000000000000       0x33
 .comment       0x0000000000000000       0x33 ./User/PD_Process.o
                                         0x34 (size before relaxing)
 .comment       0x0000000000000033       0x34 ./User/ch32x035_it.o
 .comment       0x0000000000000033       0x34 ./User/main.o
 .comment       0x0000000000000033       0x34 ./User/system_ch32x035.o
 .comment       0x0000000000000033       0x34 ./Peripheral/src/ch32x035_dbgmcu.o
 .comment       0x0000000000000033       0x34 ./Peripheral/src/ch32x035_gpio.o
 .comment       0x0000000000000033       0x34 ./Peripheral/src/ch32x035_misc.o
 .comment       0x0000000000000033       0x34 ./Peripheral/src/ch32x035_rcc.o
 .comment       0x0000000000000033       0x34 ./Peripheral/src/ch32x035_tim.o
 .comment       0x0000000000000033       0x34 ./Peripheral/src/ch32x035_usart.o
 .comment       0x0000000000000033       0x34 ./Debug/debug.o

.debug_frame    0x0000000000000000     0x1774
 .debug_frame   0x0000000000000000      0x1bc ./User/PD_Process.o
 .debug_frame   0x00000000000001bc       0x30 ./User/ch32x035_it.o
 .debug_frame   0x00000000000001ec       0x78 ./User/main.o
 .debug_frame   0x0000000000000264       0x30 ./User/system_ch32x035.o
 .debug_frame   0x0000000000000294       0x70 ./Peripheral/src/ch32x035_dbgmcu.o
 .debug_frame   0x0000000000000304      0x13c ./Peripheral/src/ch32x035_gpio.o
 .debug_frame   0x0000000000000440       0x30 ./Peripheral/src/ch32x035_misc.o
 .debug_frame   0x0000000000000470       0xfc ./Peripheral/src/ch32x035_rcc.o
 .debug_frame   0x000000000000056c      0x654 ./Peripheral/src/ch32x035_tim.o
 .debug_frame   0x0000000000000bc0      0x1e4 ./Peripheral/src/ch32x035_usart.o
 .debug_frame   0x0000000000000da4       0x9c ./Debug/debug.o
 .debug_frame   0x0000000000000e40       0x20 c:/mounriver/mounriver_studio/toolchain/risc-v embedded gcc/bin/../lib/gcc/riscv-none-embed/8.2.0/../../../../riscv-none-embed/lib/rv32imacxw/ilp32\libg_nano.a(lib_a-memcpy.o)
 .debug_frame   0x0000000000000e60       0x54 c:/mounriver/mounriver_studio/toolchain/risc-v embedded gcc/bin/../lib/gcc/riscv-none-embed/8.2.0/../../../../riscv-none-embed/lib/rv32imacxw/ilp32\libg_nano.a(lib_a-printf.o)
 .debug_frame   0x0000000000000eb4       0x54 c:/mounriver/mounriver_studio/toolchain/risc-v embedded gcc/bin/../lib/gcc/riscv-none-embed/8.2.0/../../../../riscv-none-embed/lib/rv32imacxw/ilp32\libg_nano.a(lib_a-puts.o)
 .debug_frame   0x0000000000000f08       0x50 c:/mounriver/mounriver_studio/toolchain/risc-v embedded gcc/bin/../lib/gcc/riscv-none-embed/8.2.0/../../../../riscv-none-embed/lib/rv32imacxw/ilp32\libg_nano.a(lib_a-wbuf.o)
 .debug_frame   0x0000000000000f58       0x3c c:/mounriver/mounriver_studio/toolchain/risc-v embedded gcc/bin/../lib/gcc/riscv-none-embed/8.2.0/../../../../riscv-none-embed/lib/rv32imacxw/ilp32\libg_nano.a(lib_a-wsetup.o)
 .debug_frame   0x0000000000000f94       0x7c c:/mounriver/mounriver_studio/toolchain/risc-v embedded gcc/bin/../lib/gcc/riscv-none-embed/8.2.0/../../../../riscv-none-embed/lib/rv32imacxw/ilp32\libg_nano.a(lib_a-fflush.o)
 .debug_frame   0x0000000000001010      0x148 c:/mounriver/mounriver_studio/toolchain/risc-v embedded gcc/bin/../lib/gcc/riscv-none-embed/8.2.0/../../../../riscv-none-embed/lib/rv32imacxw/ilp32\libg_nano.a(lib_a-findfp.o)
 .debug_frame   0x0000000000001158       0x88 c:/mounriver/mounriver_studio/toolchain/risc-v embedded gcc/bin/../lib/gcc/riscv-none-embed/8.2.0/../../../../riscv-none-embed/lib/rv32imacxw/ilp32\libg_nano.a(lib_a-fwalk.o)
 .debug_frame   0x00000000000011e0       0x64 c:/mounriver/mounriver_studio/toolchain/risc-v embedded gcc/bin/../lib/gcc/riscv-none-embed/8.2.0/../../../../riscv-none-embed/lib/rv32imacxw/ilp32\libg_nano.a(lib_a-makebuf.o)
 .debug_frame   0x0000000000001244       0x40 c:/mounriver/mounriver_studio/toolchain/risc-v embedded gcc/bin/../lib/gcc/riscv-none-embed/8.2.0/../../../../riscv-none-embed/lib/rv32imacxw/ilp32\libg_nano.a(lib_a-nano-freer.o)
 .debug_frame   0x0000000000001284       0x40 c:/mounriver/mounriver_studio/toolchain/risc-v embedded gcc/bin/../lib/gcc/riscv-none-embed/8.2.0/../../../../riscv-none-embed/lib/rv32imacxw/ilp32\libg_nano.a(lib_a-nano-mallocr.o)
 .debug_frame   0x00000000000012c4       0xd0 c:/mounriver/mounriver_studio/toolchain/risc-v embedded gcc/bin/../lib/gcc/riscv-none-embed/8.2.0/../../../../riscv-none-embed/lib/rv32imacxw/ilp32\libg_nano.a(lib_a-nano-vfprintf.o)
 .debug_frame   0x0000000000001394       0x8c c:/mounriver/mounriver_studio/toolchain/risc-v embedded gcc/bin/../lib/gcc/riscv-none-embed/8.2.0/../../../../riscv-none-embed/lib/rv32imacxw/ilp32\libg_nano.a(lib_a-nano-vfprintf_i.o)
 .debug_frame   0x0000000000001420       0x30 c:/mounriver/mounriver_studio/toolchain/risc-v embedded gcc/bin/../lib/gcc/riscv-none-embed/8.2.0/../../../../riscv-none-embed/lib/rv32imacxw/ilp32\libg_nano.a(lib_a-sbrkr.o)
 .debug_frame   0x0000000000001450       0xa4 c:/mounriver/mounriver_studio/toolchain/risc-v embedded gcc/bin/../lib/gcc/riscv-none-embed/8.2.0/../../../../riscv-none-embed/lib/rv32imacxw/ilp32\libg_nano.a(lib_a-stdio.o)
 .debug_frame   0x00000000000014f4       0x30 c:/mounriver/mounriver_studio/toolchain/risc-v embedded gcc/bin/../lib/gcc/riscv-none-embed/8.2.0/../../../../riscv-none-embed/lib/rv32imacxw/ilp32\libg_nano.a(lib_a-writer.o)
 .debug_frame   0x0000000000001524       0x30 c:/mounriver/mounriver_studio/toolchain/risc-v embedded gcc/bin/../lib/gcc/riscv-none-embed/8.2.0/../../../../riscv-none-embed/lib/rv32imacxw/ilp32\libg_nano.a(lib_a-closer.o)
 .debug_frame   0x0000000000001554       0x30 c:/mounriver/mounriver_studio/toolchain/risc-v embedded gcc/bin/../lib/gcc/riscv-none-embed/8.2.0/../../../../riscv-none-embed/lib/rv32imacxw/ilp32\libg_nano.a(lib_a-fstatr.o)
 .debug_frame   0x0000000000001584       0x30 c:/mounriver/mounriver_studio/toolchain/risc-v embedded gcc/bin/../lib/gcc/riscv-none-embed/8.2.0/../../../../riscv-none-embed/lib/rv32imacxw/ilp32\libg_nano.a(lib_a-isattyr.o)
 .debug_frame   0x00000000000015b4       0x30 c:/mounriver/mounriver_studio/toolchain/risc-v embedded gcc/bin/../lib/gcc/riscv-none-embed/8.2.0/../../../../riscv-none-embed/lib/rv32imacxw/ilp32\libg_nano.a(lib_a-lseekr.o)
 .debug_frame   0x00000000000015e4       0x20 c:/mounriver/mounriver_studio/toolchain/risc-v embedded gcc/bin/../lib/gcc/riscv-none-embed/8.2.0/../../../../riscv-none-embed/lib/rv32imacxw/ilp32\libg_nano.a(lib_a-memchr.o)
 .debug_frame   0x0000000000001604       0x30 c:/mounriver/mounriver_studio/toolchain/risc-v embedded gcc/bin/../lib/gcc/riscv-none-embed/8.2.0/../../../../riscv-none-embed/lib/rv32imacxw/ilp32\libg_nano.a(lib_a-mlock.o)
 .debug_frame   0x0000000000001634       0x30 c:/mounriver/mounriver_studio/toolchain/risc-v embedded gcc/bin/../lib/gcc/riscv-none-embed/8.2.0/../../../../riscv-none-embed/lib/rv32imacxw/ilp32\libg_nano.a(lib_a-readr.o)
 .debug_frame   0x0000000000001664       0x70 c:/mounriver/mounriver_studio/toolchain/risc-v embedded gcc/bin/../lib/gcc/riscv-none-embed/8.2.0/../../../../riscv-none-embed/lib/rv32imacxw/ilp32\libg_nano.a(lib_a-reent.o)
 .debug_frame   0x00000000000016d4       0x20 c:/mounriver/mounriver_studio/toolchain/risc-v embedded gcc/bin/../lib/gcc/riscv-none-embed/8.2.0/../../../../riscv-none-embed/lib/rv32imacxw/ilp32\libnosys.a(close.o)
 .debug_frame   0x00000000000016f4       0x20 c:/mounriver/mounriver_studio/toolchain/risc-v embedded gcc/bin/../lib/gcc/riscv-none-embed/8.2.0/../../../../riscv-none-embed/lib/rv32imacxw/ilp32\libnosys.a(fstat.o)
 .debug_frame   0x0000000000001714       0x20 c:/mounriver/mounriver_studio/toolchain/risc-v embedded gcc/bin/../lib/gcc/riscv-none-embed/8.2.0/../../../../riscv-none-embed/lib/rv32imacxw/ilp32\libnosys.a(isatty.o)
 .debug_frame   0x0000000000001734       0x20 c:/mounriver/mounriver_studio/toolchain/risc-v embedded gcc/bin/../lib/gcc/riscv-none-embed/8.2.0/../../../../riscv-none-embed/lib/rv32imacxw/ilp32\libnosys.a(lseek.o)
 .debug_frame   0x0000000000001754       0x20 c:/mounriver/mounriver_studio/toolchain/risc-v embedded gcc/bin/../lib/gcc/riscv-none-embed/8.2.0/../../../../riscv-none-embed/lib/rv32imacxw/ilp32\libnosys.a(read.o)

.stab           0x0000000000000000       0x84
 .stab          0x0000000000000000       0x24 c:/mounriver/mounriver_studio/toolchain/risc-v embedded gcc/bin/../lib/gcc/riscv-none-embed/8.2.0/../../../../riscv-none-embed/lib/rv32imacxw/ilp32\libnosys.a(close.o)
 .stab          0x0000000000000024       0x18 c:/mounriver/mounriver_studio/toolchain/risc-v embedded gcc/bin/../lib/gcc/riscv-none-embed/8.2.0/../../../../riscv-none-embed/lib/rv32imacxw/ilp32\libnosys.a(fstat.o)
                                         0x24 (size before relaxing)
 .stab          0x000000000000003c       0x18 c:/mounriver/mounriver_studio/toolchain/risc-v embedded gcc/bin/../lib/gcc/riscv-none-embed/8.2.0/../../../../riscv-none-embed/lib/rv32imacxw/ilp32\libnosys.a(isatty.o)
                                         0x24 (size before relaxing)
 .stab          0x0000000000000054       0x18 c:/mounriver/mounriver_studio/toolchain/risc-v embedded gcc/bin/../lib/gcc/riscv-none-embed/8.2.0/../../../../riscv-none-embed/lib/rv32imacxw/ilp32\libnosys.a(lseek.o)
                                         0x24 (size before relaxing)
 .stab          0x000000000000006c       0x18 c:/mounriver/mounriver_studio/toolchain/risc-v embedded gcc/bin/../lib/gcc/riscv-none-embed/8.2.0/../../../../riscv-none-embed/lib/rv32imacxw/ilp32\libnosys.a(read.o)
                                         0x24 (size before relaxing)

.stabstr        0x0000000000000000      0x117
 .stabstr       0x0000000000000000      0x117 c:/mounriver/mounriver_studio/toolchain/risc-v embedded gcc/bin/../lib/gcc/riscv-none-embed/8.2.0/../../../../riscv-none-embed/lib/rv32imacxw/ilp32\libnosys.a(close.o)
